2026-06-02 00:12:35,923 INFO o.a.j.u.JMeterUtils: Setting Locale to zh_CN
2026-06-02 00:12:35,974 INFO o.a.j.JMeter: Loading user properties from: /Users/miaoqi/Tools/apache-jmeter-5.6.3/bin/user.properties
2026-06-02 00:12:35,975 INFO o.a.j.JMeter: Loading system properties from: /Users/miaoqi/Tools/apache-jmeter-5.6.3/bin/system.properties
2026-06-02 00:12:35,991 INFO o.a.j.JMeter: Copyright (c) 1998-2024 The Apache Software Foundation
2026-06-02 00:12:35,991 INFO o.a.j.JMeter: Version 5.6.3
2026-06-02 00:12:35,991 INFO o.a.j.JMeter: java.version=17.0.19
2026-06-02 00:12:35,991 INFO o.a.j.JMeter: java.vm.name=OpenJDK 64-Bit Server VM
2026-06-02 00:12:35,991 INFO o.a.j.JMeter: os.name=Mac OS X
2026-06-02 00:12:35,991 INFO o.a.j.JMeter: os.arch=x86_64
2026-06-02 00:12:35,991 INFO o.a.j.JMeter: os.version=26.3.2
2026-06-02 00:12:35,991 INFO o.a.j.JMeter: file.encoding=UTF-8
2026-06-02 00:12:35,992 INFO o.a.j.JMeter: java.awt.headless=null
2026-06-02 00:12:35,992 INFO o.a.j.JMeter: Max memory     =1073741824
2026-06-02 00:12:35,992 INFO o.a.j.JMeter: Available Processors =10
2026-06-02 00:12:36,001 INFO o.a.j.JMeter: Default Locale=English (EN)
2026-06-02 00:12:36,001 INFO o.a.j.JMeter: JMeter  Locale=Chinese (China)
2026-06-02 00:12:36,001 INFO o.a.j.JMeter: JMeterHome=/Users/miaoqi/Tools/apache-jmeter-5.6.3
2026-06-02 00:12:36,001 INFO o.a.j.JMeter: user.dir  =/Users/miaoqi/Desktop/test_dev_projects
2026-06-02 00:12:36,001 INFO o.a.j.JMeter: PWD       =/Users/miaoqi/Desktop/test_dev_projects
2026-06-02 00:12:59,098 INFO o.a.j.JMeter: IP: 172.20.10.3 Name: miaoqideMacBook-Air.local FullName: 172.20.10.3
2026-06-02 00:12:59,122 INFO o.a.j.JMeter: Loaded icon properties from org/apache/jmeter/images/icon.properties
2026-06-02 00:13:00,825 INFO o.a.j.JMeterGuiLauncher: Setting LAF to: com.github.weisj.darklaf.DarkLaf:com.github.weisj.darklaf.theme.DarculaTheme
2026-06-02 00:13:03,456 INFO o.a.j.r.ClassFinder: Will scan jar /Users/miaoqi/Tools/apache-jmeter-5.6.3/lib/ext/jmeter-plugins-casutg-3.1.1.jar with filter ExtendsClassFilter [parents=[interface org.apache.jmeter.gui.action.Command], inner=false, contains=null, notContains=null]. Consider exposing JMeter plugins via META-INF/services, and add JMeter-Skip-Class-Scanning=true manifest attribute so JMeter can skip classfile scanning
2026-06-02 00:13:03,471 INFO o.a.j.r.ClassFinder: Will scan jar /Users/miaoqi/Tools/apache-jmeter-5.6.3/lib/ext/jmeter-plugins-manager.jar with filter ExtendsClassFilter [parents=[interface org.apache.jmeter.gui.action.Command], inner=false, contains=null, notContains=null]. Consider exposing JMeter plugins via META-INF/services, and add JMeter-Skip-Class-Scanning=true manifest attribute so JMeter can skip classfile scanning
2026-06-02 00:13:03,563 INFO o.a.j.r.ClassFinder: Will scan jar /Users/miaoqi/Tools/apache-jmeter-5.6.3/lib/ext/jmeter-plugins-tst-2.6.jar with filter ExtendsClassFilter [parents=[interface org.apache.jmeter.gui.action.Command], inner=false, contains=null, notContains=null]. Consider exposing JMeter plugins via META-INF/services, and add JMeter-Skip-Class-Scanning=true manifest attribute so JMeter can skip classfile scanning
2026-06-02 00:13:03,567 INFO o.a.j.r.ClassFinder: Will scan jar /Users/miaoqi/Tools/apache-jmeter-5.6.3/lib/ext/jmeter-plugins-dummy-0.4.jar with filter ExtendsClassFilter [parents=[interface org.apache.jmeter.gui.action.Command], inner=false, contains=null, notContains=null]. Consider exposing JMeter plugins via META-INF/services, and add JMeter-Skip-Class-Scanning=true manifest attribute so JMeter can skip classfile scanning
2026-06-02 00:13:03,573 INFO o.a.j.r.ClassFinder: Will scan jar /Users/miaoqi/Tools/apache-jmeter-5.6.3/lib/ext/jmeter-plugins-json-2.7.jar with filter ExtendsClassFilter [parents=[interface org.apache.jmeter.gui.action.Command], inner=false, contains=null, notContains=null]. Consider exposing JMeter plugins via META-INF/services, and add JMeter-Skip-Class-Scanning=true manifest attribute so JMeter can skip classfile scanning
2026-06-02 00:13:03,575 INFO o.a.j.r.ClassFinder: Will scan jar /Users/miaoqi/Tools/apache-jmeter-5.6.3/lib/ext/jmeter-plugins-graphs-basic-2.0.jar with filter ExtendsClassFilter [parents=[interface org.apache.jmeter.gui.action.Command], inner=false, contains=null, notContains=null]. Consider exposing JMeter plugins via META-INF/services, and add JMeter-Skip-Class-Scanning=true manifest attribute so JMeter can skip classfile scanning
2026-06-02 00:13:03,579 INFO o.a.j.r.ClassFinder: Will scan jar /Users/miaoqi/Tools/apache-jmeter-5.6.3/lib/ext/jmeter-plugins-ffw-2.0.jar with filter ExtendsClassFilter [parents=[interface org.apache.jmeter.gui.action.Command], inner=false, contains=null, notContains=null]. Consider exposing JMeter plugins via META-INF/services, and add JMeter-Skip-Class-Scanning=true manifest attribute so JMeter can skip classfile scanning
2026-06-02 00:13:03,580 INFO o.a.j.r.ClassFinder: Will scan jar /Users/miaoqi/Tools/apache-jmeter-5.6.3/lib/ext/jmeter-plugins-perfmon-2.1.jar with filter ExtendsClassFilter [parents=[interface org.apache.jmeter.gui.action.Command], inner=false, contains=null, notContains=null]. Consider exposing JMeter plugins via META-INF/services, and add JMeter-Skip-Class-Scanning=true manifest attribute so JMeter can skip classfile scanning
2026-06-02 00:13:03,758 INFO o.a.j.r.ClassFinder: Will scan jar /Users/miaoqi/Tools/apache-jmeter-5.6.3/lib/ext/jmeter-plugins-casutg-3.1.1.jar with filter ExtendsClassFilter [parents=[interface org.apache.jmeter.gui.plugin.MenuCreator], inner=false, contains=null, notContains=null]. Consider exposing JMeter plugins via META-INF/services, and add JMeter-Skip-Class-Scanning=true manifest attribute so JMeter can skip classfile scanning
2026-06-02 00:13:03,758 INFO o.a.j.r.ClassFinder: Will scan jar /Users/miaoqi/Tools/apache-jmeter-5.6.3/lib/ext/jmeter-plugins-manager.jar with filter ExtendsClassFilter [parents=[interface org.apache.jmeter.gui.plugin.MenuCreator], inner=false, contains=null, notContains=null]. Consider exposing JMeter plugins via META-INF/services, and add JMeter-Skip-Class-Scanning=true manifest attribute so JMeter can skip classfile scanning
2026-06-02 00:13:03,761 INFO o.a.j.r.ClassFinder: Will scan jar /Users/miaoqi/Tools/apache-jmeter-5.6.3/lib/ext/jmeter-plugins-tst-2.6.jar with filter ExtendsClassFilter [parents=[interface org.apache.jmeter.gui.plugin.MenuCreator], inner=false, contains=null, notContains=null]. Consider exposing JMeter plugins via META-INF/services, and add JMeter-Skip-Class-Scanning=true manifest attribute so JMeter can skip classfile scanning
2026-06-02 00:13:03,763 INFO o.a.j.r.ClassFinder: Will scan jar /Users/miaoqi/Tools/apache-jmeter-5.6.3/lib/ext/jmeter-plugins-dummy-0.4.jar with filter ExtendsClassFilter [parents=[interface org.apache.jmeter.gui.plugin.MenuCreator], inner=false, contains=null, notContains=null]. Consider exposing JMeter plugins via META-INF/services, and add JMeter-Skip-Class-Scanning=true manifest attribute so JMeter can skip classfile scanning
2026-06-02 00:13:03,763 INFO o.a.j.r.ClassFinder: Will scan jar /Users/miaoqi/Tools/apache-jmeter-5.6.3/lib/ext/jmeter-plugins-json-2.7.jar with filter ExtendsClassFilter [parents=[interface org.apache.jmeter.gui.plugin.MenuCreator], inner=false, contains=null, notContains=null]. Consider exposing JMeter plugins via META-INF/services, and add JMeter-Skip-Class-Scanning=true manifest attribute so JMeter can skip classfile scanning
2026-06-02 00:13:03,763 INFO o.a.j.r.ClassFinder: Will scan jar /Users/miaoqi/Tools/apache-jmeter-5.6.3/lib/ext/jmeter-plugins-graphs-basic-2.0.jar with filter ExtendsClassFilter [parents=[interface org.apache.jmeter.gui.plugin.MenuCreator], inner=false, contains=null, notContains=null]. Consider exposing JMeter plugins via META-INF/services, and add JMeter-Skip-Class-Scanning=true manifest attribute so JMeter can skip classfile scanning
2026-06-02 00:13:03,765 INFO o.a.j.r.ClassFinder: Will scan jar /Users/miaoqi/Tools/apache-jmeter-5.6.3/lib/ext/jmeter-plugins-ffw-2.0.jar with filter ExtendsClassFilter [parents=[interface org.apache.jmeter.gui.plugin.MenuCreator], inner=false, contains=null, notContains=null]. Consider exposing JMeter plugins via META-INF/services, and add JMeter-Skip-Class-Scanning=true manifest attribute so JMeter can skip classfile scanning
2026-06-02 00:13:03,765 INFO o.a.j.r.ClassFinder: Will scan jar /Users/miaoqi/Tools/apache-jmeter-5.6.3/lib/ext/jmeter-plugins-perfmon-2.1.jar with filter ExtendsClassFilter [parents=[interface org.apache.jmeter.gui.plugin.MenuCreator], inner=false, contains=null, notContains=null]. Consider exposing JMeter plugins via META-INF/services, and add JMeter-Skip-Class-Scanning=true manifest attribute so JMeter can skip classfile scanning
2026-06-02 00:13:03,882 INFO o.j.r.JARSourceHTTP: Using proxy 127.0.0.1:1082
2026-06-02 00:13:03,887 INFO o.j.r.JARSourceHTTP: Using proxy 127.0.0.1:1082
2026-06-02 00:13:03,940 INFO o.j.r.JARSourceHTTP: Requesting https://jmeter-plugins.org/repo/?installID=mac_os_x-fee6d09fc241f5b3b08185e11cf62b40-gui
2026-06-02 00:13:17,067 INFO o.j.r.JARSourceHTTP: Using proxy 127.0.0.1:1082
2026-06-02 00:13:17,073 INFO o.j.r.PluginManager: Plugins Status: [jpgc-graphs-basic=2.0, jpgc-casutg=3.1.1, jpgc-dummy=0.4, jpgc-ffw=2.0, jpgc-json=2.7, jpgc-perfmon=2.1, jpgc-plugins-manager=plugins-manager, jpgc-tst=2.6, jmeter-core=5.6.3, jmeter-ftp=5.6.3, jmeter-http=5.6.3, jmeter-jdbc=5.6.3, jmeter-jms=5.6.3, jmeter-junit=5.6.3, jmeter-java=5.6.3, jmeter-ldap=5.6.3, jmeter-mail=5.6.3, jmeter-mongodb=5.6.3, jmeter-native=5.6.3, jmeter-tcp=5.6.3, jmeter-components=5.6.3]
2026-06-02 00:15:17,181 INFO o.a.j.s.FileServer: Default base='/Users/miaoqi/Desktop/test_dev_projects'
2026-06-02 00:15:17,183 INFO o.a.j.g.a.Load: Loading file: /Users/miaoqi/Desktop/test_dev_projects/performance/scripts/login_performance_test.jmx
2026-06-02 00:15:17,184 INFO o.a.j.s.FileServer: Set new base='/Users/miaoqi/Desktop/test_dev_projects/performance/scripts'
2026-06-02 00:15:17,383 INFO o.a.j.s.SaveService: Testplan (JMX) version: 2.2. Testlog (JTL) version: 2.2
2026-06-02 00:15:17,394 INFO o.a.j.s.SaveService: Using SaveService properties version 5.0
2026-06-02 00:15:17,397 INFO o.a.j.s.SaveService: Using SaveService properties file encoding UTF-8
2026-06-02 00:15:17,397 INFO o.a.j.s.SaveService: Loading file: /Users/miaoqi/Desktop/test_dev_projects/performance/scripts/login_performance_test.jmx
2026-06-02 00:15:17,527 INFO o.a.j.p.h.c.CookieManager: Settings: Delete null: true Check: true Allow variable: true Save: false Prefix: COOKIE_
2026-06-02 00:15:17,531 INFO o.a.j.p.h.s.HTTPSamplerBase: Parser for text/html is org.apache.jmeter.protocol.http.parser.LagartoBasedHtmlParser
2026-06-02 00:15:17,531 INFO o.a.j.p.h.s.HTTPSamplerBase: Parser for application/xhtml+xml is org.apache.jmeter.protocol.http.parser.LagartoBasedHtmlParser
2026-06-02 00:15:17,531 INFO o.a.j.p.h.s.HTTPSamplerBase: Parser for application/xml is org.apache.jmeter.protocol.http.parser.LagartoBasedHtmlParser
2026-06-02 00:15:17,531 INFO o.a.j.p.h.s.HTTPSamplerBase: Parser for text/xml is org.apache.jmeter.protocol.http.parser.LagartoBasedHtmlParser
2026-06-02 00:15:17,531 INFO o.a.j.p.h.s.HTTPSamplerBase: Parser for text/vnd.wap.wml is org.apache.jmeter.protocol.http.parser.RegexpHTMLParser
2026-06-02 00:15:17,531 INFO o.a.j.p.h.s.HTTPSamplerBase: Parser for text/css is org.apache.jmeter.protocol.http.parser.CssParser
2026-06-02 00:15:18,307 INFO o.a.j.s.SampleResult: Note: Sample TimeStamps are START times
2026-06-02 00:15:18,307 INFO o.a.j.s.SampleResult: sampleresult.default.encoding is set to UTF-8
2026-06-02 00:15:18,307 INFO o.a.j.s.SampleResult: sampleresult.useNanoTime=true
2026-06-02 00:15:18,307 INFO o.a.j.s.SampleResult: sampleresult.nanoThreadSleep=5000
2026-06-02 00:15:18,376 INFO o.a.j.r.ClassFinder: Will scan jar /Users/miaoqi/Tools/apache-jmeter-5.6.3/lib/ext/jmeter-plugins-casutg-3.1.1.jar with filter ExtendsClassFilter [parents=[interface org.apache.jmeter.visualizers.ResultRenderer], inner=false, contains=null, notContains=null]. Consider exposing JMeter plugins via META-INF/services, and add JMeter-Skip-Class-Scanning=true manifest attribute so JMeter can skip classfile scanning
2026-06-02 00:15:18,378 INFO o.a.j.r.ClassFinder: Will scan jar /Users/miaoqi/Tools/apache-jmeter-5.6.3/lib/ext/jmeter-plugins-manager.jar with filter ExtendsClassFilter [parents=[interface org.apache.jmeter.visualizers.ResultRenderer], inner=false, contains=null, notContains=null]. Consider exposing JMeter plugins via META-INF/services, and add JMeter-Skip-Class-Scanning=true manifest attribute so JMeter can skip classfile scanning
2026-06-02 00:15:18,381 INFO o.a.j.r.ClassFinder: Will scan jar /Users/miaoqi/Tools/apache-jmeter-5.6.3/lib/ext/jmeter-plugins-tst-2.6.jar with filter ExtendsClassFilter [parents=[interface org.apache.jmeter.visualizers.ResultRenderer], inner=false, contains=null, notContains=null]. Consider exposing JMeter plugins via META-INF/services, and add JMeter-Skip-Class-Scanning=true manifest attribute so JMeter can skip classfile scanning
2026-06-02 00:15:18,382 INFO o.a.j.r.ClassFinder: Will scan jar /Users/miaoqi/Tools/apache-jmeter-5.6.3/lib/ext/jmeter-plugins-dummy-0.4.jar with filter ExtendsClassFilter [parents=[interface org.apache.jmeter.visualizers.ResultRenderer], inner=false, contains=null, notContains=null]. Consider exposing JMeter plugins via META-INF/services, and add JMeter-Skip-Class-Scanning=true manifest attribute so JMeter can skip classfile scanning
2026-06-02 00:15:18,382 INFO o.a.j.r.ClassFinder: Will scan jar /Users/miaoqi/Tools/apache-jmeter-5.6.3/lib/ext/jmeter-plugins-json-2.7.jar with filter ExtendsClassFilter [parents=[interface org.apache.jmeter.visualizers.ResultRenderer], inner=false, contains=null, notContains=null]. Consider exposing JMeter plugins via META-INF/services, and add JMeter-Skip-Class-Scanning=true manifest attribute so JMeter can skip classfile scanning
2026-06-02 00:15:18,383 INFO o.a.j.r.ClassFinder: Will scan jar /Users/miaoqi/Tools/apache-jmeter-5.6.3/lib/ext/jmeter-plugins-graphs-basic-2.0.jar with filter ExtendsClassFilter [parents=[interface org.apache.jmeter.visualizers.ResultRenderer], inner=false, contains=null, notContains=null]. Consider exposing JMeter plugins via META-INF/services, and add JMeter-Skip-Class-Scanning=true manifest attribute so JMeter can skip classfile scanning
2026-06-02 00:15:18,383 INFO o.a.j.r.ClassFinder: Will scan jar /Users/miaoqi/Tools/apache-jmeter-5.6.3/lib/ext/jmeter-plugins-ffw-2.0.jar with filter ExtendsClassFilter [parents=[interface org.apache.jmeter.visualizers.ResultRenderer], inner=false, contains=null, notContains=null]. Consider exposing JMeter plugins via META-INF/services, and add JMeter-Skip-Class-Scanning=true manifest attribute so JMeter can skip classfile scanning
2026-06-02 00:15:18,384 INFO o.a.j.r.ClassFinder: Will scan jar /Users/miaoqi/Tools/apache-jmeter-5.6.3/lib/ext/jmeter-plugins-perfmon-2.1.jar with filter ExtendsClassFilter [parents=[interface org.apache.jmeter.visualizers.ResultRenderer], inner=false, contains=null, notContains=null]. Consider exposing JMeter plugins via META-INF/services, and add JMeter-Skip-Class-Scanning=true manifest attribute so JMeter can skip classfile scanning
2026-06-02 00:15:18,404 INFO o.a.j.r.ClassFinder: Will scan jar /Users/miaoqi/Tools/apache-jmeter-5.6.3/lib/ext/jmeter-plugins-casutg-3.1.1.jar with filter ExtendsClassFilter [parents=[interface org.apache.jmeter.visualizers.RequestView], inner=false, contains=null, notContains=null]. Consider exposing JMeter plugins via META-INF/services, and add JMeter-Skip-Class-Scanning=true manifest attribute so JMeter can skip classfile scanning
2026-06-02 00:15:18,405 INFO o.a.j.r.ClassFinder: Will scan jar /Users/miaoqi/Tools/apache-jmeter-5.6.3/lib/ext/jmeter-plugins-manager.jar with filter ExtendsClassFilter [parents=[interface org.apache.jmeter.visualizers.RequestView], inner=false, contains=null, notContains=null]. Consider exposing JMeter plugins via META-INF/services, and add JMeter-Skip-Class-Scanning=true manifest attribute so JMeter can skip classfile scanning
2026-06-02 00:15:18,406 INFO o.a.j.r.ClassFinder: Will scan jar /Users/miaoqi/Tools/apache-jmeter-5.6.3/lib/ext/jmeter-plugins-tst-2.6.jar with filter ExtendsClassFilter [parents=[interface org.apache.jmeter.visualizers.RequestView], inner=false, contains=null, notContains=null]. Consider exposing JMeter plugins via META-INF/services, and add JMeter-Skip-Class-Scanning=true manifest attribute so JMeter can skip classfile scanning
2026-06-02 00:15:18,407 INFO o.a.j.r.ClassFinder: Will scan jar /Users/miaoqi/Tools/apache-jmeter-5.6.3/lib/ext/jmeter-plugins-dummy-0.4.jar with filter ExtendsClassFilter [parents=[interface org.apache.jmeter.visualizers.RequestView], inner=false, contains=null, notContains=null]. Consider exposing JMeter plugins via META-INF/services, and add JMeter-Skip-Class-Scanning=true manifest attribute so JMeter can skip classfile scanning
2026-06-02 00:15:18,407 INFO o.a.j.r.ClassFinder: Will scan jar /Users/miaoqi/Tools/apache-jmeter-5.6.3/lib/ext/jmeter-plugins-json-2.7.jar with filter ExtendsClassFilter [parents=[interface org.apache.jmeter.visualizers.RequestView], inner=false, contains=null, notContains=null]. Consider exposing JMeter plugins via META-INF/services, and add JMeter-Skip-Class-Scanning=true manifest attribute so JMeter can skip classfile scanning
2026-06-02 00:15:18,407 INFO o.a.j.r.ClassFinder: Will scan jar /Users/miaoqi/Tools/apache-jmeter-5.6.3/lib/ext/jmeter-plugins-graphs-basic-2.0.jar with filter ExtendsClassFilter [parents=[interface org.apache.jmeter.visualizers.RequestView], inner=false, contains=null, notContains=null]. Consider exposing JMeter plugins via META-INF/services, and add JMeter-Skip-Class-Scanning=true manifest attribute so JMeter can skip classfile scanning
2026-06-02 00:15:18,408 INFO o.a.j.r.ClassFinder: Will scan jar /Users/miaoqi/Tools/apache-jmeter-5.6.3/lib/ext/jmeter-plugins-ffw-2.0.jar with filter ExtendsClassFilter [parents=[interface org.apache.jmeter.visualizers.RequestView], inner=false, contains=null, notContains=null]. Consider exposing JMeter plugins via META-INF/services, and add JMeter-Skip-Class-Scanning=true manifest attribute so JMeter can skip classfile scanning
2026-06-02 00:15:18,408 INFO o.a.j.r.ClassFinder: Will scan jar /Users/miaoqi/Tools/apache-jmeter-5.6.3/lib/ext/jmeter-plugins-perfmon-2.1.jar with filter ExtendsClassFilter [parents=[interface org.apache.jmeter.visualizers.RequestView], inner=false, contains=null, notContains=null]. Consider exposing JMeter plugins via META-INF/services, and add JMeter-Skip-Class-Scanning=true manifest attribute so JMeter can skip classfile scanning
2026-06-02 00:15:18,485 INFO o.a.j.s.FileServer: Set new base='/Users/miaoqi/Desktop/test_dev_projects/performance/scripts'
2026-06-02 00:15:39,867 INFO o.a.j.e.StandardJMeterEngine: Running the test!
2026-06-02 00:15:39,879 INFO o.a.j.s.SampleEvent: List of sample_variables: []
2026-06-02 00:15:39,880 INFO o.a.j.s.SampleEvent: List of sample_variables: []
2026-06-02 00:15:39,881 INFO o.a.j.e.u.CompoundVariable: Note: Function class names must contain the string: '.functions.'
2026-06-02 00:15:39,881 INFO o.a.j.e.u.CompoundVariable: Note: Function class names must not contain the string: '.gui.'
2026-06-02 00:15:39,949 INFO o.a.j.r.ClassFinder: Will scan jar /Users/miaoqi/Tools/apache-jmeter-5.6.3/lib/ext/jmeter-plugins-casutg-3.1.1.jar with filter ExtendsClassFilter [parents=[interface org.apache.jmeter.functions.Function], inner=false, contains=null, notContains=null]. Consider exposing JMeter plugins via META-INF/services, and add JMeter-Skip-Class-Scanning=true manifest attribute so JMeter can skip classfile scanning
2026-06-02 00:15:39,951 INFO o.a.j.r.ClassFinder: Will scan jar /Users/miaoqi/Tools/apache-jmeter-5.6.3/lib/ext/jmeter-plugins-manager.jar with filter ExtendsClassFilter [parents=[interface org.apache.jmeter.functions.Function], inner=false, contains=null, notContains=null]. Consider exposing JMeter plugins via META-INF/services, and add JMeter-Skip-Class-Scanning=true manifest attribute so JMeter can skip classfile scanning
2026-06-02 00:15:39,955 INFO o.a.j.r.ClassFinder: Will scan jar /Users/miaoqi/Tools/apache-jmeter-5.6.3/lib/ext/jmeter-plugins-tst-2.6.jar with filter ExtendsClassFilter [parents=[interface org.apache.jmeter.functions.Function], inner=false, contains=null, notContains=null]. Consider exposing JMeter plugins via META-INF/services, and add JMeter-Skip-Class-Scanning=true manifest attribute so JMeter can skip classfile scanning
2026-06-02 00:15:39,958 INFO o.a.j.r.ClassFinder: Will scan jar /Users/miaoqi/Tools/apache-jmeter-5.6.3/lib/ext/jmeter-plugins-dummy-0.4.jar with filter ExtendsClassFilter [parents=[interface org.apache.jmeter.functions.Function], inner=false, contains=null, notContains=null]. Consider exposing JMeter plugins via META-INF/services, and add JMeter-Skip-Class-Scanning=true manifest attribute so JMeter can skip classfile scanning
2026-06-02 00:15:39,959 INFO o.a.j.r.ClassFinder: Will scan jar /Users/miaoqi/Tools/apache-jmeter-5.6.3/lib/ext/jmeter-plugins-json-2.7.jar with filter ExtendsClassFilter [parents=[interface org.apache.jmeter.functions.Function], inner=false, contains=null, notContains=null]. Consider exposing JMeter plugins via META-INF/services, and add JMeter-Skip-Class-Scanning=true manifest attribute so JMeter can skip classfile scanning
2026-06-02 00:15:39,960 INFO o.a.j.r.ClassFinder: Will scan jar /Users/miaoqi/Tools/apache-jmeter-5.6.3/lib/ext/jmeter-plugins-graphs-basic-2.0.jar with filter ExtendsClassFilter [parents=[interface org.apache.jmeter.functions.Function], inner=false, contains=null, notContains=null]. Consider exposing JMeter plugins via META-INF/services, and add JMeter-Skip-Class-Scanning=true manifest attribute so JMeter can skip classfile scanning
2026-06-02 00:15:39,961 INFO o.a.j.r.ClassFinder: Will scan jar /Users/miaoqi/Tools/apache-jmeter-5.6.3/lib/ext/jmeter-plugins-ffw-2.0.jar with filter ExtendsClassFilter [parents=[interface org.apache.jmeter.functions.Function], inner=false, contains=null, notContains=null]. Consider exposing JMeter plugins via META-INF/services, and add JMeter-Skip-Class-Scanning=true manifest attribute so JMeter can skip classfile scanning
2026-06-02 00:15:39,961 INFO o.a.j.r.ClassFinder: Will scan jar /Users/miaoqi/Tools/apache-jmeter-5.6.3/lib/ext/jmeter-plugins-perfmon-2.1.jar with filter ExtendsClassFilter [parents=[interface org.apache.jmeter.functions.Function], inner=false, contains=null, notContains=null]. Consider exposing JMeter plugins via META-INF/services, and add JMeter-Skip-Class-Scanning=true manifest attribute so JMeter can skip classfile scanning
2026-06-02 00:15:39,975 INFO o.a.j.g.u.JMeterMenuBar: setRunning(true, *local*)
2026-06-02 00:15:40,111 INFO o.a.j.e.StandardJMeterEngine: Starting ThreadGroup: 1 : 登录流程线程组
2026-06-02 00:15:40,117 INFO o.a.j.e.StandardJMeterEngine: Starting 1 threads for group 登录流程线程组.
2026-06-02 00:15:40,117 INFO o.a.j.e.StandardJMeterEngine: Thread will continue on error
2026-06-02 00:15:40,118 INFO o.a.j.t.ThreadGroup: Starting thread group... number=1 threads=1 ramp-up=0 delayedStart=false
2026-06-02 00:15:40,146 INFO o.a.j.t.ThreadGroup: Started thread group number 1
2026-06-02 00:15:40,147 INFO o.a.j.e.StandardJMeterEngine: All thread groups have been started
2026-06-02 00:15:40,155 INFO o.a.j.t.JMeterThread: Thread started: 登录流程线程组 1-1
2026-06-02 00:15:40,188 INFO o.a.j.p.h.s.HTTPHCAbstractImpl: Local host = miaoqideMacBook-Air.local
2026-06-02 00:15:40,200 INFO o.a.j.p.h.s.HTTPHC4Impl: HTTP request retry count = 0
2026-06-02 00:15:54,303 INFO o.a.j.r.ClassFinder: Will scan jar /Users/miaoqi/Tools/apache-jmeter-5.6.3/lib/ext/jmeter-plugins-casutg-3.1.1.jar with filter ExtendsClassFilter [parents=[interface org.apache.jmeter.visualizers.RequestView], inner=false, contains=null, notContains=null]. Consider exposing JMeter plugins via META-INF/services, and add JMeter-Skip-Class-Scanning=true manifest attribute so JMeter can skip classfile scanning
2026-06-02 00:15:54,306 INFO o.a.j.r.ClassFinder: Will scan jar /Users/miaoqi/Tools/apache-jmeter-5.6.3/lib/ext/jmeter-plugins-manager.jar with filter ExtendsClassFilter [parents=[interface org.apache.jmeter.visualizers.RequestView], inner=false, contains=null, notContains=null]. Consider exposing JMeter plugins via META-INF/services, and add JMeter-Skip-Class-Scanning=true manifest attribute so JMeter can skip classfile scanning
2026-06-02 00:15:54,310 INFO o.a.j.r.ClassFinder: Will scan jar /Users/miaoqi/Tools/apache-jmeter-5.6.3/lib/ext/jmeter-plugins-tst-2.6.jar with filter ExtendsClassFilter [parents=[interface org.apache.jmeter.visualizers.RequestView], inner=false, contains=null, notContains=null]. Consider exposing JMeter plugins via META-INF/services, and add JMeter-Skip-Class-Scanning=true manifest attribute so JMeter can skip classfile scanning
2026-06-02 00:15:54,311 INFO o.a.j.r.ClassFinder: Will scan jar /Users/miaoqi/Tools/apache-jmeter-5.6.3/lib/ext/jmeter-plugins-dummy-0.4.jar with filter ExtendsClassFilter [parents=[interface org.apache.jmeter.visualizers.RequestView], inner=false, contains=null, notContains=null]. Consider exposing JMeter plugins via META-INF/services, and add JMeter-Skip-Class-Scanning=true manifest attribute so JMeter can skip classfile scanning
2026-06-02 00:15:54,312 INFO o.a.j.r.ClassFinder: Will scan jar /Users/miaoqi/Tools/apache-jmeter-5.6.3/lib/ext/jmeter-plugins-json-2.7.jar with filter ExtendsClassFilter [parents=[interface org.apache.jmeter.visualizers.RequestView], inner=false, contains=null, notContains=null]. Consider exposing JMeter plugins via META-INF/services, and add JMeter-Skip-Class-Scanning=true manifest attribute so JMeter can skip classfile scanning
2026-06-02 00:15:54,312 INFO o.a.j.r.ClassFinder: Will scan jar /Users/miaoqi/Tools/apache-jmeter-5.6.3/lib/ext/jmeter-plugins-graphs-basic-2.0.jar with filter ExtendsClassFilter [parents=[interface org.apache.jmeter.visualizers.RequestView], inner=false, contains=null, notContains=null]. Consider exposing JMeter plugins via META-INF/services, and add JMeter-Skip-Class-Scanning=true manifest attribute so JMeter can skip classfile scanning
2026-06-02 00:15:54,313 INFO o.a.j.r.ClassFinder: Will scan jar /Users/miaoqi/Tools/apache-jmeter-5.6.3/lib/ext/jmeter-plugins-ffw-2.0.jar with filter ExtendsClassFilter [parents=[interface org.apache.jmeter.visualizers.RequestView], inner=false, contains=null, notContains=null]. Consider exposing JMeter plugins via META-INF/services, and add JMeter-Skip-Class-Scanning=true manifest attribute so JMeter can skip classfile scanning
2026-06-02 00:15:54,313 INFO o.a.j.r.ClassFinder: Will scan jar /Users/miaoqi/Tools/apache-jmeter-5.6.3/lib/ext/jmeter-plugins-perfmon-2.1.jar with filter ExtendsClassFilter [parents=[interface org.apache.jmeter.visualizers.RequestView], inner=false, contains=null, notContains=null]. Consider exposing JMeter plugins via META-INF/services, and add JMeter-Skip-Class-Scanning=true manifest attribute so JMeter can skip classfile scanning
2026-06-02 00:15:56,468 ERROR o.a.j.m.J.JSR223预处理器-RSA加密密码: 未能获取RSA公钥，请检查上一步请求
2026-06-02 00:15:56,476 ERROR o.a.j.m.JSR223PreProcessor: Problem in JSR223 script, JSR223预处理器-RSA加密密码
javax.script.ScriptException: java.lang.Exception: RSA公钥未获取到
	at org.codehaus.groovy.jsr223.GroovyScriptEngineImpl.eval(GroovyScriptEngineImpl.java:320) ~[groovy-jsr223-3.0.20.jar:3.0.20]
	at org.codehaus.groovy.jsr223.GroovyCompiledScript.eval(GroovyCompiledScript.java:71) ~[groovy-jsr223-3.0.20.jar:3.0.20]
	at java.scripting/javax.script.CompiledScript.eval(CompiledScript.java:93) ~[java.scripting:?]
	at org.apache.jmeter.util.JSR223TestElement.processFileOrScript(JSR223TestElement.java:230) ~[ApacheJMeter_core.jar:5.6.3]
	at org.apache.jmeter.modifiers.JSR223PreProcessor.process(JSR223PreProcessor.java:45) [ApacheJMeter_components.jar:5.6.3]
	at org.apache.jmeter.threads.JMeterThread.runPreProcessors(JMeterThread.java:983) [ApacheJMeter_core.jar:5.6.3]
	at org.apache.jmeter.threads.JMeterThread.executeSamplePackage(JMeterThread.java:561) [ApacheJMeter_core.jar:5.6.3]
	at org.apache.jmeter.threads.JMeterThread.processSampler(JMeterThread.java:501) [ApacheJMeter_core.jar:5.6.3]
	at org.apache.jmeter.threads.JMeterThread.run(JMeterThread.java:268) [ApacheJMeter_core.jar:5.6.3]
	at java.base/java.lang.Thread.run(Thread.java:840) [?:?]
Caused by: java.lang.Exception: RSA公钥未获取到
	at java.base/jdk.internal.reflect.NativeConstructorAccessorImpl.newInstance0(Native Method) ~[?:?]
	at java.base/jdk.internal.reflect.NativeConstructorAccessorImpl.newInstance(NativeConstructorAccessorImpl.java:77) ~[?:?]
	at java.base/jdk.internal.reflect.DelegatingConstructorAccessorImpl.newInstance(DelegatingConstructorAccessorImpl.java:45) ~[?:?]
	at java.base/java.lang.reflect.Constructor.newInstanceWithCaller(Constructor.java:500) ~[?:?]
	at java.base/java.lang.reflect.Constructor.newInstance(Constructor.java:481) ~[?:?]
	at org.codehaus.groovy.reflection.CachedConstructor.invoke(CachedConstructor.java:72) ~[groovy-3.0.20.jar:3.0.20]
	at org.codehaus.groovy.runtime.callsite.ConstructorSite$ConstructorSiteNoUnwrapNoCoerce.callConstructor(ConstructorSite.java:105) ~[groovy-3.0.20.jar:3.0.20]
	at org.codehaus.groovy.runtime.callsite.CallSiteArray.defaultCallConstructor(CallSiteArray.java:59) ~[groovy-3.0.20.jar:3.0.20]
	at org.codehaus.groovy.runtime.callsite.AbstractCallSite.callConstructor(AbstractCallSite.java:263) ~[groovy-3.0.20.jar:3.0.20]
	at org.codehaus.groovy.runtime.callsite.AbstractCallSite.callConstructor(AbstractCallSite.java:277) ~[groovy-3.0.20.jar:3.0.20]
	at Script1.run(Script1.groovy:11) ~[?:?]
	at org.codehaus.groovy.jsr223.GroovyScriptEngineImpl.eval(GroovyScriptEngineImpl.java:317) ~[groovy-jsr223-3.0.20.jar:3.0.20]
	... 9 more
2026-06-02 00:16:06,559 INFO o.a.j.t.JMeterThread: Thread is done: 登录流程线程组 1-1
2026-06-02 00:16:06,562 INFO o.a.j.t.JMeterThread: Thread finished: 登录流程线程组 1-1
2026-06-02 00:16:06,569 INFO o.a.j.e.StandardJMeterEngine: Notifying test listeners of end of test
2026-06-02 00:16:06,591 INFO o.a.j.g.u.JMeterMenuBar: setRunning(false, *local*)
2026-06-02 00:17:15,814 INFO o.a.j.e.StandardJMeterEngine: Running the test!
2026-06-02 00:17:15,820 INFO o.a.j.s.SampleEvent: List of sample_variables: []
2026-06-02 00:17:15,826 INFO o.a.j.g.u.JMeterMenuBar: setRunning(true, *local*)
2026-06-02 00:17:15,986 INFO o.a.j.e.StandardJMeterEngine: Starting ThreadGroup: 1 : 登录流程线程组
2026-06-02 00:17:15,991 INFO o.a.j.e.StandardJMeterEngine: Starting 1 threads for group 登录流程线程组.
2026-06-02 00:17:15,992 INFO o.a.j.e.StandardJMeterEngine: Thread will continue on error
2026-06-02 00:17:15,994 INFO o.a.j.t.ThreadGroup: Starting thread group... number=1 threads=1 ramp-up=0 delayedStart=false
2026-06-02 00:17:16,009 INFO o.a.j.t.ThreadGroup: Started thread group number 1
2026-06-02 00:17:16,009 INFO o.a.j.e.StandardJMeterEngine: All thread groups have been started
2026-06-02 00:17:16,011 INFO o.a.j.t.JMeterThread: Thread started: 登录流程线程组 1-1
2026-06-02 00:17:31,207 ERROR o.a.j.m.J.JSR223预处理器-RSA加密密码: 未能获取RSA公钥，请检查上一步请求
2026-06-02 00:17:31,208 ERROR o.a.j.m.JSR223PreProcessor: Problem in JSR223 script, JSR223预处理器-RSA加密密码
javax.script.ScriptException: java.lang.Exception: RSA公钥未获取到
	at org.codehaus.groovy.jsr223.GroovyScriptEngineImpl.eval(GroovyScriptEngineImpl.java:320) ~[groovy-jsr223-3.0.20.jar:3.0.20]
	at org.codehaus.groovy.jsr223.GroovyCompiledScript.eval(GroovyCompiledScript.java:71) ~[groovy-jsr223-3.0.20.jar:3.0.20]
	at java.scripting/javax.script.CompiledScript.eval(CompiledScript.java:93) ~[java.scripting:?]
	at org.apache.jmeter.util.JSR223TestElement.processFileOrScript(JSR223TestElement.java:230) ~[ApacheJMeter_core.jar:5.6.3]
	at org.apache.jmeter.modifiers.JSR223PreProcessor.process(JSR223PreProcessor.java:45) [ApacheJMeter_components.jar:5.6.3]
	at org.apache.jmeter.threads.JMeterThread.runPreProcessors(JMeterThread.java:983) [ApacheJMeter_core.jar:5.6.3]
	at org.apache.jmeter.threads.JMeterThread.executeSamplePackage(JMeterThread.java:561) [ApacheJMeter_core.jar:5.6.3]
	at org.apache.jmeter.threads.JMeterThread.processSampler(JMeterThread.java:501) [ApacheJMeter_core.jar:5.6.3]
	at org.apache.jmeter.threads.JMeterThread.run(JMeterThread.java:268) [ApacheJMeter_core.jar:5.6.3]
	at java.base/java.lang.Thread.run(Thread.java:840) [?:?]
Caused by: java.lang.Exception: RSA公钥未获取到
	at java.base/jdk.internal.reflect.NativeConstructorAccessorImpl.newInstance0(Native Method) ~[?:?]
	at java.base/jdk.internal.reflect.NativeConstructorAccessorImpl.newInstance(NativeConstructorAccessorImpl.java:77) ~[?:?]
	at java.base/jdk.internal.reflect.DelegatingConstructorAccessorImpl.newInstance(DelegatingConstructorAccessorImpl.java:45) ~[?:?]
	at java.base/java.lang.reflect.Constructor.newInstanceWithCaller(Constructor.java:500) ~[?:?]
	at java.base/java.lang.reflect.Constructor.newInstance(Constructor.java:481) ~[?:?]
	at org.codehaus.groovy.reflection.CachedConstructor.invoke(CachedConstructor.java:72) ~[groovy-3.0.20.jar:3.0.20]
	at org.codehaus.groovy.runtime.callsite.ConstructorSite$ConstructorSiteNoUnwrapNoCoerce.callConstructor(ConstructorSite.java:105) ~[groovy-3.0.20.jar:3.0.20]
	at org.codehaus.groovy.runtime.callsite.CallSiteArray.defaultCallConstructor(CallSiteArray.java:59) ~[groovy-3.0.20.jar:3.0.20]
	at org.codehaus.groovy.runtime.callsite.AbstractCallSite.callConstructor(AbstractCallSite.java:263) ~[groovy-3.0.20.jar:3.0.20]
	at org.codehaus.groovy.runtime.callsite.AbstractCallSite.callConstructor(AbstractCallSite.java:277) ~[groovy-3.0.20.jar:3.0.20]
	at Script2.run(Script2.groovy:11) ~[?:?]
	at org.codehaus.groovy.jsr223.GroovyScriptEngineImpl.eval(GroovyScriptEngineImpl.java:317) ~[groovy-jsr223-3.0.20.jar:3.0.20]
	... 9 more
2026-06-02 00:17:41,227 INFO o.a.j.t.JMeterThread: Thread is done: 登录流程线程组 1-1
2026-06-02 00:17:41,228 INFO o.a.j.t.JMeterThread: Thread finished: 登录流程线程组 1-1
2026-06-02 00:17:41,228 INFO o.a.j.e.StandardJMeterEngine: Notifying test listeners of end of test
2026-06-02 00:17:41,232 INFO o.a.j.g.u.JMeterMenuBar: setRunning(false, *local*)
