2026-06-07 18:22:14.696 | INFO     | ui_conftest | 测试环境 URL: http://192.168.64.7:8181
2026-06-07 18:22:14.697 | INFO     | smoke_conftest | [冒烟测试] 开始: test_pin_and_drag_dashboard
2026-06-07 18:22:14.697 | INFO     | ui_conftest | 初始化浏览器: type=chrome, headless=False
2026-06-07 18:22:15.373 | INFO     | ui_conftest | 浏览器已启动: chrome
2026-06-07 18:22:15.373 | INFO     | TosLoginPage | 打开 TOS 登录页面: http://192.168.64.7:8181
2026-06-07 18:22:15.373 | INFO     | BasePage | 打开页面: http://192.168.64.7:8181
2026-06-07 18:22:15.438 | INFO     | BasePage | 页面已打开: http://192.168.64.7:8181
2026-06-07 18:22:18.452 | DEBUG    | DataLoader | 加载 YAML 数据: /Users/miaoqi/Desktop/test_dev_projects/ui_automation/testcases/smoke/../../testdata/tos_login_data.yaml
2026-06-07 18:22:18.452 | INFO     | TosLoginPage | 执行登录: 用户=test, 保持登录=False
2026-06-07 18:22:18.452 | INFO     | TosLoginPage | 输入用户名: test
2026-06-07 18:22:18.452 | DEBUG    | BasePage | 等待元素可见: ('css selector', "input.Xinput-input__inner[placeholder='用户名']"), 超时: 15s
2026-06-07 18:22:19.406 | DEBUG    | BasePage | 元素已可见: ('css selector', "input.Xinput-input__inner[placeholder='用户名']")
2026-06-07 18:22:19.406 | INFO     | BasePage | 输入文本到元素: ('css selector', "input.Xinput-input__inner[placeholder='用户名']"), 内容: 'test'
2026-06-07 18:22:19.406 | DEBUG    | BasePage | 查找元素: ('css selector', "input.Xinput-input__inner[placeholder='用户名']"), 超时: 10s
2026-06-07 18:22:19.408 | DEBUG    | BasePage | 元素已找到: ('css selector', "input.Xinput-input__inner[placeholder='用户名']")
2026-06-07 18:22:19.421 | DEBUG    | BasePage | 已清空输入框
2026-06-07 18:22:19.499 | INFO     | BasePage | 文本输入成功: 'test'
2026-06-07 18:22:19.499 | INFO     | TosLoginPage | 点击下一步（第一步）
2026-06-07 18:22:19.500 | DEBUG    | BasePage | 查找元素: ('css selector', 'i.iconfont.iconright'), 超时: 10s
2026-06-07 18:22:19.516 | DEBUG    | BasePage | 元素已找到: ('css selector', 'i.iconfont.iconright')
2026-06-07 18:22:19.530 | DEBUG    | BasePage | 等待元素可见: ('css selector', "input.Xinput-input__inner[placeholder='密码']"), 超时: 10s
2026-06-07 18:22:19.538 | DEBUG    | BasePage | 元素已可见: ('css selector', "input.Xinput-input__inner[placeholder='密码']")
2026-06-07 18:22:19.538 | INFO     | TosLoginPage | 输入密码
2026-06-07 18:22:19.538 | DEBUG    | BasePage | 等待元素可见: ('css selector', "input.Xinput-input__inner[placeholder='密码']"), 超时: 10s
2026-06-07 18:22:19.549 | DEBUG    | BasePage | 元素已可见: ('css selector', "input.Xinput-input__inner[placeholder='密码']")
2026-06-07 18:22:19.549 | INFO     | BasePage | 输入文本到元素: ('css selector', "input.Xinput-input__inner[placeholder='密码']"), 内容: 'Admin123'
2026-06-07 18:22:19.549 | DEBUG    | BasePage | 查找元素: ('css selector', "input.Xinput-input__inner[placeholder='密码']"), 超时: 10s
2026-06-07 18:22:19.552 | DEBUG    | BasePage | 元素已找到: ('css selector', "input.Xinput-input__inner[placeholder='密码']")
2026-06-07 18:22:19.560 | DEBUG    | BasePage | 已清空输入框
2026-06-07 18:22:19.631 | INFO     | BasePage | 文本输入成功: 'Admin123'
2026-06-07 18:22:19.631 | INFO     | TosLoginPage | 取消勾选保持登录
2026-06-07 18:22:19.631 | DEBUG    | BasePage | 查找元素: ('css selector', 'input.input_check'), 超时: 5s
2026-06-07 18:22:19.635 | DEBUG    | BasePage | 元素已找到: ('css selector', 'input.input_check')
2026-06-07 18:22:19.646 | INFO     | TosLoginPage | 点击下一步（第二步/登录）
2026-06-07 18:22:19.646 | DEBUG    | BasePage | 查找元素: ('css selector', 'i.iconfont.iconright'), 超时: 10s
2026-06-07 18:22:19.652 | DEBUG    | BasePage | 元素已找到: ('css selector', 'i.iconfont.iconright')
2026-06-07 18:22:24.658 | INFO     | TosLoginPage | 验证登录是否成功...
2026-06-07 18:22:24.667 | INFO     | TosLoginPage | 登录成功：URL 已变为 http://192.168.64.7:8181/tos/#/desktop
2026-06-07 18:22:27.672 | INFO     | TosDashboardPage | 点击右侧栏打开系统看板
2026-06-07 18:22:27.672 | DEBUG    | BasePage | 查找元素: ('css selector', 'i.iconfont.icontosboard'), 超时: 10s
2026-06-07 18:22:27.681 | DEBUG    | BasePage | 元素已找到: ('css selector', 'i.iconfont.icontosboard')
2026-06-07 18:22:30.707 | DEBUG    | BasePage | 判断元素是否可见: ('css selector', 'div.user_name')
2026-06-07 18:22:30.718 | DEBUG    | BasePage | 元素可见: ('css selector', 'div.user_name')
2026-06-07 18:22:30.718 | INFO     | TosDashboardPage | 钉住系统看板
2026-06-07 18:22:30.719 | DEBUG    | BasePage | 查找元素: ('css selector', 'i.iconfont.iconPin'), 超时: 10s
2026-06-07 18:22:30.724 | DEBUG    | BasePage | 元素已找到: ('css selector', 'i.iconfont.iconPin')
2026-06-07 18:22:33.735 | INFO     | BasePage | 截图已保存: /Users/miaoqi/Desktop/test_dev_projects/ui_automation/evidence/after_pin_20260607_182233_019828.png
2026-06-07 18:22:33.735 | INFO     | TosDashboardPage | 拖动系统看板: offset_x=-200, offset_y=0
2026-06-07 18:22:33.735 | DEBUG    | BasePage | 查找元素: ('css selector', 'div.user_name'), 超时: 10s
2026-06-07 18:22:33.738 | DEBUG    | BasePage | 元素已找到: ('css selector', 'div.user_name')
2026-06-07 18:22:36.286 | INFO     | TosDashboardPage |   拖动前: (1045, 69) → 拖动后: (845, 69)
2026-06-07 18:22:37.195 | INFO     | BasePage | 截图已保存: /Users/miaoqi/Desktop/test_dev_projects/ui_automation/evidence/after_drag_20260607_182236_286614.png
2026-06-07 18:22:37.196 | INFO     | TestTosDashboard | TC_DASHBOARD_001 通过：钉住后拖动成功，位移dx=-200
2026-06-07 18:22:37.999 | INFO     | BasePage | 截图已保存: /Users/miaoqi/Desktop/test_dev_projects/ui_automation/evidence/dashboard_test_end_20260607_182237_198431.png
2026-06-07 18:22:38.102 | INFO     | ui_conftest | 浏览器已关闭
2026-06-07 18:22:38.102 | INFO     | smoke_conftest | [冒烟测试] 结束: test_pin_and_drag_dashboard
2026-06-07 18:22:38.553 | INFO     | smoke_conftest | [冒烟测试] 开始: test_unpin_and_hide_dashboard
2026-06-07 18:22:38.554 | INFO     | ui_conftest | 初始化浏览器: type=chrome, headless=False
2026-06-07 18:22:40.014 | INFO     | ui_conftest | 浏览器已启动: chrome
2026-06-07 18:22:40.017 | INFO     | TosLoginPage | 打开 TOS 登录页面: http://192.168.64.7:8181
2026-06-07 18:22:40.017 | INFO     | BasePage | 打开页面: http://192.168.64.7:8181
2026-06-07 18:22:40.068 | INFO     | BasePage | 页面已打开: http://192.168.64.7:8181
2026-06-07 18:22:43.079 | DEBUG    | DataLoader | 加载 YAML 数据: /Users/miaoqi/Desktop/test_dev_projects/ui_automation/testcases/smoke/../../testdata/tos_login_data.yaml
2026-06-07 18:22:43.080 | INFO     | TosLoginPage | 执行登录: 用户=test, 保持登录=False
2026-06-07 18:22:43.080 | INFO     | TosLoginPage | 输入用户名: test
2026-06-07 18:22:43.080 | DEBUG    | BasePage | 等待元素可见: ('css selector', "input.Xinput-input__inner[placeholder='用户名']"), 超时: 15s
2026-06-07 18:22:44.572 | DEBUG    | BasePage | 元素已可见: ('css selector', "input.Xinput-input__inner[placeholder='用户名']")
2026-06-07 18:22:44.572 | INFO     | BasePage | 输入文本到元素: ('css selector', "input.Xinput-input__inner[placeholder='用户名']"), 内容: 'test'
2026-06-07 18:22:44.572 | DEBUG    | BasePage | 查找元素: ('css selector', "input.Xinput-input__inner[placeholder='用户名']"), 超时: 10s
2026-06-07 18:22:44.576 | DEBUG    | BasePage | 元素已找到: ('css selector', "input.Xinput-input__inner[placeholder='用户名']")
2026-06-07 18:22:44.593 | DEBUG    | BasePage | 已清空输入框
2026-06-07 18:22:44.682 | INFO     | BasePage | 文本输入成功: 'test'
2026-06-07 18:22:44.683 | INFO     | TosLoginPage | 点击下一步（第一步）
2026-06-07 18:22:44.683 | DEBUG    | BasePage | 查找元素: ('css selector', 'i.iconfont.iconright'), 超时: 10s
2026-06-07 18:22:44.687 | DEBUG    | BasePage | 元素已找到: ('css selector', 'i.iconfont.iconright')
2026-06-07 18:22:44.741 | DEBUG    | BasePage | 等待元素可见: ('css selector', "input.Xinput-input__inner[placeholder='密码']"), 超时: 10s
2026-06-07 18:22:44.752 | DEBUG    | BasePage | 元素已可见: ('css selector', "input.Xinput-input__inner[placeholder='密码']")
2026-06-07 18:22:44.752 | INFO     | TosLoginPage | 输入密码
2026-06-07 18:22:44.752 | DEBUG    | BasePage | 等待元素可见: ('css selector', "input.Xinput-input__inner[placeholder='密码']"), 超时: 10s
2026-06-07 18:22:44.758 | DEBUG    | BasePage | 元素已可见: ('css selector', "input.Xinput-input__inner[placeholder='密码']")
2026-06-07 18:22:44.758 | INFO     | BasePage | 输入文本到元素: ('css selector', "input.Xinput-input__inner[placeholder='密码']"), 内容: 'Admin123'
2026-06-07 18:22:44.759 | DEBUG    | BasePage | 查找元素: ('css selector', "input.Xinput-input__inner[placeholder='密码']"), 超时: 10s
2026-06-07 18:22:44.762 | DEBUG    | BasePage | 元素已找到: ('css selector', "input.Xinput-input__inner[placeholder='密码']")
2026-06-07 18:22:44.771 | DEBUG    | BasePage | 已清空输入框
2026-06-07 18:22:44.847 | INFO     | BasePage | 文本输入成功: 'Admin123'
2026-06-07 18:22:44.847 | INFO     | TosLoginPage | 取消勾选保持登录
2026-06-07 18:22:44.847 | DEBUG    | BasePage | 查找元素: ('css selector', 'input.input_check'), 超时: 5s
2026-06-07 18:22:44.852 | DEBUG    | BasePage | 元素已找到: ('css selector', 'input.input_check')
2026-06-07 18:22:44.856 | INFO     | TosLoginPage | 点击下一步（第二步/登录）
2026-06-07 18:22:44.856 | DEBUG    | BasePage | 查找元素: ('css selector', 'i.iconfont.iconright'), 超时: 10s
2026-06-07 18:22:44.859 | DEBUG    | BasePage | 元素已找到: ('css selector', 'i.iconfont.iconright')
2026-06-07 18:22:49.867 | INFO     | TosLoginPage | 验证登录是否成功...
2026-06-07 18:22:49.875 | INFO     | TosLoginPage | 登录成功：URL 已变为 http://192.168.64.7:8181/tos/#/desktop
2026-06-07 18:22:52.877 | INFO     | TosDashboardPage | 点击右侧栏打开系统看板
2026-06-07 18:22:52.877 | DEBUG    | BasePage | 查找元素: ('css selector', 'i.iconfont.icontosboard'), 超时: 10s
2026-06-07 18:22:52.884 | DEBUG    | BasePage | 元素已找到: ('css selector', 'i.iconfont.icontosboard')
2026-06-07 18:22:55.909 | DEBUG    | BasePage | 判断元素是否可见: ('css selector', 'div.user_name')
2026-06-07 18:22:55.922 | DEBUG    | BasePage | 元素可见: ('css selector', 'div.user_name')
2026-06-07 18:22:55.922 | INFO     | TosDashboardPage | 钉住系统看板
2026-06-07 18:22:55.922 | DEBUG    | BasePage | 查找元素: ('css selector', 'i.iconfont.iconPin'), 超时: 10s
2026-06-07 18:22:55.926 | DEBUG    | BasePage | 元素已找到: ('css selector', 'i.iconfont.iconPin')
2026-06-07 18:22:58.196 | INFO     | TosDashboardPage | 取消钉住系统看板
2026-06-07 18:22:58.197 | DEBUG    | BasePage | 查找元素: ('css selector', 'i.iconfont.iconPin.fix-on'), 超时: 10s
2026-06-07 18:22:58.199 | DEBUG    | BasePage | 元素已找到: ('css selector', 'i.iconfont.iconPin.fix-on')
2026-06-07 18:23:11.369 | INFO     | BasePage | 截图已保存: /Users/miaoqi/Desktop/test_dev_projects/ui_automation/evidence/after_unpin_20260607_182310_497552.png
2026-06-07 18:23:11.370 | INFO     | TosDashboardPage | 点击桌面空白处隐藏看板
2026-06-07 18:23:11.370 | DEBUG    | BasePage | 查找元素: ('css selector', 'div.desktop_icons'), 超时: 10s
2026-06-07 18:23:11.377 | DEBUG    | BasePage | 元素已找到: ('css selector', 'div.desktop_icons')
2026-06-07 18:23:12.484 | ERROR    | conftest | 测试失败，截图已保存: /Users/miaoqi/Desktop/test_dev_projects/ui_automation/evidence/FAIL_test_unpin_and_hide_dashboard_20260607_182311.png
2026-06-07 18:23:13.290 | INFO     | BasePage | 截图已保存: /Users/miaoqi/Desktop/test_dev_projects/ui_automation/evidence/dashboard_test_end_20260607_182312_485171.png
2026-06-07 18:23:13.427 | INFO     | ui_conftest | 浏览器已关闭
2026-06-07 18:23:13.427 | INFO     | smoke_conftest | [冒烟测试] 结束: test_unpin_and_hide_dashboard
2026-06-07 18:28:27.881 | INFO     | ui_conftest | 测试环境 URL: http://192.168.64.7:8181
2026-06-07 18:28:27.881 | INFO     | smoke_conftest | [冒烟测试] 开始: test_pin_drag_unpin_hide_dashboard
2026-06-07 18:28:27.881 | INFO     | ui_conftest | 初始化浏览器: type=chrome, headless=False
2026-06-07 18:28:28.688 | INFO     | ui_conftest | 浏览器已启动: chrome
2026-06-07 18:28:28.689 | INFO     | TosLoginPage | 打开 TOS 登录页面: http://192.168.64.7:8181
2026-06-07 18:28:28.689 | INFO     | BasePage | 打开页面: http://192.168.64.7:8181
2026-06-07 18:28:28.717 | INFO     | BasePage | 页面已打开: http://192.168.64.7:8181
2026-06-07 18:28:31.723 | DEBUG    | DataLoader | 加载 YAML 数据: /Users/miaoqi/Desktop/test_dev_projects/ui_automation/testcases/smoke/../../testdata/tos_login_data.yaml
2026-06-07 18:28:31.723 | INFO     | TosLoginPage | 执行登录: 用户=test, 保持登录=False
2026-06-07 18:28:31.723 | INFO     | TosLoginPage | 输入用户名: test
2026-06-07 18:28:31.723 | DEBUG    | BasePage | 等待元素可见: ('css selector', "input.Xinput-input__inner[placeholder='用户名']"), 超时: 15s
2026-06-07 18:28:32.306 | DEBUG    | BasePage | 元素已可见: ('css selector', "input.Xinput-input__inner[placeholder='用户名']")
2026-06-07 18:28:32.306 | INFO     | BasePage | 输入文本到元素: ('css selector', "input.Xinput-input__inner[placeholder='用户名']"), 内容: 'test'
2026-06-07 18:28:32.306 | DEBUG    | BasePage | 查找元素: ('css selector', "input.Xinput-input__inner[placeholder='用户名']"), 超时: 10s
2026-06-07 18:28:32.310 | DEBUG    | BasePage | 元素已找到: ('css selector', "input.Xinput-input__inner[placeholder='用户名']")
2026-06-07 18:28:32.325 | DEBUG    | BasePage | 已清空输入框
2026-06-07 18:28:32.398 | INFO     | BasePage | 文本输入成功: 'test'
2026-06-07 18:28:32.398 | INFO     | TosLoginPage | 点击下一步（第一步）
2026-06-07 18:28:32.398 | DEBUG    | BasePage | 查找元素: ('css selector', 'i.iconfont.iconright'), 超时: 10s
2026-06-07 18:28:32.402 | DEBUG    | BasePage | 元素已找到: ('css selector', 'i.iconfont.iconright')
2026-06-07 18:28:32.420 | DEBUG    | BasePage | 等待元素可见: ('css selector', "input.Xinput-input__inner[placeholder='密码']"), 超时: 10s
2026-06-07 18:28:32.428 | DEBUG    | BasePage | 元素已可见: ('css selector', "input.Xinput-input__inner[placeholder='密码']")
2026-06-07 18:28:32.428 | INFO     | TosLoginPage | 输入密码
2026-06-07 18:28:32.428 | DEBUG    | BasePage | 等待元素可见: ('css selector', "input.Xinput-input__inner[placeholder='密码']"), 超时: 10s
2026-06-07 18:28:32.434 | DEBUG    | BasePage | 元素已可见: ('css selector', "input.Xinput-input__inner[placeholder='密码']")
2026-06-07 18:28:32.434 | INFO     | BasePage | 输入文本到元素: ('css selector', "input.Xinput-input__inner[placeholder='密码']"), 内容: 'Admin123'
2026-06-07 18:28:32.434 | DEBUG    | BasePage | 查找元素: ('css selector', "input.Xinput-input__inner[placeholder='密码']"), 超时: 10s
2026-06-07 18:28:32.437 | DEBUG    | BasePage | 元素已找到: ('css selector', "input.Xinput-input__inner[placeholder='密码']")
2026-06-07 18:28:32.443 | DEBUG    | BasePage | 已清空输入框
2026-06-07 18:28:32.493 | INFO     | BasePage | 文本输入成功: 'Admin123'
2026-06-07 18:28:32.493 | INFO     | TosLoginPage | 取消勾选保持登录
2026-06-07 18:28:32.493 | DEBUG    | BasePage | 查找元素: ('css selector', 'input.input_check'), 超时: 5s
2026-06-07 18:28:32.496 | DEBUG    | BasePage | 元素已找到: ('css selector', 'input.input_check')
2026-06-07 18:28:32.501 | INFO     | TosLoginPage | 点击下一步（第二步/登录）
2026-06-07 18:28:32.501 | DEBUG    | BasePage | 查找元素: ('css selector', 'i.iconfont.iconright'), 超时: 10s
2026-06-07 18:28:32.503 | DEBUG    | BasePage | 元素已找到: ('css selector', 'i.iconfont.iconright')
2026-06-07 18:28:37.510 | INFO     | TosLoginPage | 验证登录是否成功...
2026-06-07 18:28:37.516 | INFO     | TosLoginPage | 登录成功：URL 已变为 http://192.168.64.7:8181/tos/#/desktop
2026-06-07 18:28:40.521 | INFO     | TosDashboardPage | 点击右侧栏打开系统看板
2026-06-07 18:28:40.522 | DEBUG    | BasePage | 查找元素: ('css selector', 'i.iconfont.icontosboard'), 超时: 10s
2026-06-07 18:28:40.531 | DEBUG    | BasePage | 元素已找到: ('css selector', 'i.iconfont.icontosboard')
2026-06-07 18:28:43.568 | DEBUG    | BasePage | 判断元素是否可见: ('css selector', 'div.user_name')
2026-06-07 18:28:43.578 | DEBUG    | BasePage | 元素可见: ('css selector', 'div.user_name')
2026-06-07 18:28:43.578 | INFO     | TosDashboardPage | 钉住系统看板
2026-06-07 18:28:43.578 | DEBUG    | BasePage | 查找元素: ('css selector', 'i.iconfont.iconPin'), 超时: 10s
2026-06-07 18:28:43.583 | DEBUG    | BasePage | 元素已找到: ('css selector', 'i.iconfont.iconPin')
2026-06-07 18:28:46.486 | INFO     | BasePage | 截图已保存: /Users/miaoqi/Desktop/test_dev_projects/ui_automation/evidence/after_pin_20260607_182845_875069.png
2026-06-07 18:28:46.486 | INFO     | TosDashboardPage | 拖动系统看板: offset_x=-200, offset_y=0
2026-06-07 18:28:46.486 | DEBUG    | BasePage | 查找元素: ('css selector', 'div.user_name'), 超时: 10s
2026-06-07 18:28:46.489 | DEBUG    | BasePage | 元素已找到: ('css selector', 'div.user_name')
2026-06-07 18:28:49.053 | INFO     | TosDashboardPage |   拖动前: (1045, 69) → 拖动后: (982, 438)
2026-06-07 18:28:49.703 | INFO     | BasePage | 截图已保存: /Users/miaoqi/Desktop/test_dev_projects/ui_automation/evidence/after_drag_20260607_182849_053687.png
2026-06-07 18:28:49.703 | INFO     | TestTosDashboard | 钉住后拖动成功，位移dx=-63
2026-06-07 18:28:49.703 | INFO     | TosDashboardPage | 取消钉住系统看板
2026-06-07 18:28:49.703 | DEBUG    | BasePage | 查找元素: ('css selector', 'i.iconfont.iconPin.fix-on'), 超时: 10s
2026-06-07 18:28:49.705 | DEBUG    | BasePage | 元素已找到: ('css selector', 'i.iconfont.iconPin.fix-on')
2026-06-07 18:29:02.673 | INFO     | BasePage | 截图已保存: /Users/miaoqi/Desktop/test_dev_projects/ui_automation/evidence/after_unpin_20260607_182902_017911.png
2026-06-07 18:29:02.673 | INFO     | TosDashboardPage | 点击桌面空白处隐藏看板
2026-06-07 18:29:02.673 | DEBUG    | BasePage | 查找元素: ('css selector', 'div.desktop_icons'), 超时: 10s
2026-06-07 18:29:02.677 | DEBUG    | BasePage | 元素已找到: ('css selector', 'div.desktop_icons')
2026-06-07 18:29:03.324 | ERROR    | conftest | 测试失败，截图已保存: /Users/miaoqi/Desktop/test_dev_projects/ui_automation/evidence/FAIL_test_pin_drag_unpin_hide_dashboard_20260607_182902.png
2026-06-07 18:29:03.955 | INFO     | BasePage | 截图已保存: /Users/miaoqi/Desktop/test_dev_projects/ui_automation/evidence/dashboard_test_end_20260607_182903_325254.png
2026-06-07 18:29:04.040 | INFO     | ui_conftest | 浏览器已关闭
2026-06-07 18:29:04.041 | INFO     | smoke_conftest | [冒烟测试] 结束: test_pin_drag_unpin_hide_dashboard
2026-06-07 18:45:58.855 | INFO     | ui_conftest | 测试环境 URL: http://192.168.64.7:8181
2026-06-07 18:45:58.855 | INFO     | smoke_conftest | [冒烟测试] 开始: test_pin_drag_unpin_hide_dashboard
2026-06-07 18:45:58.855 | INFO     | ui_conftest | 初始化浏览器: type=chrome, headless=False
2026-06-07 18:46:00.007 | INFO     | ui_conftest | 浏览器已启动: chrome
2026-06-07 18:46:00.008 | INFO     | TosLoginPage | 打开 TOS 登录页面: http://192.168.64.7:8181
2026-06-07 18:46:00.008 | INFO     | BasePage | 打开页面: http://192.168.64.7:8181
2026-06-07 18:46:00.535 | INFO     | BasePage | 页面已打开: http://192.168.64.7:8181
2026-06-07 18:46:03.540 | DEBUG    | DataLoader | 加载 YAML 数据: /Users/miaoqi/Desktop/test_dev_projects/ui_automation/testcases/smoke/../../testdata/tos_login_data.yaml
2026-06-07 18:46:03.540 | INFO     | TosLoginPage | 执行登录: 用户=test, 保持登录=False
2026-06-07 18:46:03.540 | INFO     | TosLoginPage | 输入用户名: test
2026-06-07 18:46:03.540 | DEBUG    | BasePage | 等待元素可见: ('css selector', "input.Xinput-input__inner[placeholder='用户名']"), 超时: 15s
2026-06-07 18:46:04.508 | DEBUG    | BasePage | 元素已可见: ('css selector', "input.Xinput-input__inner[placeholder='用户名']")
2026-06-07 18:46:04.508 | INFO     | BasePage | 输入文本到元素: ('css selector', "input.Xinput-input__inner[placeholder='用户名']"), 内容: 'test'
2026-06-07 18:46:04.508 | DEBUG    | BasePage | 查找元素: ('css selector', "input.Xinput-input__inner[placeholder='用户名']"), 超时: 10s
2026-06-07 18:46:04.513 | DEBUG    | BasePage | 元素已找到: ('css selector', "input.Xinput-input__inner[placeholder='用户名']")
2026-06-07 18:46:04.532 | DEBUG    | BasePage | 已清空输入框
2026-06-07 18:46:04.672 | INFO     | BasePage | 文本输入成功: 'test'
2026-06-07 18:46:04.672 | INFO     | TosLoginPage | 点击下一步（第一步）
2026-06-07 18:46:04.672 | DEBUG    | BasePage | 查找元素: ('css selector', 'i.iconfont.iconright'), 超时: 10s
2026-06-07 18:46:04.677 | DEBUG    | BasePage | 元素已找到: ('css selector', 'i.iconfont.iconright')
2026-06-07 18:46:04.727 | DEBUG    | BasePage | 等待元素可见: ('css selector', "input.Xinput-input__inner[placeholder='密码']"), 超时: 10s
2026-06-07 18:46:04.746 | DEBUG    | BasePage | 元素已可见: ('css selector', "input.Xinput-input__inner[placeholder='密码']")
2026-06-07 18:46:04.746 | INFO     | TosLoginPage | 输入密码
2026-06-07 18:46:04.746 | DEBUG    | BasePage | 等待元素可见: ('css selector', "input.Xinput-input__inner[placeholder='密码']"), 超时: 10s
2026-06-07 18:46:04.754 | DEBUG    | BasePage | 元素已可见: ('css selector', "input.Xinput-input__inner[placeholder='密码']")
2026-06-07 18:46:04.754 | INFO     | BasePage | 输入文本到元素: ('css selector', "input.Xinput-input__inner[placeholder='密码']"), 内容: 'Admin123'
2026-06-07 18:46:04.754 | DEBUG    | BasePage | 查找元素: ('css selector', "input.Xinput-input__inner[placeholder='密码']"), 超时: 10s
2026-06-07 18:46:04.758 | DEBUG    | BasePage | 元素已找到: ('css selector', "input.Xinput-input__inner[placeholder='密码']")
2026-06-07 18:46:04.767 | DEBUG    | BasePage | 已清空输入框
2026-06-07 18:46:04.832 | INFO     | BasePage | 文本输入成功: 'Admin123'
2026-06-07 18:46:04.832 | INFO     | TosLoginPage | 取消勾选保持登录
2026-06-07 18:46:04.832 | DEBUG    | BasePage | 查找元素: ('css selector', 'input.input_check'), 超时: 5s
2026-06-07 18:46:04.836 | DEBUG    | BasePage | 元素已找到: ('css selector', 'input.input_check')
2026-06-07 18:46:04.840 | INFO     | TosLoginPage | 点击下一步（第二步/登录）
2026-06-07 18:46:04.840 | DEBUG    | BasePage | 查找元素: ('css selector', 'i.iconfont.iconright'), 超时: 10s
2026-06-07 18:46:04.842 | DEBUG    | BasePage | 元素已找到: ('css selector', 'i.iconfont.iconright')
2026-06-07 18:46:09.851 | INFO     | TosLoginPage | 验证登录是否成功...
2026-06-07 18:46:09.859 | INFO     | TosLoginPage | 登录成功：URL 已变为 http://192.168.64.7:8181/tos/#/desktop
2026-06-07 18:46:12.862 | INFO     | TosDashboardPage | 点击右侧栏打开系统看板
2026-06-07 18:46:12.862 | DEBUG    | BasePage | 查找元素: ('css selector', 'i.iconfont.icontosboard'), 超时: 10s
2026-06-07 18:46:12.870 | DEBUG    | BasePage | 元素已找到: ('css selector', 'i.iconfont.icontosboard')
2026-06-07 18:46:15.897 | DEBUG    | BasePage | 判断元素是否可见: ('css selector', 'div.user_name')
2026-06-07 18:46:15.905 | DEBUG    | BasePage | 元素可见: ('css selector', 'div.user_name')
2026-06-07 18:46:15.905 | INFO     | TosDashboardPage | 钉住系统看板
2026-06-07 18:46:15.905 | DEBUG    | BasePage | 查找元素: ('css selector', 'i.iconfont.iconPin'), 超时: 10s
2026-06-07 18:46:15.908 | DEBUG    | BasePage | 元素已找到: ('css selector', 'i.iconfont.iconPin')
2026-06-07 18:46:18.775 | INFO     | BasePage | 截图已保存: /Users/miaoqi/Desktop/test_dev_projects/ui_automation/evidence/after_pin_20260607_184618_188679.png
2026-06-07 18:46:18.775 | INFO     | TosDashboardPage | 拖动系统看板: offset_x=-200, offset_y=0
2026-06-07 18:46:18.775 | DEBUG    | BasePage | 查找元素: ('css selector', 'div.user_name'), 超时: 10s
2026-06-07 18:46:18.778 | DEBUG    | BasePage | 元素已找到: ('css selector', 'div.user_name')
2026-06-07 18:46:21.326 | INFO     | TosDashboardPage |   拖动前: (1045, 69) → 拖动后: (1093, 127)
2026-06-07 18:46:21.926 | INFO     | BasePage | 截图已保存: /Users/miaoqi/Desktop/test_dev_projects/ui_automation/evidence/after_drag_20260607_184621_329551.png
2026-06-07 18:46:21.927 | INFO     | TestTosDashboard | 钉住后拖动成功，位移dx=48
2026-06-07 18:46:21.927 | INFO     | TosDashboardPage | 取消钉住系统看板
2026-06-07 18:46:21.927 | DEBUG    | BasePage | 查找元素: ('css selector', 'i.iconfont.iconPin.fix-on'), 超时: 10s
2026-06-07 18:46:21.929 | DEBUG    | BasePage | 元素已找到: ('css selector', 'i.iconfont.iconPin.fix-on')
2026-06-07 18:46:34.850 | INFO     | BasePage | 截图已保存: /Users/miaoqi/Desktop/test_dev_projects/ui_automation/evidence/after_unpin_20260607_184634_235292.png
2026-06-07 18:46:34.850 | INFO     | TosDashboardPage | 点击桌面空白处隐藏看板
2026-06-07 18:46:35.471 | ERROR    | conftest | 测试失败，截图已保存: /Users/miaoqi/Desktop/test_dev_projects/ui_automation/evidence/FAIL_test_pin_drag_unpin_hide_dashboard_20260607_184634.png
2026-06-07 18:46:36.089 | INFO     | BasePage | 截图已保存: /Users/miaoqi/Desktop/test_dev_projects/ui_automation/evidence/dashboard_test_end_20260607_184635_472859.png
2026-06-07 18:46:36.165 | INFO     | ui_conftest | 浏览器已关闭
2026-06-07 18:46:36.166 | INFO     | smoke_conftest | [冒烟测试] 结束: test_pin_drag_unpin_hide_dashboard
2026-06-07 18:53:58.053 | INFO     | ui_conftest | 测试环境 URL: http://192.168.64.7:8181
2026-06-07 18:53:58.053 | INFO     | smoke_conftest | [冒烟测试] 开始: test_pin_drag_unpin_hide_dashboard
2026-06-07 18:53:58.053 | INFO     | ui_conftest | 初始化浏览器: type=chrome, headless=False
2026-06-07 18:53:59.105 | INFO     | ui_conftest | 浏览器已启动: chrome
2026-06-07 18:53:59.105 | INFO     | TosLoginPage | 打开 TOS 登录页面: http://192.168.64.7:8181
2026-06-07 18:53:59.105 | INFO     | BasePage | 打开页面: http://192.168.64.7:8181
2026-06-07 18:53:59.138 | INFO     | BasePage | 页面已打开: http://192.168.64.7:8181
2026-06-07 18:54:02.140 | DEBUG    | DataLoader | 加载 YAML 数据: /Users/miaoqi/Desktop/test_dev_projects/ui_automation/testcases/smoke/../../testdata/tos_login_data.yaml
2026-06-07 18:54:02.140 | INFO     | TosLoginPage | 执行登录: 用户=test, 保持登录=False
2026-06-07 18:54:02.140 | INFO     | TosLoginPage | 输入用户名: test
2026-06-07 18:54:02.140 | DEBUG    | BasePage | 等待元素可见: ('css selector', "input.Xinput-input__inner[placeholder='用户名']"), 超时: 15s
2026-06-07 18:54:02.730 | DEBUG    | BasePage | 元素已可见: ('css selector', "input.Xinput-input__inner[placeholder='用户名']")
2026-06-07 18:54:02.730 | INFO     | BasePage | 输入文本到元素: ('css selector', "input.Xinput-input__inner[placeholder='用户名']"), 内容: 'test'
2026-06-07 18:54:02.730 | DEBUG    | BasePage | 查找元素: ('css selector', "input.Xinput-input__inner[placeholder='用户名']"), 超时: 10s
2026-06-07 18:54:02.733 | DEBUG    | BasePage | 元素已找到: ('css selector', "input.Xinput-input__inner[placeholder='用户名']")
2026-06-07 18:54:02.759 | DEBUG    | BasePage | 已清空输入框
2026-06-07 18:54:02.826 | INFO     | BasePage | 文本输入成功: 'test'
2026-06-07 18:54:02.826 | INFO     | TosLoginPage | 点击下一步（第一步）
2026-06-07 18:54:02.826 | DEBUG    | BasePage | 查找元素: ('css selector', 'i.iconfont.iconright'), 超时: 10s
2026-06-07 18:54:02.830 | DEBUG    | BasePage | 元素已找到: ('css selector', 'i.iconfont.iconright')
2026-06-07 18:54:02.875 | DEBUG    | BasePage | 等待元素可见: ('css selector', "input.Xinput-input__inner[placeholder='密码']"), 超时: 10s
2026-06-07 18:54:02.881 | DEBUG    | BasePage | 元素已可见: ('css selector', "input.Xinput-input__inner[placeholder='密码']")
2026-06-07 18:54:02.881 | INFO     | TosLoginPage | 输入密码
2026-06-07 18:54:02.881 | DEBUG    | BasePage | 等待元素可见: ('css selector', "input.Xinput-input__inner[placeholder='密码']"), 超时: 10s
2026-06-07 18:54:02.885 | DEBUG    | BasePage | 元素已可见: ('css selector', "input.Xinput-input__inner[placeholder='密码']")
2026-06-07 18:54:02.885 | INFO     | BasePage | 输入文本到元素: ('css selector', "input.Xinput-input__inner[placeholder='密码']"), 内容: 'Admin123'
2026-06-07 18:54:02.885 | DEBUG    | BasePage | 查找元素: ('css selector', "input.Xinput-input__inner[placeholder='密码']"), 超时: 10s
2026-06-07 18:54:02.887 | DEBUG    | BasePage | 元素已找到: ('css selector', "input.Xinput-input__inner[placeholder='密码']")
2026-06-07 18:54:02.893 | DEBUG    | BasePage | 已清空输入框
2026-06-07 18:54:02.948 | INFO     | BasePage | 文本输入成功: 'Admin123'
2026-06-07 18:54:02.948 | INFO     | TosLoginPage | 取消勾选保持登录
2026-06-07 18:54:02.948 | DEBUG    | BasePage | 查找元素: ('css selector', 'input.input_check'), 超时: 5s
2026-06-07 18:54:02.951 | DEBUG    | BasePage | 元素已找到: ('css selector', 'input.input_check')
2026-06-07 18:54:02.954 | INFO     | TosLoginPage | 点击下一步（第二步/登录）
2026-06-07 18:54:02.954 | DEBUG    | BasePage | 查找元素: ('css selector', 'i.iconfont.iconright'), 超时: 10s
2026-06-07 18:54:02.956 | DEBUG    | BasePage | 元素已找到: ('css selector', 'i.iconfont.iconright')
2026-06-07 18:54:07.963 | INFO     | TosLoginPage | 验证登录是否成功...
2026-06-07 18:54:07.968 | INFO     | TosLoginPage | 登录成功：URL 已变为 http://192.168.64.7:8181/tos/#/desktop
2026-06-07 18:54:10.974 | INFO     | TosDashboardPage | 点击右侧栏打开系统看板
2026-06-07 18:54:10.974 | DEBUG    | BasePage | 查找元素: ('css selector', 'i.iconfont.icontosboard'), 超时: 10s
2026-06-07 18:54:10.982 | DEBUG    | BasePage | 元素已找到: ('css selector', 'i.iconfont.icontosboard')
2026-06-07 18:54:14.019 | DEBUG    | BasePage | 判断元素是否可见: ('css selector', 'div.user_name')
2026-06-07 18:54:14.035 | DEBUG    | BasePage | 元素可见: ('css selector', 'div.user_name')
2026-06-07 18:54:14.035 | INFO     | TosDashboardPage | 钉住系统看板
2026-06-07 18:54:14.035 | DEBUG    | BasePage | 查找元素: ('css selector', 'i.iconfont.iconPin'), 超时: 10s
2026-06-07 18:54:14.043 | DEBUG    | BasePage | 元素已找到: ('css selector', 'i.iconfont.iconPin')
2026-06-07 18:54:16.901 | INFO     | BasePage | 截图已保存: /Users/miaoqi/Desktop/test_dev_projects/ui_automation/evidence/after_pin_20260607_185416_319956.png
2026-06-07 18:54:16.901 | INFO     | TosDashboardPage | 拖动系统看板: offset_x=-200, offset_y=0
2026-06-07 18:54:16.901 | DEBUG    | BasePage | 查找元素: ('css selector', 'div.user_name'), 超时: 10s
2026-06-07 18:54:16.904 | DEBUG    | BasePage | 元素已找到: ('css selector', 'div.user_name')
2026-06-07 18:54:19.462 | INFO     | TosDashboardPage |   拖动前: (1045, 69) → 拖动后: (845, 69)
2026-06-07 18:54:20.037 | INFO     | BasePage | 截图已保存: /Users/miaoqi/Desktop/test_dev_projects/ui_automation/evidence/after_drag_20260607_185419_463034.png
2026-06-07 18:54:20.037 | INFO     | TestTosDashboard | 钉住后拖动成功，位移dx=-200
2026-06-07 18:54:20.037 | INFO     | TosDashboardPage | 取消钉住系统看板
2026-06-07 18:54:20.037 | DEBUG    | BasePage | 查找元素: ('css selector', 'i.iconfont.iconPin.fix-on'), 超时: 10s
2026-06-07 18:54:20.040 | DEBUG    | BasePage | 元素已找到: ('css selector', 'i.iconfont.iconPin.fix-on')
2026-06-07 18:54:32.954 | INFO     | BasePage | 截图已保存: /Users/miaoqi/Desktop/test_dev_projects/ui_automation/evidence/after_unpin_20260607_185432_355155.png
2026-06-07 18:54:32.954 | INFO     | TosDashboardPage | 点击桌面空白处隐藏看板
2026-06-07 18:54:35.577 | DEBUG    | BasePage | 判断元素是否可见: ('css selector', 'div.user_name')
2026-06-07 18:54:35.585 | DEBUG    | BasePage | 元素可见: ('css selector', 'div.user_name')
2026-06-07 18:54:36.190 | ERROR    | conftest | 测试失败，截图已保存: /Users/miaoqi/Desktop/test_dev_projects/ui_automation/evidence/FAIL_test_pin_drag_unpin_hide_dashboard_20260607_185435.png
2026-06-07 18:54:36.761 | INFO     | BasePage | 截图已保存: /Users/miaoqi/Desktop/test_dev_projects/ui_automation/evidence/dashboard_test_end_20260607_185436_190862.png
2026-06-07 18:54:36.852 | INFO     | ui_conftest | 浏览器已关闭
2026-06-07 18:54:36.852 | INFO     | smoke_conftest | [冒烟测试] 结束: test_pin_drag_unpin_hide_dashboard
2026-06-07 18:59:52.270 | INFO     | ui_conftest | 测试环境 URL: http://192.168.64.7:8181
2026-06-07 18:59:52.270 | INFO     | smoke_conftest | [冒烟测试] 开始: test_pin_drag_unpin_hide_dashboard
2026-06-07 18:59:52.270 | INFO     | ui_conftest | 初始化浏览器: type=chrome, headless=False
2026-06-07 18:59:53.580 | INFO     | ui_conftest | 浏览器已启动: chrome
2026-06-07 18:59:53.581 | INFO     | TosLoginPage | 打开 TOS 登录页面: http://192.168.64.7:8181
2026-06-07 18:59:53.581 | INFO     | BasePage | 打开页面: http://192.168.64.7:8181
2026-06-07 18:59:54.058 | INFO     | BasePage | 页面已打开: http://192.168.64.7:8181
2026-06-07 18:59:57.070 | DEBUG    | DataLoader | 加载 YAML 数据: /Users/miaoqi/Desktop/test_dev_projects/ui_automation/testcases/smoke/../../testdata/tos_login_data.yaml
2026-06-07 18:59:57.071 | INFO     | TosLoginPage | 执行登录: 用户=test, 保持登录=False
2026-06-07 18:59:57.071 | INFO     | TosLoginPage | 输入用户名: test
2026-06-07 18:59:57.071 | DEBUG    | BasePage | 等待元素可见: ('css selector', "input.Xinput-input__inner[placeholder='用户名']"), 超时: 15s
2026-06-07 18:59:57.194 | DEBUG    | BasePage | 元素已可见: ('css selector', "input.Xinput-input__inner[placeholder='用户名']")
2026-06-07 18:59:57.194 | INFO     | BasePage | 输入文本到元素: ('css selector', "input.Xinput-input__inner[placeholder='用户名']"), 内容: 'test'
2026-06-07 18:59:57.194 | DEBUG    | BasePage | 查找元素: ('css selector', "input.Xinput-input__inner[placeholder='用户名']"), 超时: 10s
2026-06-07 18:59:57.197 | DEBUG    | BasePage | 元素已找到: ('css selector', "input.Xinput-input__inner[placeholder='用户名']")
2026-06-07 18:59:57.209 | DEBUG    | BasePage | 已清空输入框
2026-06-07 18:59:57.295 | INFO     | BasePage | 文本输入成功: 'test'
2026-06-07 18:59:57.295 | INFO     | TosLoginPage | 点击下一步（第一步）
2026-06-07 18:59:57.295 | DEBUG    | BasePage | 查找元素: ('css selector', 'i.iconfont.iconright'), 超时: 10s
2026-06-07 18:59:57.303 | DEBUG    | BasePage | 元素已找到: ('css selector', 'i.iconfont.iconright')
2026-06-07 18:59:57.315 | DEBUG    | BasePage | 等待元素可见: ('css selector', "input.Xinput-input__inner[placeholder='密码']"), 超时: 10s
2026-06-07 18:59:57.329 | DEBUG    | BasePage | 元素已可见: ('css selector', "input.Xinput-input__inner[placeholder='密码']")
2026-06-07 18:59:57.329 | INFO     | TosLoginPage | 输入密码
2026-06-07 18:59:57.329 | DEBUG    | BasePage | 等待元素可见: ('css selector', "input.Xinput-input__inner[placeholder='密码']"), 超时: 10s
2026-06-07 18:59:57.335 | DEBUG    | BasePage | 元素已可见: ('css selector', "input.Xinput-input__inner[placeholder='密码']")
2026-06-07 18:59:57.335 | INFO     | BasePage | 输入文本到元素: ('css selector', "input.Xinput-input__inner[placeholder='密码']"), 内容: 'Admin123'
2026-06-07 18:59:57.335 | DEBUG    | BasePage | 查找元素: ('css selector', "input.Xinput-input__inner[placeholder='密码']"), 超时: 10s
2026-06-07 18:59:57.338 | DEBUG    | BasePage | 元素已找到: ('css selector', "input.Xinput-input__inner[placeholder='密码']")
2026-06-07 18:59:57.345 | DEBUG    | BasePage | 已清空输入框
2026-06-07 18:59:57.405 | INFO     | BasePage | 文本输入成功: 'Admin123'
2026-06-07 18:59:57.405 | INFO     | TosLoginPage | 取消勾选保持登录
2026-06-07 18:59:57.405 | DEBUG    | BasePage | 查找元素: ('css selector', 'input.input_check'), 超时: 5s
2026-06-07 18:59:57.408 | DEBUG    | BasePage | 元素已找到: ('css selector', 'input.input_check')
2026-06-07 18:59:57.413 | INFO     | TosLoginPage | 点击下一步（第二步/登录）
2026-06-07 18:59:57.413 | DEBUG    | BasePage | 查找元素: ('css selector', 'i.iconfont.iconright'), 超时: 10s
2026-06-07 18:59:57.415 | DEBUG    | BasePage | 元素已找到: ('css selector', 'i.iconfont.iconright')
2026-06-07 19:00:02.425 | INFO     | TosLoginPage | 验证登录是否成功...
2026-06-07 19:00:02.429 | INFO     | TosLoginPage | 登录成功：URL 已变为 http://192.168.64.7:8181/tos/#/desktop
2026-06-07 19:00:05.432 | INFO     | TosDashboardPage | 点击右侧栏打开系统看板
2026-06-07 19:00:05.432 | DEBUG    | BasePage | 查找元素: ('css selector', 'i.iconfont.icontosboard'), 超时: 10s
2026-06-07 19:00:05.439 | DEBUG    | BasePage | 元素已找到: ('css selector', 'i.iconfont.icontosboard')
2026-06-07 19:00:08.470 | DEBUG    | BasePage | 判断元素是否可见: ('css selector', 'div.user_name')
2026-06-07 19:00:08.478 | DEBUG    | BasePage | 元素可见: ('css selector', 'div.user_name')
2026-06-07 19:00:08.478 | INFO     | TosDashboardPage | 钉住系统看板
2026-06-07 19:00:08.479 | DEBUG    | BasePage | 查找元素: ('css selector', 'i.iconfont.iconPin'), 超时: 10s
2026-06-07 19:00:08.483 | DEBUG    | BasePage | 元素已找到: ('css selector', 'i.iconfont.iconPin')
2026-06-07 19:00:11.341 | INFO     | BasePage | 截图已保存: /Users/miaoqi/Desktop/test_dev_projects/ui_automation/evidence/after_pin_20260607_190010_755681.png
2026-06-07 19:00:11.341 | INFO     | TosDashboardPage | 拖动系统看板: offset_x=-200, offset_y=0
2026-06-07 19:00:11.341 | DEBUG    | BasePage | 查找元素: ('css selector', 'div.user_name'), 超时: 10s
2026-06-07 19:00:11.344 | DEBUG    | BasePage | 元素已找到: ('css selector', 'div.user_name')
2026-06-07 19:00:13.905 | INFO     | TosDashboardPage |   拖动前: (1045, 69) → 拖动后: (845, 69)
2026-06-07 19:00:14.481 | INFO     | BasePage | 截图已保存: /Users/miaoqi/Desktop/test_dev_projects/ui_automation/evidence/after_drag_20260607_190013_906204.png
2026-06-07 19:00:14.481 | INFO     | TestTosDashboard | 钉住后拖动成功，位移dx=-200
2026-06-07 19:00:14.481 | INFO     | TosDashboardPage | 取消钉住系统看板
2026-06-07 19:00:14.481 | DEBUG    | BasePage | 查找元素: ('css selector', 'i.iconfont.iconPin.fix-on'), 超时: 10s
2026-06-07 19:00:14.483 | DEBUG    | BasePage | 元素已找到: ('css selector', 'i.iconfont.iconPin.fix-on')
2026-06-07 19:00:27.344 | INFO     | BasePage | 截图已保存: /Users/miaoqi/Desktop/test_dev_projects/ui_automation/evidence/after_unpin_20260607_190026_767963.png
2026-06-07 19:00:27.345 | INFO     | TosDashboardPage | 再次点击系统看板图标以隐藏看板
2026-06-07 19:00:27.345 | DEBUG    | BasePage | 查找元素: ('css selector', 'i.iconfont.icontosboard'), 超时: 10s
2026-06-07 19:00:27.348 | DEBUG    | BasePage | 元素已找到: ('css selector', 'i.iconfont.icontosboard')
2026-06-07 19:00:29.363 | DEBUG    | BasePage | 判断元素是否可见: ('css selector', 'div.user_name')
2026-06-07 19:00:34.509 | DEBUG    | BasePage | 元素不可见: ('css selector', 'div.user_name')
2026-06-07 19:00:35.203 | INFO     | BasePage | 截图已保存: /Users/miaoqi/Desktop/test_dev_projects/ui_automation/evidence/after_hide_20260607_190034_509457.png
2026-06-07 19:00:35.203 | INFO     | TestTosDashboard | TC_DASHBOARD_001 通过：钉住→拖动→取消钉住→点击空白→看板消失
2026-06-07 19:00:35.905 | INFO     | BasePage | 截图已保存: /Users/miaoqi/Desktop/test_dev_projects/ui_automation/evidence/dashboard_test_end_20260607_190035_212988.png
2026-06-07 19:00:35.990 | INFO     | ui_conftest | 浏览器已关闭
2026-06-07 19:00:35.990 | INFO     | smoke_conftest | [冒烟测试] 结束: test_pin_drag_unpin_hide_dashboard
2026-06-07 19:44:59.672 | INFO     | ui_conftest | 测试环境 URL: http://192.168.64.7:8181
2026-06-07 19:44:59.673 | INFO     | smoke_conftest | [冒烟测试] 开始: test_settings_panel_modules
2026-06-07 19:44:59.673 | INFO     | ui_conftest | 初始化浏览器: type=chrome, headless=False
2026-06-07 19:45:01.085 | INFO     | ui_conftest | 浏览器已启动: chrome
2026-06-07 19:45:01.088 | INFO     | TosLoginPage | 打开 TOS 登录页面: http://192.168.64.7:8181
2026-06-07 19:45:01.088 | INFO     | BasePage | 打开页面: http://192.168.64.7:8181
2026-06-07 19:45:01.267 | INFO     | BasePage | 页面已打开: http://192.168.64.7:8181
2026-06-07 19:45:04.273 | DEBUG    | DataLoader | 加载 YAML 数据: /Users/miaoqi/Desktop/test_dev_projects/ui_automation/testcases/smoke/../../testdata/tos_login_data.yaml
2026-06-07 19:45:04.273 | INFO     | TosLoginPage | 执行登录: 用户=test, 保持登录=False
2026-06-07 19:45:04.273 | INFO     | TosLoginPage | 输入用户名: test
2026-06-07 19:45:04.273 | DEBUG    | BasePage | 等待元素可见: ('css selector', "input.Xinput-input__inner[placeholder='用户名']"), 超时: 15s
2026-06-07 19:45:04.824 | DEBUG    | BasePage | 元素已可见: ('css selector', "input.Xinput-input__inner[placeholder='用户名']")
2026-06-07 19:45:04.824 | INFO     | BasePage | 输入文本到元素: ('css selector', "input.Xinput-input__inner[placeholder='用户名']"), 内容: 'test'
2026-06-07 19:45:04.824 | DEBUG    | BasePage | 查找元素: ('css selector', "input.Xinput-input__inner[placeholder='用户名']"), 超时: 10s
2026-06-07 19:45:04.828 | DEBUG    | BasePage | 元素已找到: ('css selector', "input.Xinput-input__inner[placeholder='用户名']")
2026-06-07 19:45:04.847 | DEBUG    | BasePage | 已清空输入框
2026-06-07 19:45:04.934 | INFO     | BasePage | 文本输入成功: 'test'
2026-06-07 19:45:04.934 | INFO     | TosLoginPage | 点击下一步（第一步）
2026-06-07 19:45:04.934 | DEBUG    | BasePage | 查找元素: ('css selector', 'i.iconfont.iconright'), 超时: 10s
2026-06-07 19:45:04.937 | DEBUG    | BasePage | 元素已找到: ('css selector', 'i.iconfont.iconright')
2026-06-07 19:45:04.953 | DEBUG    | BasePage | 等待元素可见: ('css selector', "input.Xinput-input__inner[placeholder='密码']"), 超时: 10s
2026-06-07 19:45:04.960 | DEBUG    | BasePage | 元素已可见: ('css selector', "input.Xinput-input__inner[placeholder='密码']")
2026-06-07 19:45:04.960 | INFO     | TosLoginPage | 输入密码
2026-06-07 19:45:04.960 | DEBUG    | BasePage | 等待元素可见: ('css selector', "input.Xinput-input__inner[placeholder='密码']"), 超时: 10s
2026-06-07 19:45:04.965 | DEBUG    | BasePage | 元素已可见: ('css selector', "input.Xinput-input__inner[placeholder='密码']")
2026-06-07 19:45:04.965 | INFO     | BasePage | 输入文本到元素: ('css selector', "input.Xinput-input__inner[placeholder='密码']"), 内容: 'Admin123'
2026-06-07 19:45:04.965 | DEBUG    | BasePage | 查找元素: ('css selector', "input.Xinput-input__inner[placeholder='密码']"), 超时: 10s
2026-06-07 19:45:04.967 | DEBUG    | BasePage | 元素已找到: ('css selector', "input.Xinput-input__inner[placeholder='密码']")
2026-06-07 19:45:04.974 | DEBUG    | BasePage | 已清空输入框
2026-06-07 19:45:05.025 | INFO     | BasePage | 文本输入成功: 'Admin123'
2026-06-07 19:45:05.025 | INFO     | TosLoginPage | 取消勾选保持登录
2026-06-07 19:45:05.025 | DEBUG    | BasePage | 查找元素: ('css selector', 'input.input_check'), 超时: 5s
2026-06-07 19:45:05.028 | DEBUG    | BasePage | 元素已找到: ('css selector', 'input.input_check')
2026-06-07 19:45:05.031 | INFO     | TosLoginPage | 点击下一步（第二步/登录）
2026-06-07 19:45:05.031 | DEBUG    | BasePage | 查找元素: ('css selector', 'i.iconfont.iconright'), 超时: 10s
2026-06-07 19:45:05.033 | DEBUG    | BasePage | 元素已找到: ('css selector', 'i.iconfont.iconright')
2026-06-07 19:45:10.037 | INFO     | TosLoginPage | 验证登录是否成功...
2026-06-07 19:45:10.045 | INFO     | TosLoginPage | 登录成功：URL 已变为 http://192.168.64.7:8181/tos/#/desktop
2026-06-07 19:45:13.050 | INFO     | TosDashboardPage | 点击右侧栏打开系统看板
2026-06-07 19:45:13.051 | DEBUG    | BasePage | 查找元素: ('css selector', 'i.iconfont.icontosboard'), 超时: 10s
2026-06-07 19:45:13.056 | DEBUG    | BasePage | 元素已找到: ('css selector', 'i.iconfont.icontosboard')
2026-06-07 19:45:16.077 | DEBUG    | BasePage | 判断元素是否可见: ('css selector', 'div.user_name')
2026-06-07 19:45:16.091 | DEBUG    | BasePage | 元素可见: ('css selector', 'div.user_name')
2026-06-07 19:45:16.092 | INFO     | TosDashboardPage | 打开系统看板设置面板
2026-06-07 19:45:16.092 | DEBUG    | BasePage | 查找元素: ('css selector', 'i.iconfont.iconrongqi1'), 超时: 10s
2026-06-07 19:45:16.097 | DEBUG    | BasePage | 元素已找到: ('css selector', 'i.iconfont.iconrongqi1')
2026-06-07 19:45:18.249 | INFO     | TosDashboardPage | 设置面板模块列表: [('设备信息', True), ('系统信息', True), ('资源', True), ('网络', True), ('接口', True), ('磁盘', True), ('存储', True), ('硬件', True)]
2026-06-07 19:45:18.842 | INFO     | BasePage | 截图已保存: /Users/miaoqi/Desktop/test_dev_projects/ui_automation/evidence/settings_panel_open_20260607_194518_249233.png
2026-06-07 19:45:18.842 | INFO     | TestTosDashboardSettings | TC_DASHBOARD_SETTINGS_001 通过：设置面板包含所有模块 ['设备信息', '系统信息', '资源', '网络', '接口', '磁盘', '存储', '硬件']
2026-06-07 19:45:19.435 | INFO     | BasePage | 截图已保存: /Users/miaoqi/Desktop/test_dev_projects/ui_automation/evidence/dashboard_settings_test_end_20260607_194518_844718.png
2026-06-07 19:45:19.518 | INFO     | ui_conftest | 浏览器已关闭
2026-06-07 19:45:19.518 | INFO     | smoke_conftest | [冒烟测试] 结束: test_settings_panel_modules
2026-06-07 19:45:19.575 | INFO     | smoke_conftest | [冒烟测试] 开始: test_uncheck_module_hides_card
2026-06-07 19:45:19.575 | INFO     | ui_conftest | 初始化浏览器: type=chrome, headless=False
2026-06-07 19:45:20.917 | INFO     | ui_conftest | 浏览器已启动: chrome
2026-06-07 19:45:20.920 | INFO     | TosLoginPage | 打开 TOS 登录页面: http://192.168.64.7:8181
2026-06-07 19:45:20.920 | INFO     | BasePage | 打开页面: http://192.168.64.7:8181
2026-06-07 19:45:21.075 | INFO     | BasePage | 页面已打开: http://192.168.64.7:8181
2026-06-07 19:45:24.082 | DEBUG    | DataLoader | 加载 YAML 数据: /Users/miaoqi/Desktop/test_dev_projects/ui_automation/testcases/smoke/../../testdata/tos_login_data.yaml
2026-06-07 19:45:24.082 | INFO     | TosLoginPage | 执行登录: 用户=test, 保持登录=False
2026-06-07 19:45:24.082 | INFO     | TosLoginPage | 输入用户名: test
2026-06-07 19:45:24.082 | DEBUG    | BasePage | 等待元素可见: ('css selector', "input.Xinput-input__inner[placeholder='用户名']"), 超时: 15s
2026-06-07 19:45:24.602 | DEBUG    | BasePage | 元素已可见: ('css selector', "input.Xinput-input__inner[placeholder='用户名']")
2026-06-07 19:45:24.602 | INFO     | BasePage | 输入文本到元素: ('css selector', "input.Xinput-input__inner[placeholder='用户名']"), 内容: 'test'
2026-06-07 19:45:24.602 | DEBUG    | BasePage | 查找元素: ('css selector', "input.Xinput-input__inner[placeholder='用户名']"), 超时: 10s
2026-06-07 19:45:24.608 | DEBUG    | BasePage | 元素已找到: ('css selector', "input.Xinput-input__inner[placeholder='用户名']")
2026-06-07 19:45:24.624 | DEBUG    | BasePage | 已清空输入框
2026-06-07 19:45:24.697 | INFO     | BasePage | 文本输入成功: 'test'
2026-06-07 19:45:24.697 | INFO     | TosLoginPage | 点击下一步（第一步）
2026-06-07 19:45:24.697 | DEBUG    | BasePage | 查找元素: ('css selector', 'i.iconfont.iconright'), 超时: 10s
2026-06-07 19:45:24.701 | DEBUG    | BasePage | 元素已找到: ('css selector', 'i.iconfont.iconright')
2026-06-07 19:45:24.711 | DEBUG    | BasePage | 等待元素可见: ('css selector', "input.Xinput-input__inner[placeholder='密码']"), 超时: 10s
2026-06-07 19:45:24.716 | DEBUG    | BasePage | 元素已可见: ('css selector', "input.Xinput-input__inner[placeholder='密码']")
2026-06-07 19:45:24.716 | INFO     | TosLoginPage | 输入密码
2026-06-07 19:45:24.716 | DEBUG    | BasePage | 等待元素可见: ('css selector', "input.Xinput-input__inner[placeholder='密码']"), 超时: 10s
2026-06-07 19:45:24.719 | DEBUG    | BasePage | 元素已可见: ('css selector', "input.Xinput-input__inner[placeholder='密码']")
2026-06-07 19:45:24.720 | INFO     | BasePage | 输入文本到元素: ('css selector', "input.Xinput-input__inner[placeholder='密码']"), 内容: 'Admin123'
2026-06-07 19:45:24.720 | DEBUG    | BasePage | 查找元素: ('css selector', "input.Xinput-input__inner[placeholder='密码']"), 超时: 10s
2026-06-07 19:45:24.723 | DEBUG    | BasePage | 元素已找到: ('css selector', "input.Xinput-input__inner[placeholder='密码']")
2026-06-07 19:45:24.731 | DEBUG    | BasePage | 已清空输入框
2026-06-07 19:45:24.785 | INFO     | BasePage | 文本输入成功: 'Admin123'
2026-06-07 19:45:24.785 | INFO     | TosLoginPage | 取消勾选保持登录
2026-06-07 19:45:24.785 | DEBUG    | BasePage | 查找元素: ('css selector', 'input.input_check'), 超时: 5s
2026-06-07 19:45:24.789 | DEBUG    | BasePage | 元素已找到: ('css selector', 'input.input_check')
2026-06-07 19:45:24.791 | INFO     | TosLoginPage | 点击下一步（第二步/登录）
2026-06-07 19:45:24.791 | DEBUG    | BasePage | 查找元素: ('css selector', 'i.iconfont.iconright'), 超时: 10s
2026-06-07 19:45:24.793 | DEBUG    | BasePage | 元素已找到: ('css selector', 'i.iconfont.iconright')
2026-06-07 19:45:29.800 | INFO     | TosLoginPage | 验证登录是否成功...
2026-06-07 19:45:29.805 | INFO     | TosLoginPage | 登录成功：URL 已变为 http://192.168.64.7:8181/tos/#/desktop
2026-06-07 19:45:32.810 | INFO     | TosDashboardPage | 点击右侧栏打开系统看板
2026-06-07 19:45:32.810 | DEBUG    | BasePage | 查找元素: ('css selector', 'i.iconfont.icontosboard'), 超时: 10s
2026-06-07 19:45:32.821 | DEBUG    | BasePage | 元素已找到: ('css selector', 'i.iconfont.icontosboard')
2026-06-07 19:45:35.857 | DEBUG    | BasePage | 判断元素是否可见: ('css selector', 'div.user_name')
2026-06-07 19:45:35.873 | DEBUG    | BasePage | 元素可见: ('css selector', 'div.user_name')
2026-06-07 19:45:35.907 | INFO     | TosDashboardPage | 看板可见卡片: []
2026-06-07 19:45:36.491 | ERROR    | conftest | 测试失败，截图已保存: /Users/miaoqi/Desktop/test_dev_projects/ui_automation/evidence/FAIL_test_uncheck_module_hides_card_20260607_194535.png
2026-06-07 19:45:37.055 | INFO     | BasePage | 截图已保存: /Users/miaoqi/Desktop/test_dev_projects/ui_automation/evidence/dashboard_settings_test_end_20260607_194536_491943.png
2026-06-07 19:45:37.135 | INFO     | ui_conftest | 浏览器已关闭
2026-06-07 19:45:37.135 | INFO     | smoke_conftest | [冒烟测试] 结束: test_uncheck_module_hides_card
2026-06-07 19:45:37.162 | INFO     | smoke_conftest | [冒烟测试] 开始: test_check_module_shows_card
2026-06-07 19:45:37.163 | INFO     | ui_conftest | 初始化浏览器: type=chrome, headless=False
2026-06-07 19:45:38.252 | INFO     | ui_conftest | 浏览器已启动: chrome
2026-06-07 19:45:38.258 | INFO     | TosLoginPage | 打开 TOS 登录页面: http://192.168.64.7:8181
2026-06-07 19:45:38.258 | INFO     | BasePage | 打开页面: http://192.168.64.7:8181
2026-06-07 19:45:38.317 | INFO     | BasePage | 页面已打开: http://192.168.64.7:8181
2026-06-07 19:45:41.322 | DEBUG    | DataLoader | 加载 YAML 数据: /Users/miaoqi/Desktop/test_dev_projects/ui_automation/testcases/smoke/../../testdata/tos_login_data.yaml
2026-06-07 19:45:41.322 | INFO     | TosLoginPage | 执行登录: 用户=test, 保持登录=False
2026-06-07 19:45:41.322 | INFO     | TosLoginPage | 输入用户名: test
2026-06-07 19:45:41.322 | DEBUG    | BasePage | 等待元素可见: ('css selector', "input.Xinput-input__inner[placeholder='用户名']"), 超时: 15s
2026-06-07 19:45:42.799 | DEBUG    | BasePage | 元素已可见: ('css selector', "input.Xinput-input__inner[placeholder='用户名']")
2026-06-07 19:45:42.799 | INFO     | BasePage | 输入文本到元素: ('css selector', "input.Xinput-input__inner[placeholder='用户名']"), 内容: 'test'
2026-06-07 19:45:42.799 | DEBUG    | BasePage | 查找元素: ('css selector', "input.Xinput-input__inner[placeholder='用户名']"), 超时: 10s
2026-06-07 19:45:42.803 | DEBUG    | BasePage | 元素已找到: ('css selector', "input.Xinput-input__inner[placeholder='用户名']")
2026-06-07 19:45:42.816 | DEBUG    | BasePage | 已清空输入框
2026-06-07 19:45:42.884 | INFO     | BasePage | 文本输入成功: 'test'
2026-06-07 19:45:42.884 | INFO     | TosLoginPage | 点击下一步（第一步）
2026-06-07 19:45:42.884 | DEBUG    | BasePage | 查找元素: ('css selector', 'i.iconfont.iconright'), 超时: 10s
2026-06-07 19:45:42.887 | DEBUG    | BasePage | 元素已找到: ('css selector', 'i.iconfont.iconright')
2026-06-07 19:45:42.931 | DEBUG    | BasePage | 等待元素可见: ('css selector', "input.Xinput-input__inner[placeholder='密码']"), 超时: 10s
2026-06-07 19:45:42.939 | DEBUG    | BasePage | 元素已可见: ('css selector', "input.Xinput-input__inner[placeholder='密码']")
2026-06-07 19:45:42.939 | INFO     | TosLoginPage | 输入密码
2026-06-07 19:45:42.939 | DEBUG    | BasePage | 等待元素可见: ('css selector', "input.Xinput-input__inner[placeholder='密码']"), 超时: 10s
2026-06-07 19:45:42.943 | DEBUG    | BasePage | 元素已可见: ('css selector', "input.Xinput-input__inner[placeholder='密码']")
2026-06-07 19:45:42.943 | INFO     | BasePage | 输入文本到元素: ('css selector', "input.Xinput-input__inner[placeholder='密码']"), 内容: 'Admin123'
2026-06-07 19:45:42.943 | DEBUG    | BasePage | 查找元素: ('css selector', "input.Xinput-input__inner[placeholder='密码']"), 超时: 10s
2026-06-07 19:45:42.946 | DEBUG    | BasePage | 元素已找到: ('css selector', "input.Xinput-input__inner[placeholder='密码']")
2026-06-07 19:45:42.952 | DEBUG    | BasePage | 已清空输入框
2026-06-07 19:45:43.007 | INFO     | BasePage | 文本输入成功: 'Admin123'
2026-06-07 19:45:43.007 | INFO     | TosLoginPage | 取消勾选保持登录
2026-06-07 19:45:43.007 | DEBUG    | BasePage | 查找元素: ('css selector', 'input.input_check'), 超时: 5s
2026-06-07 19:45:43.010 | DEBUG    | BasePage | 元素已找到: ('css selector', 'input.input_check')
2026-06-07 19:45:43.013 | INFO     | TosLoginPage | 点击下一步（第二步/登录）
2026-06-07 19:45:43.013 | DEBUG    | BasePage | 查找元素: ('css selector', 'i.iconfont.iconright'), 超时: 10s
2026-06-07 19:45:43.015 | DEBUG    | BasePage | 元素已找到: ('css selector', 'i.iconfont.iconright')
2026-06-07 19:45:48.018 | INFO     | TosLoginPage | 验证登录是否成功...
2026-06-07 19:45:48.023 | INFO     | TosLoginPage | 登录成功：URL 已变为 http://192.168.64.7:8181/tos/#/desktop
2026-06-07 19:45:51.028 | INFO     | TosDashboardPage | 点击右侧栏打开系统看板
2026-06-07 19:45:51.028 | DEBUG    | BasePage | 查找元素: ('css selector', 'i.iconfont.icontosboard'), 超时: 10s
2026-06-07 19:45:51.032 | DEBUG    | BasePage | 元素已找到: ('css selector', 'i.iconfont.icontosboard')
2026-06-07 19:45:54.054 | DEBUG    | BasePage | 判断元素是否可见: ('css selector', 'div.user_name')
2026-06-07 19:45:54.068 | DEBUG    | BasePage | 元素可见: ('css selector', 'div.user_name')
2026-06-07 19:45:54.069 | INFO     | TosDashboardPage | 打开系统看板设置面板
2026-06-07 19:45:54.069 | DEBUG    | BasePage | 查找元素: ('css selector', 'i.iconfont.iconrongqi1'), 超时: 10s
2026-06-07 19:45:54.077 | DEBUG    | BasePage | 元素已找到: ('css selector', 'i.iconfont.iconrongqi1')
2026-06-07 19:45:56.096 | INFO     | TosDashboardPage | 取消勾选模块: 存储
2026-06-07 19:45:56.201 | INFO     | TosDashboardPage | 设置面板模块列表: [('设备信息', True), ('系统信息', True), ('资源', True), ('网络', True), ('接口', True), ('磁盘', True), ('存储', True), ('硬件', True)]
2026-06-07 19:45:57.213 | INFO     | TosDashboardPage |   已取消勾选: 存储
2026-06-07 19:45:57.214 | INFO     | TosDashboardPage | 关闭设置面板
2026-06-07 19:45:57.214 | DEBUG    | BasePage | 查找元素: ('css selector', 'i.iconfont.iconrongqi1'), 超时: 10s
2026-06-07 19:45:57.220 | DEBUG    | BasePage | 元素已找到: ('css selector', 'i.iconfont.iconrongqi1')
2026-06-07 19:46:01.304 | INFO     | TosDashboardPage | 看板可见卡片: ['设备信息', '系统信息', '资源', '网络', '接口', '磁盘', '存储', '硬件']
2026-06-07 19:46:01.883 | ERROR    | conftest | 测试失败，截图已保存: /Users/miaoqi/Desktop/test_dev_projects/ui_automation/evidence/FAIL_test_check_module_shows_card_20260607_194601.png
2026-06-07 19:46:02.465 | INFO     | BasePage | 截图已保存: /Users/miaoqi/Desktop/test_dev_projects/ui_automation/evidence/dashboard_settings_test_end_20260607_194601_884385.png
2026-06-07 19:46:02.546 | INFO     | ui_conftest | 浏览器已关闭
2026-06-07 19:46:02.546 | INFO     | smoke_conftest | [冒烟测试] 结束: test_check_module_shows_card
2026-06-07 19:46:02.564 | INFO     | smoke_conftest | [冒烟测试] 开始: test_card_draggable
2026-06-07 19:46:02.564 | INFO     | ui_conftest | 初始化浏览器: type=chrome, headless=False
2026-06-07 19:46:03.572 | INFO     | ui_conftest | 浏览器已启动: chrome
2026-06-07 19:46:03.574 | INFO     | TosLoginPage | 打开 TOS 登录页面: http://192.168.64.7:8181
2026-06-07 19:46:03.574 | INFO     | BasePage | 打开页面: http://192.168.64.7:8181
2026-06-07 19:46:03.683 | INFO     | BasePage | 页面已打开: http://192.168.64.7:8181
2026-06-07 19:46:06.688 | DEBUG    | DataLoader | 加载 YAML 数据: /Users/miaoqi/Desktop/test_dev_projects/ui_automation/testcases/smoke/../../testdata/tos_login_data.yaml
2026-06-07 19:46:06.688 | INFO     | TosLoginPage | 执行登录: 用户=test, 保持登录=False
2026-06-07 19:46:06.688 | INFO     | TosLoginPage | 输入用户名: test
2026-06-07 19:46:06.688 | DEBUG    | BasePage | 等待元素可见: ('css selector', "input.Xinput-input__inner[placeholder='用户名']"), 超时: 15s
2026-06-07 19:46:08.009 | DEBUG    | BasePage | 元素已可见: ('css selector', "input.Xinput-input__inner[placeholder='用户名']")
2026-06-07 19:46:08.009 | INFO     | BasePage | 输入文本到元素: ('css selector', "input.Xinput-input__inner[placeholder='用户名']"), 内容: 'test'
2026-06-07 19:46:08.009 | DEBUG    | BasePage | 查找元素: ('css selector', "input.Xinput-input__inner[placeholder='用户名']"), 超时: 10s
2026-06-07 19:46:08.013 | DEBUG    | BasePage | 元素已找到: ('css selector', "input.Xinput-input__inner[placeholder='用户名']")
2026-06-07 19:46:08.025 | DEBUG    | BasePage | 已清空输入框
2026-06-07 19:46:08.093 | INFO     | BasePage | 文本输入成功: 'test'
2026-06-07 19:46:08.093 | INFO     | TosLoginPage | 点击下一步（第一步）
2026-06-07 19:46:08.093 | DEBUG    | BasePage | 查找元素: ('css selector', 'i.iconfont.iconright'), 超时: 10s
2026-06-07 19:46:08.097 | DEBUG    | BasePage | 元素已找到: ('css selector', 'i.iconfont.iconright')
2026-06-07 19:46:08.140 | DEBUG    | BasePage | 等待元素可见: ('css selector', "input.Xinput-input__inner[placeholder='密码']"), 超时: 10s
2026-06-07 19:46:08.148 | DEBUG    | BasePage | 元素已可见: ('css selector', "input.Xinput-input__inner[placeholder='密码']")
2026-06-07 19:46:08.148 | INFO     | TosLoginPage | 输入密码
2026-06-07 19:46:08.148 | DEBUG    | BasePage | 等待元素可见: ('css selector', "input.Xinput-input__inner[placeholder='密码']"), 超时: 10s
2026-06-07 19:46:08.153 | DEBUG    | BasePage | 元素已可见: ('css selector', "input.Xinput-input__inner[placeholder='密码']")
2026-06-07 19:46:08.154 | INFO     | BasePage | 输入文本到元素: ('css selector', "input.Xinput-input__inner[placeholder='密码']"), 内容: 'Admin123'
2026-06-07 19:46:08.154 | DEBUG    | BasePage | 查找元素: ('css selector', "input.Xinput-input__inner[placeholder='密码']"), 超时: 10s
2026-06-07 19:46:08.156 | DEBUG    | BasePage | 元素已找到: ('css selector', "input.Xinput-input__inner[placeholder='密码']")
2026-06-07 19:46:08.163 | DEBUG    | BasePage | 已清空输入框
2026-06-07 19:46:08.217 | INFO     | BasePage | 文本输入成功: 'Admin123'
2026-06-07 19:46:08.217 | INFO     | TosLoginPage | 取消勾选保持登录
2026-06-07 19:46:08.217 | DEBUG    | BasePage | 查找元素: ('css selector', 'input.input_check'), 超时: 5s
2026-06-07 19:46:08.221 | DEBUG    | BasePage | 元素已找到: ('css selector', 'input.input_check')
2026-06-07 19:46:08.224 | INFO     | TosLoginPage | 点击下一步（第二步/登录）
2026-06-07 19:46:08.224 | DEBUG    | BasePage | 查找元素: ('css selector', 'i.iconfont.iconright'), 超时: 10s
2026-06-07 19:46:08.226 | DEBUG    | BasePage | 元素已找到: ('css selector', 'i.iconfont.iconright')
2026-06-07 19:46:13.232 | INFO     | TosLoginPage | 验证登录是否成功...
2026-06-07 19:46:13.237 | INFO     | TosLoginPage | 登录成功：URL 已变为 http://192.168.64.7:8181/tos/#/desktop
2026-06-07 19:46:16.241 | INFO     | TosDashboardPage | 点击右侧栏打开系统看板
2026-06-07 19:46:16.242 | DEBUG    | BasePage | 查找元素: ('css selector', 'i.iconfont.icontosboard'), 超时: 10s
2026-06-07 19:46:16.249 | DEBUG    | BasePage | 元素已找到: ('css selector', 'i.iconfont.icontosboard')
2026-06-07 19:46:19.279 | DEBUG    | BasePage | 判断元素是否可见: ('css selector', 'div.user_name')
2026-06-07 19:46:19.295 | DEBUG    | BasePage | 元素可见: ('css selector', 'div.user_name')
2026-06-07 19:46:19.296 | INFO     | TosDashboardPage | 拖动卡片: 资源, offset=(0, -80)
2026-06-07 19:46:19.328 | WARNING  | TosDashboardPage | 未找到卡片: 资源
2026-06-07 19:46:19.910 | ERROR    | conftest | 测试失败，截图已保存: /Users/miaoqi/Desktop/test_dev_projects/ui_automation/evidence/FAIL_test_card_draggable_20260607_194619.png
2026-06-07 19:46:20.472 | INFO     | BasePage | 截图已保存: /Users/miaoqi/Desktop/test_dev_projects/ui_automation/evidence/dashboard_settings_test_end_20260607_194619_911064.png
2026-06-07 19:46:20.555 | INFO     | ui_conftest | 浏览器已关闭
2026-06-07 19:46:20.555 | INFO     | smoke_conftest | [冒烟测试] 结束: test_card_draggable
2026-06-07 19:46:20.581 | INFO     | smoke_conftest | [冒烟测试] 开始: test_recheck_restores_default_order
2026-06-07 19:46:20.583 | INFO     | ui_conftest | 初始化浏览器: type=chrome, headless=False
2026-06-07 19:46:21.836 | INFO     | ui_conftest | 浏览器已启动: chrome
2026-06-07 19:46:21.837 | INFO     | TosLoginPage | 打开 TOS 登录页面: http://192.168.64.7:8181
2026-06-07 19:46:21.837 | INFO     | BasePage | 打开页面: http://192.168.64.7:8181
2026-06-07 19:46:21.950 | INFO     | BasePage | 页面已打开: http://192.168.64.7:8181
2026-06-07 19:46:24.957 | DEBUG    | DataLoader | 加载 YAML 数据: /Users/miaoqi/Desktop/test_dev_projects/ui_automation/testcases/smoke/../../testdata/tos_login_data.yaml
2026-06-07 19:46:24.957 | INFO     | TosLoginPage | 执行登录: 用户=test, 保持登录=False
2026-06-07 19:46:24.957 | INFO     | TosLoginPage | 输入用户名: test
2026-06-07 19:46:24.957 | DEBUG    | BasePage | 等待元素可见: ('css selector', "input.Xinput-input__inner[placeholder='用户名']"), 超时: 15s
2026-06-07 19:46:26.076 | DEBUG    | BasePage | 元素已可见: ('css selector', "input.Xinput-input__inner[placeholder='用户名']")
2026-06-07 19:46:26.076 | INFO     | BasePage | 输入文本到元素: ('css selector', "input.Xinput-input__inner[placeholder='用户名']"), 内容: 'test'
2026-06-07 19:46:26.077 | DEBUG    | BasePage | 查找元素: ('css selector', "input.Xinput-input__inner[placeholder='用户名']"), 超时: 10s
2026-06-07 19:46:26.079 | DEBUG    | BasePage | 元素已找到: ('css selector', "input.Xinput-input__inner[placeholder='用户名']")
2026-06-07 19:46:26.089 | DEBUG    | BasePage | 已清空输入框
2026-06-07 19:46:26.152 | INFO     | BasePage | 文本输入成功: 'test'
2026-06-07 19:46:26.152 | INFO     | TosLoginPage | 点击下一步（第一步）
2026-06-07 19:46:26.153 | DEBUG    | BasePage | 查找元素: ('css selector', 'i.iconfont.iconright'), 超时: 10s
2026-06-07 19:46:26.156 | DEBUG    | BasePage | 元素已找到: ('css selector', 'i.iconfont.iconright')
2026-06-07 19:46:26.196 | DEBUG    | BasePage | 等待元素可见: ('css selector', "input.Xinput-input__inner[placeholder='密码']"), 超时: 10s
2026-06-07 19:46:26.204 | DEBUG    | BasePage | 元素已可见: ('css selector', "input.Xinput-input__inner[placeholder='密码']")
2026-06-07 19:46:26.204 | INFO     | TosLoginPage | 输入密码
2026-06-07 19:46:26.204 | DEBUG    | BasePage | 等待元素可见: ('css selector', "input.Xinput-input__inner[placeholder='密码']"), 超时: 10s
2026-06-07 19:46:26.209 | DEBUG    | BasePage | 元素已可见: ('css selector', "input.Xinput-input__inner[placeholder='密码']")
2026-06-07 19:46:26.209 | INFO     | BasePage | 输入文本到元素: ('css selector', "input.Xinput-input__inner[placeholder='密码']"), 内容: 'Admin123'
2026-06-07 19:46:26.209 | DEBUG    | BasePage | 查找元素: ('css selector', "input.Xinput-input__inner[placeholder='密码']"), 超时: 10s
2026-06-07 19:46:26.211 | DEBUG    | BasePage | 元素已找到: ('css selector', "input.Xinput-input__inner[placeholder='密码']")
2026-06-07 19:46:26.218 | DEBUG    | BasePage | 已清空输入框
2026-06-07 19:46:26.270 | INFO     | BasePage | 文本输入成功: 'Admin123'
2026-06-07 19:46:26.270 | INFO     | TosLoginPage | 取消勾选保持登录
2026-06-07 19:46:26.270 | DEBUG    | BasePage | 查找元素: ('css selector', 'input.input_check'), 超时: 5s
2026-06-07 19:46:26.274 | DEBUG    | BasePage | 元素已找到: ('css selector', 'input.input_check')
2026-06-07 19:46:26.277 | INFO     | TosLoginPage | 点击下一步（第二步/登录）
2026-06-07 19:46:26.277 | DEBUG    | BasePage | 查找元素: ('css selector', 'i.iconfont.iconright'), 超时: 10s
2026-06-07 19:46:26.279 | DEBUG    | BasePage | 元素已找到: ('css selector', 'i.iconfont.iconright')
2026-06-07 19:46:31.282 | INFO     | TosLoginPage | 验证登录是否成功...
2026-06-07 19:46:31.285 | INFO     | TosLoginPage | 登录成功：URL 已变为 http://192.168.64.7:8181/tos/#/desktop
2026-06-07 19:46:34.289 | INFO     | TosDashboardPage | 点击右侧栏打开系统看板
2026-06-07 19:46:34.289 | DEBUG    | BasePage | 查找元素: ('css selector', 'i.iconfont.icontosboard'), 超时: 10s
2026-06-07 19:46:34.295 | DEBUG    | BasePage | 元素已找到: ('css selector', 'i.iconfont.icontosboard')
2026-06-07 19:46:37.321 | DEBUG    | BasePage | 判断元素是否可见: ('css selector', 'div.user_name')
2026-06-07 19:46:37.334 | DEBUG    | BasePage | 元素可见: ('css selector', 'div.user_name')
2026-06-07 19:46:37.335 | INFO     | TosDashboardPage | 打开系统看板设置面板
2026-06-07 19:46:37.335 | DEBUG    | BasePage | 查找元素: ('css selector', 'i.iconfont.iconrongqi1'), 超时: 10s
2026-06-07 19:46:37.343 | DEBUG    | BasePage | 元素已找到: ('css selector', 'i.iconfont.iconrongqi1')
2026-06-07 19:46:39.376 | INFO     | TosDashboardPage | 取消勾选模块: 设备信息
2026-06-07 19:46:39.502 | INFO     | TosDashboardPage | 设置面板模块列表: [('设备信息', True), ('系统信息', True), ('资源', True), ('网络', True), ('接口', True), ('磁盘', True), ('存储', False), ('硬件', True)]
2026-06-07 19:46:40.513 | INFO     | TosDashboardPage |   已取消勾选: 设备信息
2026-06-07 19:46:40.513 | INFO     | TosDashboardPage | 关闭设置面板
2026-06-07 19:46:40.513 | DEBUG    | BasePage | 查找元素: ('css selector', 'i.iconfont.iconrongqi1'), 超时: 10s
2026-06-07 19:46:40.520 | DEBUG    | BasePage | 元素已找到: ('css selector', 'i.iconfont.iconrongqi1')
2026-06-07 19:46:44.557 | INFO     | TosDashboardPage | 打开系统看板设置面板
2026-06-07 19:46:44.560 | DEBUG    | BasePage | 查找元素: ('css selector', 'i.iconfont.iconrongqi1'), 超时: 10s
2026-06-07 19:46:44.566 | DEBUG    | BasePage | 元素已找到: ('css selector', 'i.iconfont.iconrongqi1')
2026-06-07 19:46:46.597 | INFO     | TosDashboardPage | 勾选模块: 设备信息
2026-06-07 19:46:46.701 | INFO     | TosDashboardPage | 设置面板模块列表: [('设备信息', False), ('系统信息', True), ('资源', True), ('网络', True), ('接口', True), ('磁盘', True), ('存储', False), ('硬件', True)]
2026-06-07 19:46:47.712 | INFO     | TosDashboardPage |   已勾选: 设备信息
2026-06-07 19:46:47.712 | INFO     | TosDashboardPage | 关闭设置面板
2026-06-07 19:46:47.712 | DEBUG    | BasePage | 查找元素: ('css selector', 'i.iconfont.iconrongqi1'), 超时: 10s
2026-06-07 19:46:47.720 | DEBUG    | BasePage | 元素已找到: ('css selector', 'i.iconfont.iconrongqi1')
2026-06-07 19:46:51.835 | INFO     | TosDashboardPage | 看板可见卡片: ['设备信息', '系统信息', '资源', '网络', '接口', '磁盘', '存储', '硬件']
2026-06-07 19:46:52.390 | INFO     | BasePage | 截图已保存: /Users/miaoqi/Desktop/test_dev_projects/ui_automation/evidence/after_recheck_order_20260607_194651_835313.png
2026-06-07 19:46:52.390 | INFO     | TestTosDashboardSettings | TC_DASHBOARD_SETTINGS_005 通过：重新勾选后恢复默认顺序，当前: ['设备信息', '系统信息', '资源', '网络', '接口', '磁盘', '存储', '硬件']
2026-06-07 19:46:52.961 | INFO     | BasePage | 截图已保存: /Users/miaoqi/Desktop/test_dev_projects/ui_automation/evidence/dashboard_settings_test_end_20260607_194652_394218.png
2026-06-07 19:46:53.040 | INFO     | ui_conftest | 浏览器已关闭
2026-06-07 19:46:53.041 | INFO     | smoke_conftest | [冒烟测试] 结束: test_recheck_restores_default_order
2026-06-07 23:55:00.757 | INFO     | ui_conftest | 测试环境 URL: http://192.168.64.7:8181
2026-06-07 23:55:00.757 | INFO     | smoke_conftest | [冒烟测试] 开始: test_check_all_and_verify_settings
2026-06-07 23:55:00.757 | INFO     | ui_conftest | 初始化浏览器: type=chrome, headless=False
2026-06-07 23:55:03.801 | INFO     | ui_conftest | 浏览器已启动: chrome
2026-06-07 23:55:03.802 | INFO     | TosLoginPage | 打开 TOS 登录页面: http://192.168.64.7:8181
2026-06-07 23:55:03.802 | INFO     | BasePage | 打开页面: http://192.168.64.7:8181
2026-06-07 23:55:03.966 | INFO     | BasePage | 页面已打开: http://192.168.64.7:8181
2026-06-07 23:55:06.974 | DEBUG    | DataLoader | 加载 YAML 数据: /Users/miaoqi/Desktop/test_dev_projects/ui_automation/testcases/smoke/../../testdata/tos_login_data.yaml
2026-06-07 23:55:06.974 | INFO     | TosLoginPage | 执行登录: 用户=test, 保持登录=False
2026-06-07 23:55:06.974 | INFO     | TosLoginPage | 输入用户名: test
2026-06-07 23:55:06.974 | DEBUG    | BasePage | 等待元素可见: ('css selector', "input.Xinput-input__inner[placeholder='用户名']"), 超时: 15s
2026-06-07 23:55:07.671 | DEBUG    | BasePage | 元素已可见: ('css selector', "input.Xinput-input__inner[placeholder='用户名']")
2026-06-07 23:55:07.671 | INFO     | BasePage | 输入文本到元素: ('css selector', "input.Xinput-input__inner[placeholder='用户名']"), 内容: 'test'
2026-06-07 23:55:07.671 | DEBUG    | BasePage | 查找元素: ('css selector', "input.Xinput-input__inner[placeholder='用户名']"), 超时: 10s
2026-06-07 23:55:07.675 | DEBUG    | BasePage | 元素已找到: ('css selector', "input.Xinput-input__inner[placeholder='用户名']")
2026-06-07 23:55:07.690 | DEBUG    | BasePage | 已清空输入框
2026-06-07 23:55:07.770 | INFO     | BasePage | 文本输入成功: 'test'
2026-06-07 23:55:07.770 | INFO     | TosLoginPage | 点击下一步（第一步）
2026-06-07 23:55:07.770 | DEBUG    | BasePage | 查找元素: ('css selector', 'i.iconfont.iconright'), 超时: 10s
2026-06-07 23:55:07.773 | DEBUG    | BasePage | 元素已找到: ('css selector', 'i.iconfont.iconright')
2026-06-07 23:55:07.798 | DEBUG    | BasePage | 等待元素可见: ('css selector', "input.Xinput-input__inner[placeholder='密码']"), 超时: 10s
2026-06-07 23:55:07.811 | DEBUG    | BasePage | 元素已可见: ('css selector', "input.Xinput-input__inner[placeholder='密码']")
2026-06-07 23:55:07.811 | INFO     | TosLoginPage | 输入密码
2026-06-07 23:55:07.811 | DEBUG    | BasePage | 等待元素可见: ('css selector', "input.Xinput-input__inner[placeholder='密码']"), 超时: 10s
2026-06-07 23:55:07.815 | DEBUG    | BasePage | 元素已可见: ('css selector', "input.Xinput-input__inner[placeholder='密码']")
2026-06-07 23:55:07.815 | INFO     | BasePage | 输入文本到元素: ('css selector', "input.Xinput-input__inner[placeholder='密码']"), 内容: 'Admin123'
2026-06-07 23:55:07.815 | DEBUG    | BasePage | 查找元素: ('css selector', "input.Xinput-input__inner[placeholder='密码']"), 超时: 10s
2026-06-07 23:55:07.817 | DEBUG    | BasePage | 元素已找到: ('css selector', "input.Xinput-input__inner[placeholder='密码']")
2026-06-07 23:55:07.824 | DEBUG    | BasePage | 已清空输入框
2026-06-07 23:55:07.873 | INFO     | BasePage | 文本输入成功: 'Admin123'
2026-06-07 23:55:07.873 | INFO     | TosLoginPage | 取消勾选保持登录
2026-06-07 23:55:07.873 | DEBUG    | BasePage | 查找元素: ('css selector', 'input.input_check'), 超时: 5s
2026-06-07 23:55:07.877 | DEBUG    | BasePage | 元素已找到: ('css selector', 'input.input_check')
2026-06-07 23:55:07.880 | INFO     | TosLoginPage | 点击下一步（第二步/登录）
2026-06-07 23:55:07.880 | DEBUG    | BasePage | 查找元素: ('css selector', 'i.iconfont.iconright'), 超时: 10s
2026-06-07 23:55:07.882 | DEBUG    | BasePage | 元素已找到: ('css selector', 'i.iconfont.iconright')
2026-06-07 23:55:12.884 | INFO     | TosLoginPage | 验证登录是否成功...
2026-06-07 23:55:12.893 | INFO     | TosLoginPage | 登录成功：URL 已变为 http://192.168.64.7:8181/tos/#/desktop
2026-06-07 23:55:15.899 | INFO     | TosDashboardPage | 点击右侧栏打开系统看板
2026-06-07 23:55:15.899 | DEBUG    | BasePage | 查找元素: ('css selector', 'i.iconfont.icontosboard'), 超时: 10s
2026-06-07 23:55:15.911 | DEBUG    | BasePage | 元素已找到: ('css selector', 'i.iconfont.icontosboard')
2026-06-07 23:55:18.941 | DEBUG    | BasePage | 判断元素是否可见: ('css selector', 'div.user_name')
2026-06-07 23:55:18.955 | DEBUG    | BasePage | 元素可见: ('css selector', 'div.user_name')
2026-06-07 23:55:18.956 | INFO     | TosDashboardPage | 打开系统看板设置面板
2026-06-07 23:55:18.956 | DEBUG    | BasePage | 查找元素: ('css selector', 'i.iconfont.iconrongqi1'), 超时: 10s
2026-06-07 23:55:18.962 | DEBUG    | BasePage | 元素已找到: ('css selector', 'i.iconfont.iconrongqi1')
2026-06-07 23:55:21.099 | INFO     | TosDashboardPage | 设置面板模块列表: [('设备信息', True), ('系统信息', True), ('资源', True), ('网络', True), ('接口', True), ('磁盘', True), ('存储', False), ('硬件', True)]
2026-06-07 23:55:21.099 | INFO     | TosDashboardPage | 勾选所有模块
2026-06-07 23:55:21.207 | INFO     | TosDashboardPage | 设置面板模块列表: [('设备信息', True), ('系统信息', True), ('资源', True), ('网络', True), ('接口', True), ('磁盘', True), ('存储', False), ('硬件', True)]
2026-06-07 23:55:21.715 | INFO     | TosDashboardPage |   已勾选: 存储
2026-06-07 23:55:21.715 | INFO     | TosDashboardPage | 关闭设置面板
2026-06-07 23:55:21.715 | DEBUG    | BasePage | 查找元素: ('css selector', 'i.iconfont.iconrongqi1'), 超时: 10s
2026-06-07 23:55:21.717 | DEBUG    | BasePage | 元素已找到: ('css selector', 'i.iconfont.iconrongqi1')
2026-06-07 23:55:25.800 | INFO     | TosDashboardPage | 看板可见卡片: ['设备信息', '系统信息', '资源', '网络', '接口', '磁盘', '存储', '硬件']
2026-06-07 23:55:26.373 | INFO     | BasePage | 截图已保存: /Users/miaoqi/Desktop/test_dev_projects/ui_automation/evidence/all_checked_initial_20260607_235525_800963.png
2026-06-07 23:55:26.373 | INFO     | TestTosDashboardSettings | TC_DASHBOARD_SETTINGS_001 通过：全部勾选，卡片: ['设备信息', '系统信息', '资源', '网络', '接口', '磁盘', '存储', '硬件']
2026-06-07 23:55:26.960 | INFO     | BasePage | 截图已保存: /Users/miaoqi/Desktop/test_dev_projects/ui_automation/evidence/dashboard_settings_test_end_20260607_235526_376169.png
2026-06-07 23:55:27.040 | INFO     | ui_conftest | 浏览器已关闭
2026-06-07 23:55:27.040 | INFO     | smoke_conftest | [冒烟测试] 结束: test_check_all_and_verify_settings
2026-06-07 23:55:27.122 | INFO     | smoke_conftest | [冒烟测试] 开始: test_uncheck_modules_one_by_one
2026-06-07 23:55:27.122 | INFO     | ui_conftest | 初始化浏览器: type=chrome, headless=False
2026-06-07 23:55:28.231 | INFO     | ui_conftest | 浏览器已启动: chrome
2026-06-07 23:55:28.237 | INFO     | TosLoginPage | 打开 TOS 登录页面: http://192.168.64.7:8181
2026-06-07 23:55:28.237 | INFO     | BasePage | 打开页面: http://192.168.64.7:8181
2026-06-07 23:55:28.328 | INFO     | BasePage | 页面已打开: http://192.168.64.7:8181
2026-06-07 23:55:31.336 | DEBUG    | DataLoader | 加载 YAML 数据: /Users/miaoqi/Desktop/test_dev_projects/ui_automation/testcases/smoke/../../testdata/tos_login_data.yaml
2026-06-07 23:55:31.336 | INFO     | TosLoginPage | 执行登录: 用户=test, 保持登录=False
2026-06-07 23:55:31.336 | INFO     | TosLoginPage | 输入用户名: test
2026-06-07 23:55:31.336 | DEBUG    | BasePage | 等待元素可见: ('css selector', "input.Xinput-input__inner[placeholder='用户名']"), 超时: 15s
2026-06-07 23:55:32.374 | DEBUG    | BasePage | 元素已可见: ('css selector', "input.Xinput-input__inner[placeholder='用户名']")
2026-06-07 23:55:32.374 | INFO     | BasePage | 输入文本到元素: ('css selector', "input.Xinput-input__inner[placeholder='用户名']"), 内容: 'test'
2026-06-07 23:55:32.374 | DEBUG    | BasePage | 查找元素: ('css selector', "input.Xinput-input__inner[placeholder='用户名']"), 超时: 10s
2026-06-07 23:55:32.377 | DEBUG    | BasePage | 元素已找到: ('css selector', "input.Xinput-input__inner[placeholder='用户名']")
2026-06-07 23:55:32.388 | DEBUG    | BasePage | 已清空输入框
2026-06-07 23:55:32.455 | INFO     | BasePage | 文本输入成功: 'test'
2026-06-07 23:55:32.456 | INFO     | TosLoginPage | 点击下一步（第一步）
2026-06-07 23:55:32.456 | DEBUG    | BasePage | 查找元素: ('css selector', 'i.iconfont.iconright'), 超时: 10s
2026-06-07 23:55:32.459 | DEBUG    | BasePage | 元素已找到: ('css selector', 'i.iconfont.iconright')
2026-06-07 23:55:32.472 | DEBUG    | BasePage | 等待元素可见: ('css selector', "input.Xinput-input__inner[placeholder='密码']"), 超时: 10s
2026-06-07 23:55:32.480 | DEBUG    | BasePage | 元素已可见: ('css selector', "input.Xinput-input__inner[placeholder='密码']")
2026-06-07 23:55:32.480 | INFO     | TosLoginPage | 输入密码
2026-06-07 23:55:32.480 | DEBUG    | BasePage | 等待元素可见: ('css selector', "input.Xinput-input__inner[placeholder='密码']"), 超时: 10s
2026-06-07 23:55:32.485 | DEBUG    | BasePage | 元素已可见: ('css selector', "input.Xinput-input__inner[placeholder='密码']")
2026-06-07 23:55:32.485 | INFO     | BasePage | 输入文本到元素: ('css selector', "input.Xinput-input__inner[placeholder='密码']"), 内容: 'Admin123'
2026-06-07 23:55:32.485 | DEBUG    | BasePage | 查找元素: ('css selector', "input.Xinput-input__inner[placeholder='密码']"), 超时: 10s
2026-06-07 23:55:32.487 | DEBUG    | BasePage | 元素已找到: ('css selector', "input.Xinput-input__inner[placeholder='密码']")
2026-06-07 23:55:32.495 | DEBUG    | BasePage | 已清空输入框
2026-06-07 23:55:32.546 | INFO     | BasePage | 文本输入成功: 'Admin123'
2026-06-07 23:55:32.546 | INFO     | TosLoginPage | 取消勾选保持登录
2026-06-07 23:55:32.546 | DEBUG    | BasePage | 查找元素: ('css selector', 'input.input_check'), 超时: 5s
2026-06-07 23:55:32.549 | DEBUG    | BasePage | 元素已找到: ('css selector', 'input.input_check')
2026-06-07 23:55:32.552 | INFO     | TosLoginPage | 点击下一步（第二步/登录）
2026-06-07 23:55:32.552 | DEBUG    | BasePage | 查找元素: ('css selector', 'i.iconfont.iconright'), 超时: 10s
2026-06-07 23:55:32.554 | DEBUG    | BasePage | 元素已找到: ('css selector', 'i.iconfont.iconright')
2026-06-07 23:55:37.559 | INFO     | TosLoginPage | 验证登录是否成功...
2026-06-07 23:55:37.565 | INFO     | TosLoginPage | 登录成功：URL 已变为 http://192.168.64.7:8181/tos/#/desktop
2026-06-07 23:55:40.567 | INFO     | TosDashboardPage | 点击右侧栏打开系统看板
2026-06-07 23:55:40.567 | DEBUG    | BasePage | 查找元素: ('css selector', 'i.iconfont.icontosboard'), 超时: 10s
2026-06-07 23:55:40.571 | DEBUG    | BasePage | 元素已找到: ('css selector', 'i.iconfont.icontosboard')
2026-06-07 23:55:43.591 | DEBUG    | BasePage | 判断元素是否可见: ('css selector', 'div.user_name')
2026-06-07 23:55:43.603 | DEBUG    | BasePage | 元素可见: ('css selector', 'div.user_name')
2026-06-07 23:55:43.604 | INFO     | TosDashboardPage | 打开系统看板设置面板
2026-06-07 23:55:43.604 | DEBUG    | BasePage | 查找元素: ('css selector', 'i.iconfont.iconrongqi1'), 超时: 10s
2026-06-07 23:55:43.614 | DEBUG    | BasePage | 元素已找到: ('css selector', 'i.iconfont.iconrongqi1')
2026-06-07 23:55:45.645 | INFO     | TosDashboardPage | 勾选所有模块
2026-06-07 23:55:45.762 | INFO     | TosDashboardPage | 设置面板模块列表: [('设备信息', True), ('系统信息', True), ('资源', True), ('网络', True), ('接口', True), ('磁盘', True), ('存储', True), ('硬件', True)]
2026-06-07 23:55:45.762 | INFO     | TosDashboardPage |   所有模块已全部勾选，无需操作
2026-06-07 23:55:45.762 | INFO     | TosDashboardPage | 关闭设置面板
2026-06-07 23:55:45.762 | DEBUG    | BasePage | 查找元素: ('css selector', 'i.iconfont.iconrongqi1'), 超时: 10s
2026-06-07 23:55:45.764 | DEBUG    | BasePage | 元素已找到: ('css selector', 'i.iconfont.iconrongqi1')
2026-06-07 23:55:49.783 | INFO     | TestTosDashboardSettings | --- 第 1/8 步：取消勾选 '设备信息' ---
2026-06-07 23:55:49.784 | INFO     | TosDashboardPage | 打开系统看板设置面板
2026-06-07 23:55:49.784 | DEBUG    | BasePage | 查找元素: ('css selector', 'i.iconfont.iconrongqi1'), 超时: 10s
2026-06-07 23:55:49.791 | DEBUG    | BasePage | 元素已找到: ('css selector', 'i.iconfont.iconrongqi1')
2026-06-07 23:55:51.822 | INFO     | TosDashboardPage | 取消勾选模块: 设备信息
2026-06-07 23:55:51.933 | INFO     | TosDashboardPage | 设置面板模块列表: [('设备信息', True), ('系统信息', True), ('资源', True), ('网络', True), ('接口', True), ('磁盘', True), ('存储', True), ('硬件', True)]
2026-06-07 23:55:52.945 | INFO     | TosDashboardPage |   已取消勾选: 设备信息
2026-06-07 23:55:52.945 | INFO     | TosDashboardPage | 关闭设置面板
2026-06-07 23:55:52.945 | DEBUG    | BasePage | 查找元素: ('css selector', 'i.iconfont.iconrongqi1'), 超时: 10s
2026-06-07 23:55:52.953 | DEBUG    | BasePage | 元素已找到: ('css selector', 'i.iconfont.iconrongqi1')
2026-06-07 23:55:57.068 | INFO     | TosDashboardPage | 看板可见卡片: ['设备信息', '系统信息', '资源', '网络', '接口', '磁盘', '存储', '硬件']
2026-06-07 23:55:57.642 | ERROR    | conftest | 测试失败，截图已保存: /Users/miaoqi/Desktop/test_dev_projects/ui_automation/evidence/FAIL_test_uncheck_modules_one_by_one_20260607_235557.png
2026-06-07 23:55:58.191 | INFO     | BasePage | 截图已保存: /Users/miaoqi/Desktop/test_dev_projects/ui_automation/evidence/dashboard_settings_test_end_20260607_235557_643065.png
2026-06-07 23:55:58.272 | INFO     | ui_conftest | 浏览器已关闭
2026-06-07 23:55:58.272 | INFO     | smoke_conftest | [冒烟测试] 结束: test_uncheck_modules_one_by_one
2026-06-07 23:55:58.304 | INFO     | smoke_conftest | [冒烟测试] 开始: test_card_draggable
2026-06-07 23:55:58.308 | INFO     | ui_conftest | 初始化浏览器: type=chrome, headless=False
2026-06-07 23:55:59.365 | INFO     | ui_conftest | 浏览器已启动: chrome
2026-06-07 23:55:59.372 | INFO     | TosLoginPage | 打开 TOS 登录页面: http://192.168.64.7:8181
2026-06-07 23:55:59.372 | INFO     | BasePage | 打开页面: http://192.168.64.7:8181
2026-06-07 23:55:59.507 | INFO     | BasePage | 页面已打开: http://192.168.64.7:8181
2026-06-07 23:56:02.513 | DEBUG    | DataLoader | 加载 YAML 数据: /Users/miaoqi/Desktop/test_dev_projects/ui_automation/testcases/smoke/../../testdata/tos_login_data.yaml
2026-06-07 23:56:02.513 | INFO     | TosLoginPage | 执行登录: 用户=test, 保持登录=False
2026-06-07 23:56:02.513 | INFO     | TosLoginPage | 输入用户名: test
2026-06-07 23:56:02.513 | DEBUG    | BasePage | 等待元素可见: ('css selector', "input.Xinput-input__inner[placeholder='用户名']"), 超时: 15s
2026-06-07 23:56:03.096 | DEBUG    | BasePage | 元素已可见: ('css selector', "input.Xinput-input__inner[placeholder='用户名']")
2026-06-07 23:56:03.097 | INFO     | BasePage | 输入文本到元素: ('css selector', "input.Xinput-input__inner[placeholder='用户名']"), 内容: 'test'
2026-06-07 23:56:03.097 | DEBUG    | BasePage | 查找元素: ('css selector', "input.Xinput-input__inner[placeholder='用户名']"), 超时: 10s
2026-06-07 23:56:03.099 | DEBUG    | BasePage | 元素已找到: ('css selector', "input.Xinput-input__inner[placeholder='用户名']")
2026-06-07 23:56:03.117 | DEBUG    | BasePage | 已清空输入框
2026-06-07 23:56:03.196 | INFO     | BasePage | 文本输入成功: 'test'
2026-06-07 23:56:03.196 | INFO     | TosLoginPage | 点击下一步（第一步）
2026-06-07 23:56:03.196 | DEBUG    | BasePage | 查找元素: ('css selector', 'i.iconfont.iconright'), 超时: 10s
2026-06-07 23:56:03.202 | DEBUG    | BasePage | 元素已找到: ('css selector', 'i.iconfont.iconright')
2026-06-07 23:56:03.220 | DEBUG    | BasePage | 等待元素可见: ('css selector', "input.Xinput-input__inner[placeholder='密码']"), 超时: 10s
2026-06-07 23:56:03.227 | DEBUG    | BasePage | 元素已可见: ('css selector', "input.Xinput-input__inner[placeholder='密码']")
2026-06-07 23:56:03.227 | INFO     | TosLoginPage | 输入密码
2026-06-07 23:56:03.227 | DEBUG    | BasePage | 等待元素可见: ('css selector', "input.Xinput-input__inner[placeholder='密码']"), 超时: 10s
2026-06-07 23:56:03.232 | DEBUG    | BasePage | 元素已可见: ('css selector', "input.Xinput-input__inner[placeholder='密码']")
2026-06-07 23:56:03.232 | INFO     | BasePage | 输入文本到元素: ('css selector', "input.Xinput-input__inner[placeholder='密码']"), 内容: 'Admin123'
2026-06-07 23:56:03.232 | DEBUG    | BasePage | 查找元素: ('css selector', "input.Xinput-input__inner[placeholder='密码']"), 超时: 10s
2026-06-07 23:56:03.234 | DEBUG    | BasePage | 元素已找到: ('css selector', "input.Xinput-input__inner[placeholder='密码']")
2026-06-07 23:56:03.240 | DEBUG    | BasePage | 已清空输入框
2026-06-07 23:56:03.293 | INFO     | BasePage | 文本输入成功: 'Admin123'
2026-06-07 23:56:03.293 | INFO     | TosLoginPage | 取消勾选保持登录
2026-06-07 23:56:03.293 | DEBUG    | BasePage | 查找元素: ('css selector', 'input.input_check'), 超时: 5s
2026-06-07 23:56:03.296 | DEBUG    | BasePage | 元素已找到: ('css selector', 'input.input_check')
2026-06-07 23:56:03.304 | INFO     | TosLoginPage | 点击下一步（第二步/登录）
2026-06-07 23:56:03.305 | DEBUG    | BasePage | 查找元素: ('css selector', 'i.iconfont.iconright'), 超时: 10s
2026-06-07 23:56:03.307 | DEBUG    | BasePage | 元素已找到: ('css selector', 'i.iconfont.iconright')
2026-06-07 23:56:08.314 | INFO     | TosLoginPage | 验证登录是否成功...
2026-06-07 23:56:08.317 | INFO     | TosLoginPage | 登录成功：URL 已变为 http://192.168.64.7:8181/tos/#/desktop
2026-06-07 23:56:11.320 | INFO     | TosDashboardPage | 点击右侧栏打开系统看板
2026-06-07 23:56:11.320 | DEBUG    | BasePage | 查找元素: ('css selector', 'i.iconfont.icontosboard'), 超时: 10s
2026-06-07 23:56:11.329 | DEBUG    | BasePage | 元素已找到: ('css selector', 'i.iconfont.icontosboard')
2026-06-07 23:56:14.355 | DEBUG    | BasePage | 判断元素是否可见: ('css selector', 'div.user_name')
2026-06-07 23:56:14.374 | DEBUG    | BasePage | 元素可见: ('css selector', 'div.user_name')
2026-06-07 23:56:14.377 | INFO     | TosDashboardPage | 打开系统看板设置面板
2026-06-07 23:56:14.377 | DEBUG    | BasePage | 查找元素: ('css selector', 'i.iconfont.iconrongqi1'), 超时: 10s
2026-06-07 23:56:14.384 | DEBUG    | BasePage | 元素已找到: ('css selector', 'i.iconfont.iconrongqi1')
2026-06-07 23:56:16.431 | INFO     | TosDashboardPage | 勾选所有模块
2026-06-07 23:56:16.596 | INFO     | TosDashboardPage | 设置面板模块列表: [('设备信息', False), ('系统信息', True), ('资源', True), ('网络', True), ('接口', True), ('磁盘', True), ('存储', True), ('硬件', True)]
2026-06-07 23:56:17.108 | INFO     | TosDashboardPage |   已勾选: 设备信息
2026-06-07 23:56:17.108 | INFO     | TosDashboardPage | 关闭设置面板
2026-06-07 23:56:17.108 | DEBUG    | BasePage | 查找元素: ('css selector', 'i.iconfont.iconrongqi1'), 超时: 10s
2026-06-07 23:56:17.112 | DEBUG    | BasePage | 元素已找到: ('css selector', 'i.iconfont.iconrongqi1')
2026-06-07 23:56:21.140 | INFO     | TosDashboardPage | 拖动卡片: 资源, offset=(0, -80)
2026-06-07 23:56:23.749 | INFO     | TosDashboardPage |   拖动前 y=167, 拖动后 y=167
2026-06-07 23:56:24.320 | ERROR    | conftest | 测试失败，截图已保存: /Users/miaoqi/Desktop/test_dev_projects/ui_automation/evidence/FAIL_test_card_draggable_20260607_235623.png
2026-06-07 23:56:24.894 | INFO     | BasePage | 截图已保存: /Users/miaoqi/Desktop/test_dev_projects/ui_automation/evidence/dashboard_settings_test_end_20260607_235624_321057.png
2026-06-07 23:56:24.978 | INFO     | ui_conftest | 浏览器已关闭
2026-06-07 23:56:24.978 | INFO     | smoke_conftest | [冒烟测试] 结束: test_card_draggable
2026-06-07 23:56:24.999 | INFO     | smoke_conftest | [冒烟测试] 开始: test_recheck_restores_default_order
2026-06-07 23:56:25.000 | INFO     | ui_conftest | 初始化浏览器: type=chrome, headless=False
2026-06-07 23:56:29.210 | INFO     | ui_conftest | 浏览器已启动: chrome
2026-06-07 23:56:29.212 | INFO     | TosLoginPage | 打开 TOS 登录页面: http://192.168.64.7:8181
2026-06-07 23:56:29.212 | INFO     | BasePage | 打开页面: http://192.168.64.7:8181
2026-06-07 23:56:29.291 | INFO     | BasePage | 页面已打开: http://192.168.64.7:8181
2026-06-07 23:56:32.299 | DEBUG    | DataLoader | 加载 YAML 数据: /Users/miaoqi/Desktop/test_dev_projects/ui_automation/testcases/smoke/../../testdata/tos_login_data.yaml
2026-06-07 23:56:32.299 | INFO     | TosLoginPage | 执行登录: 用户=test, 保持登录=False
2026-06-07 23:56:32.299 | INFO     | TosLoginPage | 输入用户名: test
2026-06-07 23:56:32.299 | DEBUG    | BasePage | 等待元素可见: ('css selector', "input.Xinput-input__inner[placeholder='用户名']"), 超时: 15s
2026-06-07 23:56:32.825 | DEBUG    | BasePage | 元素已可见: ('css selector', "input.Xinput-input__inner[placeholder='用户名']")
2026-06-07 23:56:32.825 | INFO     | BasePage | 输入文本到元素: ('css selector', "input.Xinput-input__inner[placeholder='用户名']"), 内容: 'test'
2026-06-07 23:56:32.826 | DEBUG    | BasePage | 查找元素: ('css selector', "input.Xinput-input__inner[placeholder='用户名']"), 超时: 10s
2026-06-07 23:56:32.830 | DEBUG    | BasePage | 元素已找到: ('css selector', "input.Xinput-input__inner[placeholder='用户名']")
2026-06-07 23:56:32.846 | DEBUG    | BasePage | 已清空输入框
2026-06-07 23:56:32.918 | INFO     | BasePage | 文本输入成功: 'test'
2026-06-07 23:56:32.919 | INFO     | TosLoginPage | 点击下一步（第一步）
2026-06-07 23:56:32.919 | DEBUG    | BasePage | 查找元素: ('css selector', 'i.iconfont.iconright'), 超时: 10s
2026-06-07 23:56:32.922 | DEBUG    | BasePage | 元素已找到: ('css selector', 'i.iconfont.iconright')
2026-06-07 23:56:32.939 | DEBUG    | BasePage | 等待元素可见: ('css selector', "input.Xinput-input__inner[placeholder='密码']"), 超时: 10s
2026-06-07 23:56:32.946 | DEBUG    | BasePage | 元素已可见: ('css selector', "input.Xinput-input__inner[placeholder='密码']")
2026-06-07 23:56:32.946 | INFO     | TosLoginPage | 输入密码
2026-06-07 23:56:32.947 | DEBUG    | BasePage | 等待元素可见: ('css selector', "input.Xinput-input__inner[placeholder='密码']"), 超时: 10s
2026-06-07 23:56:32.952 | DEBUG    | BasePage | 元素已可见: ('css selector', "input.Xinput-input__inner[placeholder='密码']")
2026-06-07 23:56:32.952 | INFO     | BasePage | 输入文本到元素: ('css selector', "input.Xinput-input__inner[placeholder='密码']"), 内容: 'Admin123'
2026-06-07 23:56:32.952 | DEBUG    | BasePage | 查找元素: ('css selector', "input.Xinput-input__inner[placeholder='密码']"), 超时: 10s
2026-06-07 23:56:32.954 | DEBUG    | BasePage | 元素已找到: ('css selector', "input.Xinput-input__inner[placeholder='密码']")
2026-06-07 23:56:32.961 | DEBUG    | BasePage | 已清空输入框
2026-06-07 23:56:33.013 | INFO     | BasePage | 文本输入成功: 'Admin123'
2026-06-07 23:56:33.013 | INFO     | TosLoginPage | 取消勾选保持登录
2026-06-07 23:56:33.013 | DEBUG    | BasePage | 查找元素: ('css selector', 'input.input_check'), 超时: 5s
2026-06-07 23:56:33.016 | DEBUG    | BasePage | 元素已找到: ('css selector', 'input.input_check')
2026-06-07 23:56:33.019 | INFO     | TosLoginPage | 点击下一步（第二步/登录）
2026-06-07 23:56:33.019 | DEBUG    | BasePage | 查找元素: ('css selector', 'i.iconfont.iconright'), 超时: 10s
2026-06-07 23:56:33.021 | DEBUG    | BasePage | 元素已找到: ('css selector', 'i.iconfont.iconright')
2026-06-07 23:56:38.028 | INFO     | TosLoginPage | 验证登录是否成功...
2026-06-07 23:56:38.033 | INFO     | TosLoginPage | 登录成功：URL 已变为 http://192.168.64.7:8181/tos/#/desktop
2026-06-07 23:56:41.037 | INFO     | TosDashboardPage | 点击右侧栏打开系统看板
2026-06-07 23:56:41.038 | DEBUG    | BasePage | 查找元素: ('css selector', 'i.iconfont.icontosboard'), 超时: 10s
2026-06-07 23:56:41.048 | DEBUG    | BasePage | 元素已找到: ('css selector', 'i.iconfont.icontosboard')
2026-06-07 23:56:44.088 | DEBUG    | BasePage | 判断元素是否可见: ('css selector', 'div.user_name')
2026-06-07 23:56:44.103 | DEBUG    | BasePage | 元素可见: ('css selector', 'div.user_name')
2026-06-07 23:56:44.109 | INFO     | TosDashboardPage | 打开系统看板设置面板
2026-06-07 23:56:44.109 | DEBUG    | BasePage | 查找元素: ('css selector', 'i.iconfont.iconrongqi1'), 超时: 10s
2026-06-07 23:56:44.116 | DEBUG    | BasePage | 元素已找到: ('css selector', 'i.iconfont.iconrongqi1')
2026-06-07 23:56:46.145 | INFO     | TosDashboardPage | 取消勾选所有模块
2026-06-07 23:56:46.291 | INFO     | TosDashboardPage | 设置面板模块列表: [('设备信息', True), ('系统信息', True), ('资源', True), ('网络', True), ('接口', True), ('磁盘', True), ('存储', True), ('硬件', True)]
2026-06-07 23:56:46.797 | INFO     | TosDashboardPage |   已取消勾选: 设备信息
2026-06-07 23:56:47.308 | INFO     | TosDashboardPage |   已取消勾选: 系统信息
2026-06-07 23:56:47.822 | INFO     | TosDashboardPage |   已取消勾选: 资源
2026-06-07 23:56:48.338 | INFO     | TosDashboardPage |   已取消勾选: 网络
2026-06-07 23:56:48.853 | INFO     | TosDashboardPage |   已取消勾选: 接口
2026-06-07 23:56:49.369 | INFO     | TosDashboardPage |   已取消勾选: 磁盘
2026-06-07 23:56:49.884 | INFO     | TosDashboardPage |   已取消勾选: 存储
2026-06-07 23:56:50.400 | INFO     | TosDashboardPage |   已取消勾选: 硬件
2026-06-07 23:56:50.401 | INFO     | TosDashboardPage | 关闭设置面板
2026-06-07 23:56:50.401 | DEBUG    | BasePage | 查找元素: ('css selector', 'i.iconfont.iconrongqi1'), 超时: 10s
2026-06-07 23:56:50.408 | DEBUG    | BasePage | 元素已找到: ('css selector', 'i.iconfont.iconrongqi1')
2026-06-07 23:56:54.437 | INFO     | TosDashboardPage | 打开系统看板设置面板
2026-06-07 23:56:54.437 | DEBUG    | BasePage | 查找元素: ('css selector', 'i.iconfont.iconrongqi1'), 超时: 10s
2026-06-07 23:56:54.444 | DEBUG    | BasePage | 元素已找到: ('css selector', 'i.iconfont.iconrongqi1')
2026-06-07 23:56:56.477 | INFO     | TosDashboardPage | 勾选所有模块
2026-06-07 23:56:56.585 | INFO     | TosDashboardPage | 设置面板模块列表: [('设备信息', False), ('系统信息', False), ('资源', False), ('网络', False), ('接口', False), ('磁盘', False), ('存储', False), ('硬件', False)]
2026-06-07 23:56:57.095 | INFO     | TosDashboardPage |   已勾选: 设备信息
2026-06-07 23:56:57.612 | INFO     | TosDashboardPage |   已勾选: 系统信息
2026-06-07 23:56:58.129 | INFO     | TosDashboardPage |   已勾选: 资源
2026-06-07 23:56:58.643 | INFO     | TosDashboardPage |   已勾选: 网络
2026-06-07 23:56:59.159 | INFO     | TosDashboardPage |   已勾选: 接口
2026-06-07 23:56:59.674 | INFO     | TosDashboardPage |   已勾选: 磁盘
2026-06-07 23:57:00.188 | INFO     | TosDashboardPage |   已勾选: 存储
2026-06-07 23:57:00.705 | INFO     | TosDashboardPage |   已勾选: 硬件
2026-06-07 23:57:00.705 | INFO     | TosDashboardPage | 关闭设置面板
2026-06-07 23:57:00.706 | DEBUG    | BasePage | 查找元素: ('css selector', 'i.iconfont.iconrongqi1'), 超时: 10s
2026-06-07 23:57:00.714 | DEBUG    | BasePage | 元素已找到: ('css selector', 'i.iconfont.iconrongqi1')
2026-06-07 23:57:04.826 | INFO     | TosDashboardPage | 看板可见卡片: ['设备信息', '系统信息', '资源', '网络', '接口', '磁盘', '存储', '硬件']
2026-06-07 23:57:05.385 | INFO     | BasePage | 截图已保存: /Users/miaoqi/Desktop/test_dev_projects/ui_automation/evidence/after_recheck_all_order_20260607_235704_826970.png
2026-06-07 23:57:05.385 | INFO     | TestTosDashboardSettings | TC_DASHBOARD_SETTINGS_004 通过：重新勾选后恢复默认顺序: ['设备信息', '系统信息', '资源', '网络', '接口', '磁盘', '存储', '硬件']
2026-06-07 23:57:05.966 | INFO     | BasePage | 截图已保存: /Users/miaoqi/Desktop/test_dev_projects/ui_automation/evidence/dashboard_settings_test_end_20260607_235705_387704.png
2026-06-07 23:57:06.085 | INFO     | ui_conftest | 浏览器已关闭
2026-06-07 23:57:06.086 | INFO     | smoke_conftest | [冒烟测试] 结束: test_recheck_restores_default_order
