2026-06-02 00:21:11.213 | INFO     | ui_conftest | 测试环境 URL: http://192.168.64.7:8181
2026-06-02 00:21:11.213 | INFO     | smoke_conftest | [冒烟测试] 开始: test_click_storage_manager
2026-06-02 00:21:11.213 | INFO     | ui_conftest | 初始化浏览器: type=chrome, headless=False
2026-06-02 00:21:12.398 | INFO     | ui_conftest | 浏览器已启动: chrome
2026-06-02 00:21:12.398 | INFO     | TosLoginPage | 打开 TOS 登录页面: http://192.168.64.7:8181
2026-06-02 00:21:12.398 | INFO     | BasePage | 打开页面: http://192.168.64.7:8181
2026-06-02 00:21:12.466 | INFO     | BasePage | 页面已打开: http://192.168.64.7:8181
2026-06-02 00:21:15.472 | DEBUG    | DataLoader | 加载 YAML 数据: /Users/miaoqi/Desktop/test_dev_projects/ui_automation/testcases/smoke/../../testdata/tos_login_data.yaml
2026-06-02 00:21:15.472 | INFO     | TosLoginPage | 执行登录: 用户=test, 保持登录=False
2026-06-02 00:21:15.472 | INFO     | TosLoginPage | 输入用户名: test
2026-06-02 00:21:15.472 | DEBUG    | BasePage | 等待元素可见: ('css selector', "input.Xinput-input__inner[placeholder='用户名']"), 超时: 15s
2026-06-02 00:21:16.223 | DEBUG    | BasePage | 元素已可见: ('css selector', "input.Xinput-input__inner[placeholder='用户名']")
2026-06-02 00:21:16.223 | INFO     | BasePage | 输入文本到元素: ('css selector', "input.Xinput-input__inner[placeholder='用户名']"), 内容: 'test'
2026-06-02 00:21:16.223 | DEBUG    | BasePage | 查找元素: ('css selector', "input.Xinput-input__inner[placeholder='用户名']"), 超时: 10s
2026-06-02 00:21:16.225 | DEBUG    | BasePage | 元素已找到: ('css selector', "input.Xinput-input__inner[placeholder='用户名']")
2026-06-02 00:21:16.237 | DEBUG    | BasePage | 已清空输入框
2026-06-02 00:21:16.317 | INFO     | BasePage | 文本输入成功: 'test'
2026-06-02 00:21:16.317 | INFO     | TosLoginPage | 点击下一步（第一步）
2026-06-02 00:21:16.317 | DEBUG    | BasePage | 查找元素: ('css selector', 'i.iconfont.iconright'), 超时: 10s
2026-06-02 00:21:16.321 | DEBUG    | BasePage | 元素已找到: ('css selector', 'i.iconfont.iconright')
2026-06-02 00:21:16.403 | DEBUG    | BasePage | 等待元素可见: ('css selector', "input.Xinput-input__inner[placeholder='密码']"), 超时: 10s
2026-06-02 00:21:16.415 | DEBUG    | BasePage | 元素已可见: ('css selector', "input.Xinput-input__inner[placeholder='密码']")
2026-06-02 00:21:16.415 | INFO     | TosLoginPage | 输入密码
2026-06-02 00:21:16.415 | DEBUG    | BasePage | 等待元素可见: ('css selector', "input.Xinput-input__inner[placeholder='密码']"), 超时: 10s
2026-06-02 00:21:16.422 | DEBUG    | BasePage | 元素已可见: ('css selector', "input.Xinput-input__inner[placeholder='密码']")
2026-06-02 00:21:16.422 | INFO     | BasePage | 输入文本到元素: ('css selector', "input.Xinput-input__inner[placeholder='密码']"), 内容: 'Admin123'
2026-06-02 00:21:16.422 | DEBUG    | BasePage | 查找元素: ('css selector', "input.Xinput-input__inner[placeholder='密码']"), 超时: 10s
2026-06-02 00:21:16.427 | DEBUG    | BasePage | 元素已找到: ('css selector', "input.Xinput-input__inner[placeholder='密码']")
2026-06-02 00:21:16.437 | DEBUG    | BasePage | 已清空输入框
2026-06-02 00:21:16.493 | INFO     | BasePage | 文本输入成功: 'Admin123'
2026-06-02 00:21:16.493 | INFO     | TosLoginPage | 取消勾选保持登录
2026-06-02 00:21:16.493 | DEBUG    | BasePage | 查找元素: ('css selector', 'input.input_check'), 超时: 5s
2026-06-02 00:21:16.496 | DEBUG    | BasePage | 元素已找到: ('css selector', 'input.input_check')
2026-06-02 00:21:16.500 | INFO     | TosLoginPage | 点击下一步（第二步/登录）
2026-06-02 00:21:16.500 | DEBUG    | BasePage | 查找元素: ('css selector', 'i.iconfont.iconright'), 超时: 10s
2026-06-02 00:21:16.502 | DEBUG    | BasePage | 元素已找到: ('css selector', 'i.iconfont.iconright')
2026-06-02 00:21:21.508 | INFO     | TosLoginPage | 验证登录是否成功...
2026-06-02 00:21:21.531 | INFO     | TosLoginPage | 登录成功：URL 已变为 http://192.168.64.7:8181/tos/#/desktop
2026-06-02 00:21:24.537 | INFO     | TosNavbarPage | 通过名称查找并点击应用: 存储管理
2026-06-02 00:21:26.322 | DEBUG    | TosNavbarPage |   悬浮图标，tooltip='开始'
2026-06-02 00:21:28.111 | DEBUG    | TosNavbarPage |   悬浮图标，tooltip='所有应用'
2026-06-02 00:21:29.888 | DEBUG    | TosNavbarPage |   悬浮图标，tooltip='文件管理'
2026-06-02 00:21:31.665 | DEBUG    | TosNavbarPage |   悬浮图标，tooltip='备份'
2026-06-02 00:21:33.441 | DEBUG    | TosNavbarPage |   悬浮图标，tooltip='控制面板'
2026-06-02 00:21:35.230 | DEBUG    | TosNavbarPage |   悬浮图标，tooltip='存储管理'
2026-06-02 00:21:35.231 | INFO     | TosNavbarPage | 找到应用 '存储管理'（tooltip='存储管理'），执行单击打开
2026-06-02 00:21:43.771 | INFO     | BasePage | 截图已保存: /Users/miaoqi/Desktop/test_dev_projects/ui_automation/evidence/after_click_storage_manager_20260602_002143_515465.png
2026-06-02 00:21:43.771 | INFO     | TestTosNavbar | TC_NAVBAR_004 通过：悬浮识别并点击存储管理成功
2026-06-02 00:21:44.009 | INFO     | BasePage | 截图已保存: /Users/miaoqi/Desktop/test_dev_projects/ui_automation/evidence/navbar_test_end_20260602_002143_773590.png
2026-06-02 00:21:44.189 | INFO     | ui_conftest | 浏览器已关闭
2026-06-02 00:21:44.189 | INFO     | smoke_conftest | [冒烟测试] 结束: test_click_storage_manager
2026-06-02 00:48:53.723 | INFO     | ui_conftest | 测试环境 URL: http://192.168.64.7:8181
2026-06-02 00:48:53.723 | INFO     | smoke_conftest | [冒烟测试] 开始: test_navbar_visible
2026-06-02 00:48:53.723 | INFO     | ui_conftest | 初始化浏览器: type=chrome, headless=False
2026-06-02 00:48:55.060 | INFO     | ui_conftest | 浏览器已启动: chrome
2026-06-02 00:48:55.062 | INFO     | TosLoginPage | 打开 TOS 登录页面: http://192.168.64.7:8181
2026-06-02 00:48:55.062 | INFO     | BasePage | 打开页面: http://192.168.64.7:8181
2026-06-02 00:48:55.215 | INFO     | BasePage | 页面已打开: http://192.168.64.7:8181
2026-06-02 00:48:58.223 | DEBUG    | DataLoader | 加载 YAML 数据: /Users/miaoqi/Desktop/test_dev_projects/ui_automation/testcases/smoke/../../testdata/tos_login_data.yaml
2026-06-02 00:48:58.223 | INFO     | TosLoginPage | 执行登录: 用户=test, 保持登录=False
2026-06-02 00:48:58.223 | INFO     | TosLoginPage | 输入用户名: test
2026-06-02 00:48:58.223 | DEBUG    | BasePage | 等待元素可见: ('css selector', "input.Xinput-input__inner[placeholder='用户名']"), 超时: 15s
2026-06-02 00:48:59.023 | DEBUG    | BasePage | 元素已可见: ('css selector', "input.Xinput-input__inner[placeholder='用户名']")
2026-06-02 00:48:59.023 | INFO     | BasePage | 输入文本到元素: ('css selector', "input.Xinput-input__inner[placeholder='用户名']"), 内容: 'test'
2026-06-02 00:48:59.023 | DEBUG    | BasePage | 查找元素: ('css selector', "input.Xinput-input__inner[placeholder='用户名']"), 超时: 10s
2026-06-02 00:48:59.025 | DEBUG    | BasePage | 元素已找到: ('css selector', "input.Xinput-input__inner[placeholder='用户名']")
2026-06-02 00:48:59.038 | DEBUG    | BasePage | 已清空输入框
2026-06-02 00:48:59.123 | INFO     | BasePage | 文本输入成功: 'test'
2026-06-02 00:48:59.123 | INFO     | TosLoginPage | 点击下一步（第一步）
2026-06-02 00:48:59.123 | DEBUG    | BasePage | 查找元素: ('css selector', 'i.iconfont.iconright'), 超时: 10s
2026-06-02 00:48:59.126 | DEBUG    | BasePage | 元素已找到: ('css selector', 'i.iconfont.iconright')
2026-06-02 00:48:59.166 | DEBUG    | BasePage | 等待元素可见: ('css selector', "input.Xinput-input__inner[placeholder='密码']"), 超时: 10s
2026-06-02 00:48:59.204 | DEBUG    | BasePage | 元素已可见: ('css selector', "input.Xinput-input__inner[placeholder='密码']")
2026-06-02 00:48:59.204 | INFO     | TosLoginPage | 输入密码
2026-06-02 00:48:59.204 | DEBUG    | BasePage | 等待元素可见: ('css selector', "input.Xinput-input__inner[placeholder='密码']"), 超时: 10s
2026-06-02 00:48:59.214 | DEBUG    | BasePage | 元素已可见: ('css selector', "input.Xinput-input__inner[placeholder='密码']")
2026-06-02 00:48:59.214 | INFO     | BasePage | 输入文本到元素: ('css selector', "input.Xinput-input__inner[placeholder='密码']"), 内容: 'Admin123'
2026-06-02 00:48:59.214 | DEBUG    | BasePage | 查找元素: ('css selector', "input.Xinput-input__inner[placeholder='密码']"), 超时: 10s
2026-06-02 00:48:59.219 | DEBUG    | BasePage | 元素已找到: ('css selector', "input.Xinput-input__inner[placeholder='密码']")
2026-06-02 00:48:59.237 | DEBUG    | BasePage | 已清空输入框
2026-06-02 00:48:59.299 | INFO     | BasePage | 文本输入成功: 'Admin123'
2026-06-02 00:48:59.299 | INFO     | TosLoginPage | 取消勾选保持登录
2026-06-02 00:48:59.299 | DEBUG    | BasePage | 查找元素: ('css selector', 'input.input_check'), 超时: 5s
2026-06-02 00:48:59.303 | DEBUG    | BasePage | 元素已找到: ('css selector', 'input.input_check')
2026-06-02 00:48:59.307 | INFO     | TosLoginPage | 点击下一步（第二步/登录）
2026-06-02 00:48:59.307 | DEBUG    | BasePage | 查找元素: ('css selector', 'i.iconfont.iconright'), 超时: 10s
2026-06-02 00:48:59.310 | DEBUG    | BasePage | 元素已找到: ('css selector', 'i.iconfont.iconright')
2026-06-02 00:49:04.317 | INFO     | TosLoginPage | 验证登录是否成功...
2026-06-02 00:49:04.326 | INFO     | TosLoginPage | 登录成功：URL 已变为 http://192.168.64.7:8181/tos/#/desktop
2026-06-02 00:49:07.331 | DEBUG    | BasePage | 判断元素是否可见: ('css selector', 'div.container-list')
2026-06-02 00:49:07.338 | DEBUG    | BasePage | 元素可见: ('css selector', 'div.container-list')
2026-06-02 00:49:07.361 | INFO     | TosNavbarPage | 导航栏图标数量: 13
2026-06-02 00:49:07.361 | INFO     | TestTosNavbar | TC_NAVBAR_001 通过：导航栏可见，共 13 个图标
2026-06-02 00:49:08.087 | INFO     | BasePage | 截图已保存: /Users/miaoqi/Desktop/test_dev_projects/ui_automation/evidence/navbar_test_end_20260602_004907_361929.png
2026-06-02 00:49:08.170 | INFO     | ui_conftest | 浏览器已关闭
2026-06-02 00:49:08.170 | INFO     | smoke_conftest | [冒烟测试] 结束: test_navbar_visible
2026-06-02 00:49:08.198 | INFO     | smoke_conftest | [冒烟测试] 开始: test_click_start
2026-06-02 00:49:08.198 | INFO     | ui_conftest | 初始化浏览器: type=chrome, headless=False
2026-06-02 00:49:09.180 | INFO     | ui_conftest | 浏览器已启动: chrome
2026-06-02 00:49:09.180 | INFO     | TosLoginPage | 打开 TOS 登录页面: http://192.168.64.7:8181
2026-06-02 00:49:09.180 | INFO     | BasePage | 打开页面: http://192.168.64.7:8181
2026-06-02 00:49:09.210 | INFO     | BasePage | 页面已打开: http://192.168.64.7:8181
2026-06-02 00:49:12.216 | DEBUG    | DataLoader | 加载 YAML 数据: /Users/miaoqi/Desktop/test_dev_projects/ui_automation/testcases/smoke/../../testdata/tos_login_data.yaml
2026-06-02 00:49:12.216 | INFO     | TosLoginPage | 执行登录: 用户=test, 保持登录=False
2026-06-02 00:49:12.216 | INFO     | TosLoginPage | 输入用户名: test
2026-06-02 00:49:12.216 | DEBUG    | BasePage | 等待元素可见: ('css selector', "input.Xinput-input__inner[placeholder='用户名']"), 超时: 15s
2026-06-02 00:49:12.888 | DEBUG    | BasePage | 元素已可见: ('css selector', "input.Xinput-input__inner[placeholder='用户名']")
2026-06-02 00:49:12.888 | INFO     | BasePage | 输入文本到元素: ('css selector', "input.Xinput-input__inner[placeholder='用户名']"), 内容: 'test'
2026-06-02 00:49:12.888 | DEBUG    | BasePage | 查找元素: ('css selector', "input.Xinput-input__inner[placeholder='用户名']"), 超时: 10s
2026-06-02 00:49:12.891 | DEBUG    | BasePage | 元素已找到: ('css selector', "input.Xinput-input__inner[placeholder='用户名']")
2026-06-02 00:49:12.901 | DEBUG    | BasePage | 已清空输入框
2026-06-02 00:49:12.979 | INFO     | BasePage | 文本输入成功: 'test'
2026-06-02 00:49:12.979 | INFO     | TosLoginPage | 点击下一步（第一步）
2026-06-02 00:49:12.979 | DEBUG    | BasePage | 查找元素: ('css selector', 'i.iconfont.iconright'), 超时: 10s
2026-06-02 00:49:12.983 | DEBUG    | BasePage | 元素已找到: ('css selector', 'i.iconfont.iconright')
2026-06-02 00:49:13.038 | DEBUG    | BasePage | 等待元素可见: ('css selector', "input.Xinput-input__inner[placeholder='密码']"), 超时: 10s
2026-06-02 00:49:13.044 | DEBUG    | BasePage | 元素已可见: ('css selector', "input.Xinput-input__inner[placeholder='密码']")
2026-06-02 00:49:13.045 | INFO     | TosLoginPage | 输入密码
2026-06-02 00:49:13.045 | DEBUG    | BasePage | 等待元素可见: ('css selector', "input.Xinput-input__inner[placeholder='密码']"), 超时: 10s
2026-06-02 00:49:13.051 | DEBUG    | BasePage | 元素已可见: ('css selector', "input.Xinput-input__inner[placeholder='密码']")
2026-06-02 00:49:13.051 | INFO     | BasePage | 输入文本到元素: ('css selector', "input.Xinput-input__inner[placeholder='密码']"), 内容: 'Admin123'
2026-06-02 00:49:13.051 | DEBUG    | BasePage | 查找元素: ('css selector', "input.Xinput-input__inner[placeholder='密码']"), 超时: 10s
2026-06-02 00:49:13.057 | DEBUG    | BasePage | 元素已找到: ('css selector', "input.Xinput-input__inner[placeholder='密码']")
2026-06-02 00:49:13.066 | DEBUG    | BasePage | 已清空输入框
2026-06-02 00:49:13.121 | INFO     | BasePage | 文本输入成功: 'Admin123'
2026-06-02 00:49:13.121 | INFO     | TosLoginPage | 取消勾选保持登录
2026-06-02 00:49:13.121 | DEBUG    | BasePage | 查找元素: ('css selector', 'input.input_check'), 超时: 5s
2026-06-02 00:49:13.125 | DEBUG    | BasePage | 元素已找到: ('css selector', 'input.input_check')
2026-06-02 00:49:13.128 | INFO     | TosLoginPage | 点击下一步（第二步/登录）
2026-06-02 00:49:13.128 | DEBUG    | BasePage | 查找元素: ('css selector', 'i.iconfont.iconright'), 超时: 10s
2026-06-02 00:49:13.130 | DEBUG    | BasePage | 元素已找到: ('css selector', 'i.iconfont.iconright')
2026-06-02 00:49:18.135 | INFO     | TosLoginPage | 验证登录是否成功...
2026-06-02 00:49:18.151 | INFO     | TosLoginPage | 登录成功：URL 已变为 http://192.168.64.7:8181/tos/#/desktop
2026-06-02 00:49:21.158 | INFO     | TosNavbarPage | 通过名称查找并点击应用: 开始
2026-06-02 00:49:22.938 | DEBUG    | TosNavbarPage |   悬浮图标，tooltip=''
2026-06-02 00:49:24.710 | DEBUG    | TosNavbarPage |   悬浮图标，tooltip='所有应用'
2026-06-02 00:49:26.500 | DEBUG    | TosNavbarPage |   悬浮图标，tooltip=''
2026-06-02 00:49:28.316 | DEBUG    | TosNavbarPage |   悬浮图标，tooltip='备份'
2026-06-02 00:49:30.107 | DEBUG    | TosNavbarPage |   悬浮图标，tooltip=''
2026-06-02 00:49:31.891 | DEBUG    | TosNavbarPage |   悬浮图标，tooltip='存储管理'
2026-06-02 00:49:33.677 | DEBUG    | TosNavbarPage |   悬浮图标，tooltip='应用中心'
2026-06-02 00:49:35.464 | DEBUG    | TosNavbarPage |   悬浮图标，tooltip='终端'
2026-06-02 00:49:37.246 | DEBUG    | TosNavbarPage |   悬浮图标，tooltip='安全顾问'
2026-06-02 00:49:39.034 | DEBUG    | TosNavbarPage |   悬浮图标，tooltip='Docker Manager'
2026-06-02 00:49:40.833 | DEBUG    | TosNavbarPage |   悬浮图标，tooltip='支持与帮助'
2026-06-02 00:49:42.633 | DEBUG    | TosNavbarPage |   悬浮图标，tooltip='影视'
2026-06-02 00:49:44.424 | DEBUG    | TosNavbarPage |   悬浮图标，tooltip='OpenClaw'
2026-06-02 00:49:44.424 | WARNING  | TosNavbarPage | 未找到应用: 开始
2026-06-02 00:49:45.160 | ERROR    | conftest | 测试失败，截图已保存: /Users/miaoqi/Desktop/test_dev_projects/ui_automation/evidence/FAIL_test_click_start_20260602_004944.png
2026-06-02 00:49:45.895 | INFO     | BasePage | 截图已保存: /Users/miaoqi/Desktop/test_dev_projects/ui_automation/evidence/navbar_test_end_20260602_004945_161142.png
2026-06-02 00:49:46.053 | INFO     | ui_conftest | 浏览器已关闭
2026-06-02 00:49:46.053 | INFO     | smoke_conftest | [冒烟测试] 结束: test_click_start
2026-06-02 00:49:46.109 | INFO     | smoke_conftest | [冒烟测试] 开始: test_click_all_apps
2026-06-02 00:49:46.109 | INFO     | ui_conftest | 初始化浏览器: type=chrome, headless=False
2026-06-02 00:49:55.710 | INFO     | ui_conftest | 浏览器已启动: chrome
2026-06-02 00:49:55.712 | INFO     | TosLoginPage | 打开 TOS 登录页面: http://192.168.64.7:8181
2026-06-02 00:49:55.712 | INFO     | BasePage | 打开页面: http://192.168.64.7:8181
2026-06-02 00:49:55.811 | INFO     | BasePage | 页面已打开: http://192.168.64.7:8181
2026-06-02 00:49:58.821 | DEBUG    | DataLoader | 加载 YAML 数据: /Users/miaoqi/Desktop/test_dev_projects/ui_automation/testcases/smoke/../../testdata/tos_login_data.yaml
2026-06-02 00:49:58.821 | INFO     | TosLoginPage | 执行登录: 用户=test, 保持登录=False
2026-06-02 00:49:58.821 | INFO     | TosLoginPage | 输入用户名: test
2026-06-02 00:49:58.821 | DEBUG    | BasePage | 等待元素可见: ('css selector', "input.Xinput-input__inner[placeholder='用户名']"), 超时: 15s
2026-06-02 00:49:59.501 | DEBUG    | BasePage | 元素已可见: ('css selector', "input.Xinput-input__inner[placeholder='用户名']")
2026-06-02 00:49:59.502 | INFO     | BasePage | 输入文本到元素: ('css selector', "input.Xinput-input__inner[placeholder='用户名']"), 内容: 'test'
2026-06-02 00:49:59.502 | DEBUG    | BasePage | 查找元素: ('css selector', "input.Xinput-input__inner[placeholder='用户名']"), 超时: 10s
2026-06-02 00:49:59.504 | DEBUG    | BasePage | 元素已找到: ('css selector', "input.Xinput-input__inner[placeholder='用户名']")
2026-06-02 00:49:59.515 | DEBUG    | BasePage | 已清空输入框
2026-06-02 00:49:59.590 | INFO     | BasePage | 文本输入成功: 'test'
2026-06-02 00:49:59.590 | INFO     | TosLoginPage | 点击下一步（第一步）
2026-06-02 00:49:59.590 | DEBUG    | BasePage | 查找元素: ('css selector', 'i.iconfont.iconright'), 超时: 10s
2026-06-02 00:49:59.593 | DEBUG    | BasePage | 元素已找到: ('css selector', 'i.iconfont.iconright')
2026-06-02 00:49:59.649 | DEBUG    | BasePage | 等待元素可见: ('css selector', "input.Xinput-input__inner[placeholder='密码']"), 超时: 10s
2026-06-02 00:49:59.657 | DEBUG    | BasePage | 元素已可见: ('css selector', "input.Xinput-input__inner[placeholder='密码']")
2026-06-02 00:49:59.657 | INFO     | TosLoginPage | 输入密码
2026-06-02 00:49:59.657 | DEBUG    | BasePage | 等待元素可见: ('css selector', "input.Xinput-input__inner[placeholder='密码']"), 超时: 10s
2026-06-02 00:49:59.667 | DEBUG    | BasePage | 元素已可见: ('css selector', "input.Xinput-input__inner[placeholder='密码']")
2026-06-02 00:49:59.667 | INFO     | BasePage | 输入文本到元素: ('css selector', "input.Xinput-input__inner[placeholder='密码']"), 内容: 'Admin123'
2026-06-02 00:49:59.667 | DEBUG    | BasePage | 查找元素: ('css selector', "input.Xinput-input__inner[placeholder='密码']"), 超时: 10s
2026-06-02 00:49:59.670 | DEBUG    | BasePage | 元素已找到: ('css selector', "input.Xinput-input__inner[placeholder='密码']")
2026-06-02 00:49:59.677 | DEBUG    | BasePage | 已清空输入框
2026-06-02 00:49:59.731 | INFO     | BasePage | 文本输入成功: 'Admin123'
2026-06-02 00:49:59.731 | INFO     | TosLoginPage | 取消勾选保持登录
2026-06-02 00:49:59.731 | DEBUG    | BasePage | 查找元素: ('css selector', 'input.input_check'), 超时: 5s
2026-06-02 00:49:59.735 | DEBUG    | BasePage | 元素已找到: ('css selector', 'input.input_check')
2026-06-02 00:49:59.737 | INFO     | TosLoginPage | 点击下一步（第二步/登录）
2026-06-02 00:49:59.737 | DEBUG    | BasePage | 查找元素: ('css selector', 'i.iconfont.iconright'), 超时: 10s
2026-06-02 00:49:59.740 | DEBUG    | BasePage | 元素已找到: ('css selector', 'i.iconfont.iconright')
2026-06-02 00:50:04.744 | INFO     | TosLoginPage | 验证登录是否成功...
2026-06-02 00:50:04.750 | INFO     | TosLoginPage | 登录成功：URL 已变为 http://192.168.64.7:8181/tos/#/desktop
2026-06-02 00:50:07.755 | INFO     | TosNavbarPage | 通过名称查找并点击应用: 所有应用
2026-06-02 00:50:19.563 | DEBUG    | TosNavbarPage |   悬浮图标，tooltip=''
2026-06-02 00:50:21.341 | DEBUG    | TosNavbarPage |   悬浮图标，tooltip='备份'
2026-06-02 00:50:23.110 | DEBUG    | TosNavbarPage |   悬浮图标，tooltip='应用中心'
2026-06-02 00:50:24.884 | DEBUG    | TosNavbarPage |   悬浮图标，tooltip='安全顾问'
2026-06-02 00:50:26.658 | DEBUG    | TosNavbarPage |   悬浮图标，tooltip='文件管理'
2026-06-02 00:50:28.454 | DEBUG    | TosNavbarPage |   悬浮图标，tooltip='所有应用'
2026-06-02 00:50:28.454 | INFO     | TosNavbarPage | 找到应用 '所有应用'（tooltip='所有应用'），执行单击打开
2026-06-02 00:50:36.390 | INFO     | BasePage | 截图已保存: /Users/miaoqi/Desktop/test_dev_projects/ui_automation/evidence/after_click_all_apps_20260602_005035_721825.png
2026-06-02 00:50:36.392 | INFO     | TestTosNavbar | TC_NAVBAR_003 通过：悬浮识别并点击所有应用成功
2026-06-02 00:50:36.945 | INFO     | BasePage | 截图已保存: /Users/miaoqi/Desktop/test_dev_projects/ui_automation/evidence/navbar_test_end_20260602_005036_397543.png
2026-06-02 00:50:37.035 | INFO     | ui_conftest | 浏览器已关闭
2026-06-02 00:50:37.036 | INFO     | smoke_conftest | [冒烟测试] 结束: test_click_all_apps
2026-06-02 00:50:37.057 | INFO     | smoke_conftest | [冒烟测试] 开始: test_click_storage_manager
2026-06-02 00:50:37.057 | INFO     | ui_conftest | 初始化浏览器: type=chrome, headless=False
2026-06-02 00:50:38.773 | INFO     | ui_conftest | 浏览器已启动: chrome
2026-06-02 00:50:38.774 | INFO     | TosLoginPage | 打开 TOS 登录页面: http://192.168.64.7:8181
2026-06-02 00:50:38.774 | INFO     | BasePage | 打开页面: http://192.168.64.7:8181
2026-06-02 00:50:38.800 | INFO     | BasePage | 页面已打开: http://192.168.64.7:8181
2026-06-02 00:50:41.807 | DEBUG    | DataLoader | 加载 YAML 数据: /Users/miaoqi/Desktop/test_dev_projects/ui_automation/testcases/smoke/../../testdata/tos_login_data.yaml
2026-06-02 00:50:41.807 | INFO     | TosLoginPage | 执行登录: 用户=test, 保持登录=False
2026-06-02 00:50:41.807 | INFO     | TosLoginPage | 输入用户名: test
2026-06-02 00:50:41.807 | DEBUG    | BasePage | 等待元素可见: ('css selector', "input.Xinput-input__inner[placeholder='用户名']"), 超时: 15s
2026-06-02 00:50:42.362 | DEBUG    | BasePage | 元素已可见: ('css selector', "input.Xinput-input__inner[placeholder='用户名']")
2026-06-02 00:50:42.362 | INFO     | BasePage | 输入文本到元素: ('css selector', "input.Xinput-input__inner[placeholder='用户名']"), 内容: 'test'
2026-06-02 00:50:42.362 | DEBUG    | BasePage | 查找元素: ('css selector', "input.Xinput-input__inner[placeholder='用户名']"), 超时: 10s
2026-06-02 00:50:42.365 | DEBUG    | BasePage | 元素已找到: ('css selector', "input.Xinput-input__inner[placeholder='用户名']")
2026-06-02 00:50:42.377 | DEBUG    | BasePage | 已清空输入框
2026-06-02 00:50:42.462 | INFO     | BasePage | 文本输入成功: 'test'
2026-06-02 00:50:42.462 | INFO     | TosLoginPage | 点击下一步（第一步）
2026-06-02 00:50:42.462 | DEBUG    | BasePage | 查找元素: ('css selector', 'i.iconfont.iconright'), 超时: 10s
2026-06-02 00:50:42.466 | DEBUG    | BasePage | 元素已找到: ('css selector', 'i.iconfont.iconright')
2026-06-02 00:50:42.519 | DEBUG    | BasePage | 等待元素可见: ('css selector', "input.Xinput-input__inner[placeholder='密码']"), 超时: 10s
2026-06-02 00:50:42.527 | DEBUG    | BasePage | 元素已可见: ('css selector', "input.Xinput-input__inner[placeholder='密码']")
2026-06-02 00:50:42.527 | INFO     | TosLoginPage | 输入密码
2026-06-02 00:50:42.527 | DEBUG    | BasePage | 等待元素可见: ('css selector', "input.Xinput-input__inner[placeholder='密码']"), 超时: 10s
2026-06-02 00:50:42.534 | DEBUG    | BasePage | 元素已可见: ('css selector', "input.Xinput-input__inner[placeholder='密码']")
2026-06-02 00:50:42.534 | INFO     | BasePage | 输入文本到元素: ('css selector', "input.Xinput-input__inner[placeholder='密码']"), 内容: 'Admin123'
2026-06-02 00:50:42.534 | DEBUG    | BasePage | 查找元素: ('css selector', "input.Xinput-input__inner[placeholder='密码']"), 超时: 10s
2026-06-02 00:50:42.537 | DEBUG    | BasePage | 元素已找到: ('css selector', "input.Xinput-input__inner[placeholder='密码']")
2026-06-02 00:50:42.546 | DEBUG    | BasePage | 已清空输入框
2026-06-02 00:50:42.606 | INFO     | BasePage | 文本输入成功: 'Admin123'
2026-06-02 00:50:42.606 | INFO     | TosLoginPage | 取消勾选保持登录
2026-06-02 00:50:42.606 | DEBUG    | BasePage | 查找元素: ('css selector', 'input.input_check'), 超时: 5s
2026-06-02 00:50:42.610 | DEBUG    | BasePage | 元素已找到: ('css selector', 'input.input_check')
2026-06-02 00:50:42.615 | INFO     | TosLoginPage | 点击下一步（第二步/登录）
2026-06-02 00:50:42.615 | DEBUG    | BasePage | 查找元素: ('css selector', 'i.iconfont.iconright'), 超时: 10s
2026-06-02 00:50:42.617 | DEBUG    | BasePage | 元素已找到: ('css selector', 'i.iconfont.iconright')
2026-06-02 00:50:47.622 | INFO     | TosLoginPage | 验证登录是否成功...
2026-06-02 00:50:47.626 | INFO     | TosLoginPage | 登录成功：URL 已变为 http://192.168.64.7:8181/tos/#/desktop
2026-06-02 00:50:50.633 | INFO     | TosNavbarPage | 通过名称查找并点击应用: 存储管理
2026-06-02 00:50:52.413 | DEBUG    | TosNavbarPage |   悬浮图标，tooltip='开始'
2026-06-02 00:50:54.188 | DEBUG    | TosNavbarPage |   悬浮图标，tooltip='OpenClaw'
2026-06-02 00:50:55.956 | DEBUG    | TosNavbarPage |   悬浮图标，tooltip='所有应用'
2026-06-02 00:50:57.730 | DEBUG    | TosNavbarPage |   悬浮图标，tooltip='备份'
2026-06-02 00:50:59.519 | DEBUG    | TosNavbarPage |   悬浮图标，tooltip='存储管理'
2026-06-02 00:50:59.519 | INFO     | TosNavbarPage | 找到应用 '存储管理'（tooltip='存储管理'），执行单击打开
2026-06-02 00:51:08.058 | INFO     | BasePage | 截图已保存: /Users/miaoqi/Desktop/test_dev_projects/ui_automation/evidence/after_click_storage_manager_20260602_005107_792675.png
2026-06-02 00:51:08.058 | INFO     | TestTosNavbar | TC_NAVBAR_004 通过：悬浮识别并点击存储管理成功
2026-06-02 00:51:08.328 | INFO     | BasePage | 截图已保存: /Users/miaoqi/Desktop/test_dev_projects/ui_automation/evidence/navbar_test_end_20260602_005108_059852.png
2026-06-02 00:51:08.434 | INFO     | ui_conftest | 浏览器已关闭
2026-06-02 00:51:08.434 | INFO     | smoke_conftest | [冒烟测试] 结束: test_click_storage_manager
2026-06-02 00:51:08.457 | INFO     | smoke_conftest | [冒烟测试] 开始: test_click_terminal
2026-06-02 00:51:08.457 | INFO     | ui_conftest | 初始化浏览器: type=chrome, headless=False
2026-06-02 00:51:09.729 | INFO     | ui_conftest | 浏览器已启动: chrome
2026-06-02 00:51:09.730 | INFO     | TosLoginPage | 打开 TOS 登录页面: http://192.168.64.7:8181
2026-06-02 00:51:09.730 | INFO     | BasePage | 打开页面: http://192.168.64.7:8181
2026-06-02 00:51:09.746 | INFO     | BasePage | 页面已打开: http://192.168.64.7:8181
2026-06-02 00:51:12.759 | DEBUG    | DataLoader | 加载 YAML 数据: /Users/miaoqi/Desktop/test_dev_projects/ui_automation/testcases/smoke/../../testdata/tos_login_data.yaml
2026-06-02 00:51:12.759 | INFO     | TosLoginPage | 执行登录: 用户=test, 保持登录=False
2026-06-02 00:51:12.760 | INFO     | TosLoginPage | 输入用户名: test
2026-06-02 00:51:12.760 | DEBUG    | BasePage | 等待元素可见: ('css selector', "input.Xinput-input__inner[placeholder='用户名']"), 超时: 15s
2026-06-02 00:51:13.923 | DEBUG    | BasePage | 元素已可见: ('css selector', "input.Xinput-input__inner[placeholder='用户名']")
2026-06-02 00:51:13.924 | INFO     | BasePage | 输入文本到元素: ('css selector', "input.Xinput-input__inner[placeholder='用户名']"), 内容: 'test'
2026-06-02 00:51:13.924 | DEBUG    | BasePage | 查找元素: ('css selector', "input.Xinput-input__inner[placeholder='用户名']"), 超时: 10s
2026-06-02 00:51:13.927 | DEBUG    | BasePage | 元素已找到: ('css selector', "input.Xinput-input__inner[placeholder='用户名']")
2026-06-02 00:51:13.941 | DEBUG    | BasePage | 已清空输入框
2026-06-02 00:51:14.025 | INFO     | BasePage | 文本输入成功: 'test'
2026-06-02 00:51:14.025 | INFO     | TosLoginPage | 点击下一步（第一步）
2026-06-02 00:51:14.025 | DEBUG    | BasePage | 查找元素: ('css selector', 'i.iconfont.iconright'), 超时: 10s
2026-06-02 00:51:14.029 | DEBUG    | BasePage | 元素已找到: ('css selector', 'i.iconfont.iconright')
2026-06-02 00:51:14.092 | DEBUG    | BasePage | 等待元素可见: ('css selector', "input.Xinput-input__inner[placeholder='密码']"), 超时: 10s
2026-06-02 00:51:14.105 | DEBUG    | BasePage | 元素已可见: ('css selector', "input.Xinput-input__inner[placeholder='密码']")
2026-06-02 00:51:14.105 | INFO     | TosLoginPage | 输入密码
2026-06-02 00:51:14.105 | DEBUG    | BasePage | 等待元素可见: ('css selector', "input.Xinput-input__inner[placeholder='密码']"), 超时: 10s
2026-06-02 00:51:14.114 | DEBUG    | BasePage | 元素已可见: ('css selector', "input.Xinput-input__inner[placeholder='密码']")
2026-06-02 00:51:14.114 | INFO     | BasePage | 输入文本到元素: ('css selector', "input.Xinput-input__inner[placeholder='密码']"), 内容: 'Admin123'
2026-06-02 00:51:14.114 | DEBUG    | BasePage | 查找元素: ('css selector', "input.Xinput-input__inner[placeholder='密码']"), 超时: 10s
2026-06-02 00:51:14.120 | DEBUG    | BasePage | 元素已找到: ('css selector', "input.Xinput-input__inner[placeholder='密码']")
2026-06-02 00:51:14.133 | DEBUG    | BasePage | 已清空输入框
2026-06-02 00:51:14.193 | INFO     | BasePage | 文本输入成功: 'Admin123'
2026-06-02 00:51:14.193 | INFO     | TosLoginPage | 取消勾选保持登录
2026-06-02 00:51:14.193 | DEBUG    | BasePage | 查找元素: ('css selector', 'input.input_check'), 超时: 5s
2026-06-02 00:51:14.197 | DEBUG    | BasePage | 元素已找到: ('css selector', 'input.input_check')
2026-06-02 00:51:14.201 | INFO     | TosLoginPage | 点击下一步（第二步/登录）
2026-06-02 00:51:14.201 | DEBUG    | BasePage | 查找元素: ('css selector', 'i.iconfont.iconright'), 超时: 10s
2026-06-02 00:51:14.204 | DEBUG    | BasePage | 元素已找到: ('css selector', 'i.iconfont.iconright')
2026-06-02 00:51:19.212 | INFO     | TosLoginPage | 验证登录是否成功...
2026-06-02 00:51:19.222 | INFO     | TosLoginPage | 登录成功：URL 已变为 http://192.168.64.7:8181/tos/#/desktop
2026-06-02 00:51:22.229 | INFO     | TosNavbarPage | 通过名称查找并点击应用: 终端
2026-06-02 00:51:24.003 | DEBUG    | TosNavbarPage |   悬浮图标，tooltip=''
2026-06-02 00:51:25.775 | DEBUG    | TosNavbarPage |   悬浮图标，tooltip=''
2026-06-02 00:51:27.570 | DEBUG    | TosNavbarPage |   悬浮图标，tooltip='终端'
2026-06-02 00:51:27.570 | INFO     | TosNavbarPage | 找到应用 '终端'（tooltip='终端'），执行单击打开
2026-06-02 00:51:36.135 | INFO     | BasePage | 截图已保存: /Users/miaoqi/Desktop/test_dev_projects/ui_automation/evidence/after_click_terminal_20260602_005135_853873.png
2026-06-02 00:51:36.135 | INFO     | TestTosNavbar | TC_NAVBAR_005 通过：悬浮识别并点击终端成功
2026-06-02 00:51:36.406 | INFO     | BasePage | 截图已保存: /Users/miaoqi/Desktop/test_dev_projects/ui_automation/evidence/navbar_test_end_20260602_005136_137081.png
2026-06-02 00:51:36.498 | INFO     | ui_conftest | 浏览器已关闭
2026-06-02 00:51:36.499 | INFO     | smoke_conftest | [冒烟测试] 结束: test_click_terminal
2026-06-02 00:51:36.517 | INFO     | smoke_conftest | [冒烟测试] 开始: test_click_security_advisor
2026-06-02 00:51:36.517 | INFO     | ui_conftest | 初始化浏览器: type=chrome, headless=False
2026-06-02 00:51:37.967 | INFO     | ui_conftest | 浏览器已启动: chrome
2026-06-02 00:51:37.967 | INFO     | TosLoginPage | 打开 TOS 登录页面: http://192.168.64.7:8181
2026-06-02 00:51:37.967 | INFO     | BasePage | 打开页面: http://192.168.64.7:8181
2026-06-02 00:51:37.995 | INFO     | BasePage | 页面已打开: http://192.168.64.7:8181
2026-06-02 00:51:41.003 | DEBUG    | DataLoader | 加载 YAML 数据: /Users/miaoqi/Desktop/test_dev_projects/ui_automation/testcases/smoke/../../testdata/tos_login_data.yaml
2026-06-02 00:51:41.003 | INFO     | TosLoginPage | 执行登录: 用户=test, 保持登录=False
2026-06-02 00:51:41.003 | INFO     | TosLoginPage | 输入用户名: test
2026-06-02 00:51:41.003 | DEBUG    | BasePage | 等待元素可见: ('css selector', "input.Xinput-input__inner[placeholder='用户名']"), 超时: 15s
2026-06-02 00:51:41.673 | DEBUG    | BasePage | 元素已可见: ('css selector', "input.Xinput-input__inner[placeholder='用户名']")
2026-06-02 00:51:41.674 | INFO     | BasePage | 输入文本到元素: ('css selector', "input.Xinput-input__inner[placeholder='用户名']"), 内容: 'test'
2026-06-02 00:51:41.674 | DEBUG    | BasePage | 查找元素: ('css selector', "input.Xinput-input__inner[placeholder='用户名']"), 超时: 10s
2026-06-02 00:51:41.677 | DEBUG    | BasePage | 元素已找到: ('css selector', "input.Xinput-input__inner[placeholder='用户名']")
2026-06-02 00:51:41.691 | DEBUG    | BasePage | 已清空输入框
2026-06-02 00:51:41.783 | INFO     | BasePage | 文本输入成功: 'test'
2026-06-02 00:51:41.783 | INFO     | TosLoginPage | 点击下一步（第一步）
2026-06-02 00:51:41.783 | DEBUG    | BasePage | 查找元素: ('css selector', 'i.iconfont.iconright'), 超时: 10s
2026-06-02 00:51:41.789 | DEBUG    | BasePage | 元素已找到: ('css selector', 'i.iconfont.iconright')
2026-06-02 00:51:41.806 | DEBUG    | BasePage | 等待元素可见: ('css selector', "input.Xinput-input__inner[placeholder='密码']"), 超时: 10s
2026-06-02 00:51:41.823 | DEBUG    | BasePage | 元素已可见: ('css selector', "input.Xinput-input__inner[placeholder='密码']")
2026-06-02 00:51:41.823 | INFO     | TosLoginPage | 输入密码
2026-06-02 00:51:41.823 | DEBUG    | BasePage | 等待元素可见: ('css selector', "input.Xinput-input__inner[placeholder='密码']"), 超时: 10s
2026-06-02 00:51:41.833 | DEBUG    | BasePage | 元素已可见: ('css selector', "input.Xinput-input__inner[placeholder='密码']")
2026-06-02 00:51:41.833 | INFO     | BasePage | 输入文本到元素: ('css selector', "input.Xinput-input__inner[placeholder='密码']"), 内容: 'Admin123'
2026-06-02 00:51:41.833 | DEBUG    | BasePage | 查找元素: ('css selector', "input.Xinput-input__inner[placeholder='密码']"), 超时: 10s
2026-06-02 00:51:41.838 | DEBUG    | BasePage | 元素已找到: ('css selector', "input.Xinput-input__inner[placeholder='密码']")
2026-06-02 00:51:41.847 | DEBUG    | BasePage | 已清空输入框
2026-06-02 00:51:41.917 | INFO     | BasePage | 文本输入成功: 'Admin123'
2026-06-02 00:51:41.917 | INFO     | TosLoginPage | 取消勾选保持登录
2026-06-02 00:51:41.917 | DEBUG    | BasePage | 查找元素: ('css selector', 'input.input_check'), 超时: 5s
2026-06-02 00:51:41.924 | DEBUG    | BasePage | 元素已找到: ('css selector', 'input.input_check')
2026-06-02 00:51:41.929 | INFO     | TosLoginPage | 点击下一步（第二步/登录）
2026-06-02 00:51:41.929 | DEBUG    | BasePage | 查找元素: ('css selector', 'i.iconfont.iconright'), 超时: 10s
2026-06-02 00:51:41.933 | DEBUG    | BasePage | 元素已找到: ('css selector', 'i.iconfont.iconright')
2026-06-02 00:51:46.950 | INFO     | TosLoginPage | 验证登录是否成功...
2026-06-02 00:51:46.970 | INFO     | TosLoginPage | 登录成功：URL 已变为 http://192.168.64.7:8181/tos/#/desktop
2026-06-02 00:51:49.973 | INFO     | TosNavbarPage | 通过名称查找并点击应用: 安全顾问
2026-06-02 00:51:51.753 | DEBUG    | TosNavbarPage |   悬浮图标，tooltip='开始'
2026-06-02 00:51:53.525 | DEBUG    | TosNavbarPage |   悬浮图标，tooltip='所有应用'
2026-06-02 00:51:55.301 | DEBUG    | TosNavbarPage |   悬浮图标，tooltip='文件管理'
2026-06-02 00:51:57.080 | DEBUG    | TosNavbarPage |   悬浮图标，tooltip='备份'
2026-06-02 00:51:58.858 | DEBUG    | TosNavbarPage |   悬浮图标，tooltip='控制面板'
2026-06-02 00:52:00.655 | DEBUG    | TosNavbarPage |   悬浮图标，tooltip='存储管理'
2026-06-02 00:52:02.438 | DEBUG    | TosNavbarPage |   悬浮图标，tooltip='应用中心'
2026-06-02 00:52:04.222 | DEBUG    | TosNavbarPage |   悬浮图标，tooltip='终端'
2026-06-02 00:52:06.004 | DEBUG    | TosNavbarPage |   悬浮图标，tooltip='安全顾问'
2026-06-02 00:52:06.004 | INFO     | TosNavbarPage | 找到应用 '安全顾问'（tooltip='安全顾问'），执行单击打开
2026-06-02 00:52:14.553 | INFO     | BasePage | 截图已保存: /Users/miaoqi/Desktop/test_dev_projects/ui_automation/evidence/after_click_security_advisor_20260602_005214_281800.png
2026-06-02 00:52:14.554 | INFO     | TestTosNavbar | TC_NAVBAR_006 通过：悬浮识别并点击安全顾问成功
2026-06-02 00:52:14.830 | INFO     | BasePage | 截图已保存: /Users/miaoqi/Desktop/test_dev_projects/ui_automation/evidence/navbar_test_end_20260602_005214_554907.png
2026-06-02 00:52:14.932 | INFO     | ui_conftest | 浏览器已关闭
2026-06-02 00:52:14.932 | INFO     | smoke_conftest | [冒烟测试] 结束: test_click_security_advisor
2026-06-02 00:52:14.952 | INFO     | smoke_conftest | [冒烟测试] 开始: test_click_control_panel
2026-06-02 00:52:14.953 | INFO     | ui_conftest | 初始化浏览器: type=chrome, headless=False
2026-06-02 00:52:16.147 | INFO     | ui_conftest | 浏览器已启动: chrome
2026-06-02 00:52:16.148 | INFO     | TosLoginPage | 打开 TOS 登录页面: http://192.168.64.7:8181
2026-06-02 00:52:16.148 | INFO     | BasePage | 打开页面: http://192.168.64.7:8181
2026-06-02 00:52:16.174 | INFO     | BasePage | 页面已打开: http://192.168.64.7:8181
2026-06-02 00:52:19.183 | DEBUG    | DataLoader | 加载 YAML 数据: /Users/miaoqi/Desktop/test_dev_projects/ui_automation/testcases/smoke/../../testdata/tos_login_data.yaml
2026-06-02 00:52:19.183 | INFO     | TosLoginPage | 执行登录: 用户=test, 保持登录=False
2026-06-02 00:52:19.183 | INFO     | TosLoginPage | 输入用户名: test
2026-06-02 00:52:19.183 | DEBUG    | BasePage | 等待元素可见: ('css selector', "input.Xinput-input__inner[placeholder='用户名']"), 超时: 15s
2026-06-02 00:52:19.750 | DEBUG    | BasePage | 元素已可见: ('css selector', "input.Xinput-input__inner[placeholder='用户名']")
2026-06-02 00:52:19.750 | INFO     | BasePage | 输入文本到元素: ('css selector', "input.Xinput-input__inner[placeholder='用户名']"), 内容: 'test'
2026-06-02 00:52:19.750 | DEBUG    | BasePage | 查找元素: ('css selector', "input.Xinput-input__inner[placeholder='用户名']"), 超时: 10s
2026-06-02 00:52:19.753 | DEBUG    | BasePage | 元素已找到: ('css selector', "input.Xinput-input__inner[placeholder='用户名']")
2026-06-02 00:52:19.768 | DEBUG    | BasePage | 已清空输入框
2026-06-02 00:52:19.851 | INFO     | BasePage | 文本输入成功: 'test'
2026-06-02 00:52:19.851 | INFO     | TosLoginPage | 点击下一步（第一步）
2026-06-02 00:52:19.851 | DEBUG    | BasePage | 查找元素: ('css selector', 'i.iconfont.iconright'), 超时: 10s
2026-06-02 00:52:19.855 | DEBUG    | BasePage | 元素已找到: ('css selector', 'i.iconfont.iconright')
2026-06-02 00:52:19.904 | DEBUG    | BasePage | 等待元素可见: ('css selector', "input.Xinput-input__inner[placeholder='密码']"), 超时: 10s
2026-06-02 00:52:19.914 | DEBUG    | BasePage | 元素已可见: ('css selector', "input.Xinput-input__inner[placeholder='密码']")
2026-06-02 00:52:19.914 | INFO     | TosLoginPage | 输入密码
2026-06-02 00:52:19.914 | DEBUG    | BasePage | 等待元素可见: ('css selector', "input.Xinput-input__inner[placeholder='密码']"), 超时: 10s
2026-06-02 00:52:19.920 | DEBUG    | BasePage | 元素已可见: ('css selector', "input.Xinput-input__inner[placeholder='密码']")
2026-06-02 00:52:19.920 | INFO     | BasePage | 输入文本到元素: ('css selector', "input.Xinput-input__inner[placeholder='密码']"), 内容: 'Admin123'
2026-06-02 00:52:19.920 | DEBUG    | BasePage | 查找元素: ('css selector', "input.Xinput-input__inner[placeholder='密码']"), 超时: 10s
2026-06-02 00:52:19.923 | DEBUG    | BasePage | 元素已找到: ('css selector', "input.Xinput-input__inner[placeholder='密码']")
2026-06-02 00:52:19.932 | DEBUG    | BasePage | 已清空输入框
2026-06-02 00:52:19.989 | INFO     | BasePage | 文本输入成功: 'Admin123'
2026-06-02 00:52:19.989 | INFO     | TosLoginPage | 取消勾选保持登录
2026-06-02 00:52:19.989 | DEBUG    | BasePage | 查找元素: ('css selector', 'input.input_check'), 超时: 5s
2026-06-02 00:52:19.993 | DEBUG    | BasePage | 元素已找到: ('css selector', 'input.input_check')
2026-06-02 00:52:19.997 | INFO     | TosLoginPage | 点击下一步（第二步/登录）
2026-06-02 00:52:19.997 | DEBUG    | BasePage | 查找元素: ('css selector', 'i.iconfont.iconright'), 超时: 10s
2026-06-02 00:52:20.000 | DEBUG    | BasePage | 元素已找到: ('css selector', 'i.iconfont.iconright')
2026-06-02 00:52:25.006 | INFO     | TosLoginPage | 验证登录是否成功...
2026-06-02 00:52:25.010 | INFO     | TosLoginPage | 登录成功：URL 已变为 http://192.168.64.7:8181/tos/#/desktop
2026-06-02 00:52:28.011 | INFO     | TosNavbarPage | 通过名称查找并点击应用: 控制面板
2026-06-02 00:52:29.792 | DEBUG    | TosNavbarPage |   悬浮图标，tooltip='开始'
2026-06-02 00:52:31.562 | DEBUG    | TosNavbarPage |   悬浮图标，tooltip='所有应用'
2026-06-02 00:52:33.346 | DEBUG    | TosNavbarPage |   悬浮图标，tooltip='文件管理'
2026-06-02 00:52:35.128 | DEBUG    | TosNavbarPage |   悬浮图标，tooltip='备份'
2026-06-02 00:52:36.903 | DEBUG    | TosNavbarPage |   悬浮图标，tooltip='控制面板'
2026-06-02 00:52:36.903 | INFO     | TosNavbarPage | 找到应用 '控制面板'（tooltip='控制面板'），执行单击打开
2026-06-02 00:52:45.442 | INFO     | BasePage | 截图已保存: /Users/miaoqi/Desktop/test_dev_projects/ui_automation/evidence/after_click_control_panel_20260602_005245_179243.png
2026-06-02 00:52:45.442 | INFO     | TestTosNavbar | TC_NAVBAR_007 通过：悬浮识别并点击控制面板成功
2026-06-02 00:52:45.692 | INFO     | BasePage | 截图已保存: /Users/miaoqi/Desktop/test_dev_projects/ui_automation/evidence/navbar_test_end_20260602_005245_445345.png
2026-06-02 00:52:45.796 | INFO     | ui_conftest | 浏览器已关闭
2026-06-02 00:52:45.796 | INFO     | smoke_conftest | [冒烟测试] 结束: test_click_control_panel
2026-06-02 01:17:22.592 | INFO     | ui_conftest | 测试环境 URL: http://192.168.64.7:8181
2026-06-02 01:17:22.593 | INFO     | smoke_conftest | [冒烟测试] 开始: test_context_menu_appears
2026-06-02 01:17:22.593 | INFO     | ui_conftest | 初始化浏览器: type=chrome, headless=False
2026-06-02 01:17:24.317 | INFO     | ui_conftest | 浏览器已启动: chrome
2026-06-02 01:17:24.318 | INFO     | TosLoginPage | 打开 TOS 登录页面: http://192.168.64.7:8181
2026-06-02 01:17:24.319 | INFO     | BasePage | 打开页面: http://192.168.64.7:8181
2026-06-02 01:17:24.484 | INFO     | BasePage | 页面已打开: http://192.168.64.7:8181
2026-06-02 01:17:27.488 | DEBUG    | DataLoader | 加载 YAML 数据: /Users/miaoqi/Desktop/test_dev_projects/ui_automation/testcases/smoke/../../testdata/tos_login_data.yaml
2026-06-02 01:17:27.488 | INFO     | TosLoginPage | 执行登录: 用户=test, 保持登录=False
2026-06-02 01:17:27.488 | INFO     | TosLoginPage | 输入用户名: test
2026-06-02 01:17:27.489 | DEBUG    | BasePage | 等待元素可见: ('css selector', "input.Xinput-input__inner[placeholder='用户名']"), 超时: 15s
2026-06-02 01:17:28.503 | DEBUG    | BasePage | 元素已可见: ('css selector', "input.Xinput-input__inner[placeholder='用户名']")
2026-06-02 01:17:28.503 | INFO     | BasePage | 输入文本到元素: ('css selector', "input.Xinput-input__inner[placeholder='用户名']"), 内容: 'test'
2026-06-02 01:17:28.503 | DEBUG    | BasePage | 查找元素: ('css selector', "input.Xinput-input__inner[placeholder='用户名']"), 超时: 10s
2026-06-02 01:17:28.506 | DEBUG    | BasePage | 元素已找到: ('css selector', "input.Xinput-input__inner[placeholder='用户名']")
2026-06-02 01:17:28.518 | DEBUG    | BasePage | 已清空输入框
2026-06-02 01:17:28.615 | INFO     | BasePage | 文本输入成功: 'test'
2026-06-02 01:17:28.615 | INFO     | TosLoginPage | 点击下一步（第一步）
2026-06-02 01:17:28.615 | DEBUG    | BasePage | 查找元素: ('css selector', 'i.iconfont.iconright'), 超时: 10s
2026-06-02 01:17:28.619 | DEBUG    | BasePage | 元素已找到: ('css selector', 'i.iconfont.iconright')
2026-06-02 01:17:28.755 | DEBUG    | BasePage | 等待元素可见: ('css selector', "input.Xinput-input__inner[placeholder='密码']"), 超时: 10s
2026-06-02 01:17:28.769 | DEBUG    | BasePage | 元素已可见: ('css selector', "input.Xinput-input__inner[placeholder='密码']")
2026-06-02 01:17:28.769 | INFO     | TosLoginPage | 输入密码
2026-06-02 01:17:28.769 | DEBUG    | BasePage | 等待元素可见: ('css selector', "input.Xinput-input__inner[placeholder='密码']"), 超时: 10s
2026-06-02 01:17:28.777 | DEBUG    | BasePage | 元素已可见: ('css selector', "input.Xinput-input__inner[placeholder='密码']")
2026-06-02 01:17:28.777 | INFO     | BasePage | 输入文本到元素: ('css selector', "input.Xinput-input__inner[placeholder='密码']"), 内容: 'Admin123'
2026-06-02 01:17:28.777 | DEBUG    | BasePage | 查找元素: ('css selector', "input.Xinput-input__inner[placeholder='密码']"), 超时: 10s
2026-06-02 01:17:28.780 | DEBUG    | BasePage | 元素已找到: ('css selector', "input.Xinput-input__inner[placeholder='密码']")
2026-06-02 01:17:28.789 | DEBUG    | BasePage | 已清空输入框
2026-06-02 01:17:28.858 | INFO     | BasePage | 文本输入成功: 'Admin123'
2026-06-02 01:17:28.858 | INFO     | TosLoginPage | 取消勾选保持登录
2026-06-02 01:17:28.859 | DEBUG    | BasePage | 查找元素: ('css selector', 'input.input_check'), 超时: 5s
2026-06-02 01:17:28.862 | DEBUG    | BasePage | 元素已找到: ('css selector', 'input.input_check')
2026-06-02 01:17:28.866 | INFO     | TosLoginPage | 点击下一步（第二步/登录）
2026-06-02 01:17:28.866 | DEBUG    | BasePage | 查找元素: ('css selector', 'i.iconfont.iconright'), 超时: 10s
2026-06-02 01:17:28.876 | DEBUG    | BasePage | 元素已找到: ('css selector', 'i.iconfont.iconright')
2026-06-02 01:17:33.879 | INFO     | TosLoginPage | 验证登录是否成功...
2026-06-02 01:17:33.889 | INFO     | TosLoginPage | 登录成功：URL 已变为 http://192.168.64.7:8181/tos/#/desktop
2026-06-02 01:17:36.892 | INFO     | TosDesktopPage | 在桌面空白区域执行右键操作
2026-06-02 01:17:36.893 | DEBUG    | BasePage | 查找元素: ('css selector', 'div.desktop_icons'), 超时: 10s
2026-06-02 01:17:36.897 | DEBUG    | BasePage | 元素已找到: ('css selector', 'div.desktop_icons')
2026-06-02 01:17:38.669 | DEBUG    | BasePage | 判断元素是否可见: ('css selector', 'ul.context-menu-list')
2026-06-02 01:17:38.676 | DEBUG    | BasePage | 元素可见: ('css selector', 'ul.context-menu-list')
2026-06-02 01:17:38.700 | INFO     | TosDesktopPage | 右键菜单项: ['刷新', '用户设置', '创建 URL 快捷方式']
2026-06-02 01:17:39.405 | INFO     | BasePage | 截图已保存: /Users/miaoqi/Desktop/test_dev_projects/ui_automation/evidence/context_menu_visible_20260602_011738_701095.png
2026-06-02 01:17:39.406 | INFO     | TestTosDesktopMenu | TC_DESKTOP_001 通过：右键菜单已弹出，包含 ['刷新', '用户设置', '创建 URL 快捷方式']
2026-06-02 01:17:40.151 | INFO     | BasePage | 截图已保存: /Users/miaoqi/Desktop/test_dev_projects/ui_automation/evidence/desktop_menu_test_end_20260602_011739_409732.png
2026-06-02 01:17:40.293 | INFO     | ui_conftest | 浏览器已关闭
2026-06-02 01:17:40.293 | INFO     | smoke_conftest | [冒烟测试] 结束: test_context_menu_appears
2026-06-02 01:17:40.391 | INFO     | smoke_conftest | [冒烟测试] 开始: test_click_refresh
2026-06-02 01:17:40.391 | INFO     | ui_conftest | 初始化浏览器: type=chrome, headless=False
2026-06-02 01:17:41.534 | INFO     | ui_conftest | 浏览器已启动: chrome
2026-06-02 01:17:41.535 | INFO     | TosLoginPage | 打开 TOS 登录页面: http://192.168.64.7:8181
2026-06-02 01:17:41.535 | INFO     | BasePage | 打开页面: http://192.168.64.7:8181
2026-06-02 01:17:41.559 | INFO     | BasePage | 页面已打开: http://192.168.64.7:8181
2026-06-02 01:17:44.564 | DEBUG    | DataLoader | 加载 YAML 数据: /Users/miaoqi/Desktop/test_dev_projects/ui_automation/testcases/smoke/../../testdata/tos_login_data.yaml
2026-06-02 01:17:44.565 | INFO     | TosLoginPage | 执行登录: 用户=test, 保持登录=False
2026-06-02 01:17:44.565 | INFO     | TosLoginPage | 输入用户名: test
2026-06-02 01:17:44.565 | DEBUG    | BasePage | 等待元素可见: ('css selector', "input.Xinput-input__inner[placeholder='用户名']"), 超时: 15s
2026-06-02 01:17:45.302 | DEBUG    | BasePage | 元素已可见: ('css selector', "input.Xinput-input__inner[placeholder='用户名']")
2026-06-02 01:17:45.302 | INFO     | BasePage | 输入文本到元素: ('css selector', "input.Xinput-input__inner[placeholder='用户名']"), 内容: 'test'
2026-06-02 01:17:45.302 | DEBUG    | BasePage | 查找元素: ('css selector', "input.Xinput-input__inner[placeholder='用户名']"), 超时: 10s
2026-06-02 01:17:45.304 | DEBUG    | BasePage | 元素已找到: ('css selector', "input.Xinput-input__inner[placeholder='用户名']")
2026-06-02 01:17:45.317 | DEBUG    | BasePage | 已清空输入框
2026-06-02 01:17:45.386 | INFO     | BasePage | 文本输入成功: 'test'
2026-06-02 01:17:45.386 | INFO     | TosLoginPage | 点击下一步（第一步）
2026-06-02 01:17:45.386 | DEBUG    | BasePage | 查找元素: ('css selector', 'i.iconfont.iconright'), 超时: 10s
2026-06-02 01:17:45.389 | DEBUG    | BasePage | 元素已找到: ('css selector', 'i.iconfont.iconright')
2026-06-02 01:17:45.439 | DEBUG    | BasePage | 等待元素可见: ('css selector', "input.Xinput-input__inner[placeholder='密码']"), 超时: 10s
2026-06-02 01:17:45.482 | DEBUG    | BasePage | 元素已可见: ('css selector', "input.Xinput-input__inner[placeholder='密码']")
2026-06-02 01:17:45.483 | INFO     | TosLoginPage | 输入密码
2026-06-02 01:17:45.483 | DEBUG    | BasePage | 等待元素可见: ('css selector', "input.Xinput-input__inner[placeholder='密码']"), 超时: 10s
2026-06-02 01:17:45.490 | DEBUG    | BasePage | 元素已可见: ('css selector', "input.Xinput-input__inner[placeholder='密码']")
2026-06-02 01:17:45.490 | INFO     | BasePage | 输入文本到元素: ('css selector', "input.Xinput-input__inner[placeholder='密码']"), 内容: 'Admin123'
2026-06-02 01:17:45.490 | DEBUG    | BasePage | 查找元素: ('css selector', "input.Xinput-input__inner[placeholder='密码']"), 超时: 10s
2026-06-02 01:17:45.492 | DEBUG    | BasePage | 元素已找到: ('css selector', "input.Xinput-input__inner[placeholder='密码']")
2026-06-02 01:17:45.499 | DEBUG    | BasePage | 已清空输入框
2026-06-02 01:17:45.553 | INFO     | BasePage | 文本输入成功: 'Admin123'
2026-06-02 01:17:45.553 | INFO     | TosLoginPage | 取消勾选保持登录
2026-06-02 01:17:45.553 | DEBUG    | BasePage | 查找元素: ('css selector', 'input.input_check'), 超时: 5s
2026-06-02 01:17:45.557 | DEBUG    | BasePage | 元素已找到: ('css selector', 'input.input_check')
2026-06-02 01:17:45.559 | INFO     | TosLoginPage | 点击下一步（第二步/登录）
2026-06-02 01:17:45.559 | DEBUG    | BasePage | 查找元素: ('css selector', 'i.iconfont.iconright'), 超时: 10s
2026-06-02 01:17:45.561 | DEBUG    | BasePage | 元素已找到: ('css selector', 'i.iconfont.iconright')
2026-06-02 01:17:50.569 | INFO     | TosLoginPage | 验证登录是否成功...
2026-06-02 01:17:50.577 | INFO     | TosLoginPage | 登录成功：URL 已变为 http://192.168.64.7:8181/tos/#/desktop
2026-06-02 01:17:53.584 | INFO     | TosDesktopPage | 在桌面空白区域执行右键操作
2026-06-02 01:17:53.584 | DEBUG    | BasePage | 查找元素: ('css selector', 'div.desktop_icons'), 超时: 10s
2026-06-02 01:17:53.588 | DEBUG    | BasePage | 元素已找到: ('css selector', 'div.desktop_icons')
2026-06-02 01:17:55.360 | INFO     | TosDesktopPage | 点击右键菜单项: 刷新
2026-06-02 01:17:55.360 | DEBUG    | BasePage | 查找元素: ('xpath', "//ul[contains(@class,'context-menu-list')]//li[contains(@class,'context-menu-item')]//span[@class='name' and text()='刷新']"), 超时: 5s
2026-06-02 01:17:55.370 | DEBUG    | BasePage | 元素已找到: ('xpath', "//ul[contains(@class,'context-menu-list')]//li[contains(@class,'context-menu-item')]//span[@class='name' and text()='刷新']")
2026-06-02 01:17:58.403 | INFO     | TosDesktopPage | 已执行桌面刷新
2026-06-02 01:18:00.405 | DEBUG    | BasePage | 判断元素是否可见: ('css selector', 'ul.context-menu-list')
2026-06-02 01:18:05.488 | DEBUG    | BasePage | 元素不可见: ('css selector', 'ul.context-menu-list')
2026-06-02 01:18:05.488 | DEBUG    | BasePage | 判断元素是否可见: ('css selector', 'div.desktop_icons')
2026-06-02 01:18:05.492 | DEBUG    | BasePage | 元素可见: ('css selector', 'div.desktop_icons')
2026-06-02 01:18:06.302 | INFO     | BasePage | 截图已保存: /Users/miaoqi/Desktop/test_dev_projects/ui_automation/evidence/after_refresh_20260602_011805_492296.png
2026-06-02 01:18:06.302 | INFO     | TestTosDesktopMenu | TC_DESKTOP_002 通过：桌面刷新成功
2026-06-02 01:18:07.087 | INFO     | BasePage | 截图已保存: /Users/miaoqi/Desktop/test_dev_projects/ui_automation/evidence/desktop_menu_test_end_20260602_011806_305016.png
2026-06-02 01:18:07.177 | INFO     | ui_conftest | 浏览器已关闭
2026-06-02 01:18:07.177 | INFO     | smoke_conftest | [冒烟测试] 结束: test_click_refresh
2026-06-02 01:18:07.245 | INFO     | smoke_conftest | [冒烟测试] 开始: test_click_user_settings
2026-06-02 01:18:07.246 | INFO     | ui_conftest | 初始化浏览器: type=chrome, headless=False
2026-06-02 01:18:08.178 | INFO     | ui_conftest | 浏览器已启动: chrome
2026-06-02 01:18:08.181 | INFO     | TosLoginPage | 打开 TOS 登录页面: http://192.168.64.7:8181
2026-06-02 01:18:08.181 | INFO     | BasePage | 打开页面: http://192.168.64.7:8181
2026-06-02 01:18:08.219 | INFO     | BasePage | 页面已打开: http://192.168.64.7:8181
2026-06-02 01:18:11.228 | DEBUG    | DataLoader | 加载 YAML 数据: /Users/miaoqi/Desktop/test_dev_projects/ui_automation/testcases/smoke/../../testdata/tos_login_data.yaml
2026-06-02 01:18:11.228 | INFO     | TosLoginPage | 执行登录: 用户=test, 保持登录=False
2026-06-02 01:18:11.228 | INFO     | TosLoginPage | 输入用户名: test
2026-06-02 01:18:11.228 | DEBUG    | BasePage | 等待元素可见: ('css selector', "input.Xinput-input__inner[placeholder='用户名']"), 超时: 15s
2026-06-02 01:18:11.880 | DEBUG    | BasePage | 元素已可见: ('css selector', "input.Xinput-input__inner[placeholder='用户名']")
2026-06-02 01:18:11.880 | INFO     | BasePage | 输入文本到元素: ('css selector', "input.Xinput-input__inner[placeholder='用户名']"), 内容: 'test'
2026-06-02 01:18:11.880 | DEBUG    | BasePage | 查找元素: ('css selector', "input.Xinput-input__inner[placeholder='用户名']"), 超时: 10s
2026-06-02 01:18:11.882 | DEBUG    | BasePage | 元素已找到: ('css selector', "input.Xinput-input__inner[placeholder='用户名']")
2026-06-02 01:18:11.892 | DEBUG    | BasePage | 已清空输入框
2026-06-02 01:18:11.958 | INFO     | BasePage | 文本输入成功: 'test'
2026-06-02 01:18:11.958 | INFO     | TosLoginPage | 点击下一步（第一步）
2026-06-02 01:18:11.958 | DEBUG    | BasePage | 查找元素: ('css selector', 'i.iconfont.iconright'), 超时: 10s
2026-06-02 01:18:11.961 | DEBUG    | BasePage | 元素已找到: ('css selector', 'i.iconfont.iconright')
2026-06-02 01:18:12.006 | DEBUG    | BasePage | 等待元素可见: ('css selector', "input.Xinput-input__inner[placeholder='密码']"), 超时: 10s
2026-06-02 01:18:12.013 | DEBUG    | BasePage | 元素已可见: ('css selector', "input.Xinput-input__inner[placeholder='密码']")
2026-06-02 01:18:12.013 | INFO     | TosLoginPage | 输入密码
2026-06-02 01:18:12.013 | DEBUG    | BasePage | 等待元素可见: ('css selector', "input.Xinput-input__inner[placeholder='密码']"), 超时: 10s
2026-06-02 01:18:12.017 | DEBUG    | BasePage | 元素已可见: ('css selector', "input.Xinput-input__inner[placeholder='密码']")
2026-06-02 01:18:12.017 | INFO     | BasePage | 输入文本到元素: ('css selector', "input.Xinput-input__inner[placeholder='密码']"), 内容: 'Admin123'
2026-06-02 01:18:12.017 | DEBUG    | BasePage | 查找元素: ('css selector', "input.Xinput-input__inner[placeholder='密码']"), 超时: 10s
2026-06-02 01:18:12.019 | DEBUG    | BasePage | 元素已找到: ('css selector', "input.Xinput-input__inner[placeholder='密码']")
2026-06-02 01:18:12.025 | DEBUG    | BasePage | 已清空输入框
2026-06-02 01:18:12.080 | INFO     | BasePage | 文本输入成功: 'Admin123'
2026-06-02 01:18:12.080 | INFO     | TosLoginPage | 取消勾选保持登录
2026-06-02 01:18:12.080 | DEBUG    | BasePage | 查找元素: ('css selector', 'input.input_check'), 超时: 5s
2026-06-02 01:18:12.083 | DEBUG    | BasePage | 元素已找到: ('css selector', 'input.input_check')
2026-06-02 01:18:12.086 | INFO     | TosLoginPage | 点击下一步（第二步/登录）
2026-06-02 01:18:12.086 | DEBUG    | BasePage | 查找元素: ('css selector', 'i.iconfont.iconright'), 超时: 10s
2026-06-02 01:18:12.088 | DEBUG    | BasePage | 元素已找到: ('css selector', 'i.iconfont.iconright')
2026-06-02 01:18:17.094 | INFO     | TosLoginPage | 验证登录是否成功...
2026-06-02 01:18:17.101 | INFO     | TosLoginPage | 登录成功：URL 已变为 http://192.168.64.7:8181/tos/#/desktop
2026-06-02 01:18:20.105 | INFO     | TosDesktopPage | 在桌面空白区域执行右键操作
2026-06-02 01:18:20.106 | DEBUG    | BasePage | 查找元素: ('css selector', 'div.desktop_icons'), 超时: 10s
2026-06-02 01:18:20.109 | DEBUG    | BasePage | 元素已找到: ('css selector', 'div.desktop_icons')
2026-06-02 01:18:21.882 | INFO     | TosDesktopPage | 点击右键菜单项: 用户设置
2026-06-02 01:18:21.882 | DEBUG    | BasePage | 查找元素: ('xpath', "//ul[contains(@class,'context-menu-list')]//li[contains(@class,'context-menu-item')]//span[@class='name' and text()='用户设置']"), 超时: 5s
2026-06-02 01:18:21.888 | DEBUG    | BasePage | 元素已找到: ('xpath', "//ul[contains(@class,'context-menu-list')]//li[contains(@class,'context-menu-item')]//span[@class='name' and text()='用户设置']")
2026-06-02 01:18:24.922 | INFO     | TosDesktopPage | 已点击用户设置
2026-06-02 01:18:27.928 | DEBUG    | BasePage | 等待元素可见: ('xpath', "//*[contains(text(),'用户设置') or contains(text(),'账号')]"), 超时: 10s
2026-06-02 01:18:27.943 | DEBUG    | BasePage | 元素已可见: ('xpath', "//*[contains(text(),'用户设置') or contains(text(),'账号')]")
2026-06-02 01:18:28.239 | INFO     | BasePage | 截图已保存: /Users/miaoqi/Desktop/test_dev_projects/ui_automation/evidence/after_user_settings_20260602_011827_943533.png
2026-06-02 01:18:28.239 | INFO     | TestTosDesktopMenu | TC_DESKTOP_003 通过：用户设置界面已打开
2026-06-02 01:18:28.518 | INFO     | BasePage | 截图已保存: /Users/miaoqi/Desktop/test_dev_projects/ui_automation/evidence/desktop_menu_test_end_20260602_011828_243149.png
2026-06-02 01:18:28.601 | INFO     | ui_conftest | 浏览器已关闭
2026-06-02 01:18:28.601 | INFO     | smoke_conftest | [冒烟测试] 结束: test_click_user_settings
